node.exe : npm verbose cli C:\Program Files\nodejs\node.exe C:\Program Files\nodejs\node_modules\npm\bin\npm-cli.js
En C:\Program Files\nodejs\npm.ps1: 29 Carácter: 3
+   & $NODE_EXE $NPM_CLI_JS $args
+   ~~~~~~~~~~~~~~~~~~~~~~~~~~~~~
    + CategoryInfo          : NotSpecified: (npm verbose cli...\bin\npm-cli.js:String) [], RemoteException
    + FullyQualifiedErrorId : NativeCommandError
 
npm info using npm@10.9.2
npm info using node@v22.14.0
npm verbose title npm test
npm verbose argv "test" "--testPathPattern" "germinacion.*editar" "--loglevel" "verbose"
npm verbose logfile logs-max:10 dir:C:\Users\Usuario\AppData\Local\npm-cache\_logs\2025-11-14T19_19_52_354Z-
npm verbose logfile C:\Users\Usuario\AppData\Local\npm-cache\_logs\2025-11-14T19_19_52_354Z-debug-0.log

> my-v0-project@0.1.0 test
> jest

PASS __tests__/app/login/page.test.tsx (10.056 s)
  ÔùÅ Console

    console.error
      Warning: An update to LoginPage inside a test was not wrapped in act(...).
      
      When testing, code that causes React state updates should be wrapped into act(...):
      
      act(() => {
        /* fire events that update state */
      });
      /* assert on the output */
      
      This ensures that you're testing the behavior the user would see in the browser. Learn more at 
https://reactjs.org/link/wrap-tests-with-act
          at LoginPage (C:\Users\Usuario\Documents\GitHub\INIA\inia-frontend-jc\app\login\page.tsx:22:49)

    [0m [90m 47 |[39m       [36mtry[39m {
     [90m 48 |[39m         [36mconst[39m fingerprint [33m=[39m [36mawait[39m getDeviceFingerprint()
    [31m[1m>[22m[39m[90m 49 |[39m         setDeviceFingerprint(fingerprint)
     [90m    |[39m         [31m[1m^[22m[39m
     [90m 50 |[39m         console[33m.[39mlog([32m'­ƒô▒ [Login] Device fingerprint generado'[39m)
     [90m 51 |[39m       } [36mcatch[39m (error) {
     [90m 52 |[39m         console[33m.[39merror([32m'ÔÜá´©Å [Login] Error generando fingerprint:'[39m[33m,[39m error)[0m

      at printWarning (node_modules/.pnpm/react-dom@18.0.0_react@18.0.0/node_modules/react-dom/cjs/react-dom.development.js:86:30)
      at error (node_modules/.pnpm/react-dom@18.0.0_react@18.0.0/node_modules/react-dom/cjs/react-dom.development.js:60:7)
      at warnIfUpdatesNotWrappedWithActDEV 
(node_modules/.pnpm/react-dom@18.0.0_react@18.0.0/node_modules/react-dom/cjs/react-dom.development.js:27381:9)
      at scheduleUpdateOnFiber 
(node_modules/.pnpm/react-dom@18.0.0_react@18.0.0/node_modules/react-dom/cjs/react-dom.development.js:25292:5)
      at dispatchSetState 
(node_modules/.pnpm/react-dom@18.0.0_react@18.0.0/node_modules/react-dom/cjs/react-dom.development.js:17342:16)
      at setDeviceFingerprint (app/login/page.tsx:49:9)

    console.log
      ­ƒô▒ [Login] Device fingerprint generado

      at log (app/login/page.tsx:50:17)

    console.log
      ­ƒô▒ [Login] Device fingerprint generado

      at log (app/login/page.tsx:50:17)

    console.log
      ­ƒô▒ [Login] Device fingerprint generado

      at log (app/login/page.tsx:50:17)

    console.log
      Ô£à [Login] Login exitoso

      at log (app/login/page.tsx:111:15)

    console.log
      ­ƒæñ [Login] Usuario: testuser

      at log (app/login/page.tsx:112:15)

    console.log
      ­ƒöÉ [Login] Tiene 2FA: false

      at log (app/login/page.tsx:113:15)

    console.log
      ­ƒô▒ [Login] Device fingerprint generado

      at log (app/login/page.tsx:50:17)

    console.error
      ÔØî [Login] Error: { message: 'Credenciales inv├ílidas' }

    [0m [90m 134 |[39m
     [90m 135 |[39m     } [36mcatch[39m (error[33m:[39m any) {
    [31m[1m>[22m[39m[90m 136 |[39m       console[33m.[39merror([32m'ÔØî [Login] Error:'[39m[33m,[39m error)
     [90m     |[39m               [31m[1m^[22m[39m
     [90m 137 |[39m       
     [90m 138 |[39m       [36mlet[39m errorMsg [33m=[39m [32m'Error de autenticaci├│n'[39m
     [90m 139 |[39m       [36mlet[39m errorDescription [33m=[39m [32m'Verifica tus credenciales e intenta nuevamente'[39m[0m

      at error (app/login/page.tsx:136:15)

    console.log
      ­ƒô▒ [Login] Device fingerprint generado

      at log (app/login/page.tsx:50:17)

    console.log
      Ô£à [Login] Login exitoso

      at log (app/login/page.tsx:111:15)

    console.error
      ÔØî [Login] Error: TypeError: Cannot read properties of undefined (reading 'nombre')
          at nombre (C:\Users\Usuario\Documents\GitHub\INIA\inia-frontend-jc\app\login\page.tsx:112:55)

    [0m [90m 134 |[39m
     [90m 135 |[39m     } [36mcatch[39m (error[33m:[39m any) {
    [31m[1m>[22m[39m[90m 136 |[39m       console[33m.[39merror([32m'ÔØî [Login] Error:'[39m[33m,[39m error)
     [90m     |[39m               [31m[1m^[22m[39m
     [90m 137 |[39m       
     [90m 138 |[39m       [36mlet[39m errorMsg [33m=[39m [32m'Error de autenticaci├│n'[39m
     [90m 139 |[39m       [36mlet[39m errorDescription [33m=[39m [32m'Verifica tus credenciales e intenta nuevamente'[39m[0m

      at error (app/login/page.tsx:136:15)

    console.error
      Warning: An update to LoginPage inside a test was not wrapped in act(...).
      
      When testing, code that causes React state updates should be wrapped into act(...):
      
      act(() => {
        /* fire events that update state */
      });
      /* assert on the output */
      
      This ensures that you're testing the behavior the user would see in the browser. Learn more at 
https://reactjs.org/link/wrap-tests-with-act
          at LoginPage (C:\Users\Usuario\Documents\GitHub\INIA\inia-frontend-jc\app\login\page.tsx:22:49)

    [0m [90m 47 |[39m       [36mtry[39m {
     [90m 48 |[39m         [36mconst[39m fingerprint [33m=[39m [36mawait[39m getDeviceFingerprint()
    [31m[1m>[22m[39m[90m 49 |[39m         setDeviceFingerprint(fingerprint)
     [90m    |[39m         [31m[1m^[22m[39m
     [90m 50 |[39m         console[33m.[39mlog([32m'­ƒô▒ [Login] Device fingerprint generado'[39m)
     [90m 51 |[39m       } [36mcatch[39m (error) {
     [90m 52 |[39m         console[33m.[39merror([32m'ÔÜá´©Å [Login] Error generando fingerprint:'[39m[33m,[39m error)[0m

      at printWarning (node_modules/.pnpm/react-dom@18.0.0_react@18.0.0/node_modules/react-dom/cjs/react-dom.development.js:86:30)
      at error (node_modules/.pnpm/react-dom@18.0.0_react@18.0.0/node_modules/react-dom/cjs/react-dom.development.js:60:7)
      at warnIfUpdatesNotWrappedWithActDEV 
(node_modules/.pnpm/react-dom@18.0.0_react@18.0.0/node_modules/react-dom/cjs/react-dom.development.js:27381:9)
      at scheduleUpdateOnFiber 
(node_modules/.pnpm/react-dom@18.0.0_react@18.0.0/node_modules/react-dom/cjs/react-dom.development.js:25292:5)
      at dispatchSetState 
(node_modules/.pnpm/react-dom@18.0.0_react@18.0.0/node_modules/react-dom/cjs/react-dom.development.js:17342:16)
      at setDeviceFingerprint (app/login/page.tsx:49:9)

    console.log
      ­ƒô▒ [Login] Device fingerprint generado

      at log (app/login/page.tsx:50:17)

    console.error
      Warning: An update to LoginPage inside a test was not wrapped in act(...).
      
      When testing, code that causes React state updates should be wrapped into act(...):
      
      act(() => {
        /* fire events that update state */
      });
      /* assert on the output */
      
      This ensures that you're testing the behavior the user would see in the browser. Learn more at 
https://reactjs.org/link/wrap-tests-with-act
          at LoginPage (C:\Users\Usuario\Documents\GitHub\INIA\inia-frontend-jc\app\login\page.tsx:22:49)

    [0m [90m 47 |[39m       [36mtry[39m {
     [90m 48 |[39m         [36mconst[39m fingerprint [33m=[39m [36mawait[39m getDeviceFingerprint()
    [31m[1m>[22m[39m[90m 49 |[39m         setDeviceFingerprint(fingerprint)
     [90m    |[39m         [31m[1m^[22m[39m
     [90m 50 |[39m         console[33m.[39mlog([32m'­ƒô▒ [Login] Device fingerprint generado'[39m)
     [90m 51 |[39m       } [36mcatch[39m (error) {
     [90m 52 |[39m         console[33m.[39merror([32m'ÔÜá´©Å [Login] Error generando fingerprint:'[39m[33m,[39m error)[0m

      at printWarning (node_modules/.pnpm/react-dom@18.0.0_react@18.0.0/node_modules/react-dom/cjs/react-dom.development.js:86:30)
      at error (node_modules/.pnpm/react-dom@18.0.0_react@18.0.0/node_modules/react-dom/cjs/react-dom.development.js:60:7)
      at warnIfUpdatesNotWrappedWithActDEV 
(node_modules/.pnpm/react-dom@18.0.0_react@18.0.0/node_modules/react-dom/cjs/react-dom.development.js:27381:9)
      at scheduleUpdateOnFiber 
(node_modules/.pnpm/react-dom@18.0.0_react@18.0.0/node_modules/react-dom/cjs/react-dom.development.js:25292:5)
      at dispatchSetState 
(node_modules/.pnpm/react-dom@18.0.0_react@18.0.0/node_modules/react-dom/cjs/react-dom.development.js:17342:16)
      at setDeviceFingerprint (app/login/page.tsx:49:9)

    console.log
      ­ƒô▒ [Login] Device fingerprint generado

      at log (app/login/page.tsx:50:17)

PASS __tests__/components/germinacion/repeticion-row.test.tsx (13.388 s)
  ÔùÅ Console

    console.log
       RepeticionRow 1: Iniciando validaci├│n para guardar

      at log (components/germinacion/repeticion-row.tsx:103:13)

    console.log
       Datos actuales: {
        numRep: 1,
        normales: [ 40, 35, 25 ],
        anormales: 0,
        duras: 0,
        frescas: 0,
        muertas: 0,
        total: 100
      }

      at log (components/germinacion/repeticion-row.tsx:104:13)

    console.log
       Validaciones pasadas, llamando a onGuardar...

      at log (components/germinacion/repeticion-row.tsx:136:13)

    console.log
       RepeticionRow 1: Guardado exitoso

      at log (components/germinacion/repeticion-row.tsx:141:15)

    console.log
       RepeticionRow 1: Iniciando validaci├│n para guardar

      at log (components/germinacion/repeticion-row.tsx:103:13)

    console.log
       Datos actuales: {
        numRep: 1,
        normales: [ 30, 35, 30 ],
        anormales: 0,
        duras: 0,
        frescas: 0,
        muertas: 0,
        total: 95
      }

      at log (components/germinacion/repeticion-row.tsx:104:13)

    console.log
       Validaciones pasadas, llamando a onGuardar...

      at log (components/germinacion/repeticion-row.tsx:136:13)

    console.log
       RepeticionRow 1: Guardado exitoso

      at log (components/germinacion/repeticion-row.tsx:141:15)

    console.log
       RepeticionRow 1: Iniciando validaci├│n para guardar

      at log (components/germinacion/repeticion-row.tsx:103:13)

    console.log
       Datos actuales: {
        numRep: 1,
        normales: [ 30, 25, 20 ],
        anormales: 10,
        duras: 5,
        frescas: 3,
        muertas: 2,
        total: 95
      }

      at log (components/germinacion/repeticion-row.tsx:104:13)

    console.log
       Validaciones pasadas, llamando a onGuardar...

      at log (components/germinacion/repeticion-row.tsx:136:13)

    console.log
       RepeticionRow 1: Guardado exitoso

      at log (components/germinacion/repeticion-row.tsx:141:15)

    console.log
       RepeticionRow 1: Iniciando validaci├│n para guardar

      at log (components/germinacion/repeticion-row.tsx:103:13)

    console.log
       Datos actuales: {
        numRep: 1,
        normales: [ 50, 48, 0 ],
        anormales: 0,
        duras: 0,
        frescas: 0,
        muertas: 0,
        total: 98
      }

      at log (components/germinacion/repeticion-row.tsx:104:13)

    console.log
       Validaciones pasadas, llamando a onGuardar...

      at log (components/germinacion/repeticion-row.tsx:136:13)

    console.log
       RepeticionRow 1: Guardado exitoso

      at log (components/germinacion/repeticion-row.tsx:141:15)

    console.log
       RepeticionRow 1: Iniciando validaci├│n para guardar

      at log (components/germinacion/repeticion-row.tsx:103:13)

    console.log
       Datos actuales: {
        numRep: 1,
        normales: [ 50, 48, 0 ],
        anormales: 0,
        duras: 0,
        frescas: 0,
        muertas: 0,
        total: 98
      }

      at log (components/germinacion/repeticion-row.tsx:104:13)

    console.log
       Validaciones pasadas, llamando a onGuardar...

      at log (components/germinacion/repeticion-row.tsx:136:13)

    console.error
       RepeticionRow 1: Error al guardar: Error: Error de red
          at Object.<anonymous> 
(C:\Users\Usuario\Documents\GitHub\INIA\inia-frontend-jc\__tests__\components\germinacion\repeticion-row.test.tsx:584:39)
          at Promise.then.completed (C:\Users\Usuario\Documents\GitHub\INIA\inia-frontend-jc\node_modules\.pnpm\jest-circus@29.7.0\no
de_modules\jest-circus\build\utils.js:298:28)
          at new Promise (<anonymous>)
          at callAsyncCircusFn (C:\Users\Usuario\Documents\GitHub\INIA\inia-frontend-jc\node_modules\.pnpm\jest-circus@29.7.0\node_mo
dules\jest-circus\build\utils.js:231:10)
          at _callCircusTest (C:\Users\Usuario\Documents\GitHub\INIA\inia-frontend-jc\node_modules\.pnpm\jest-circus@29.7.0\node_modu
les\jest-circus\build\run.js:316:40)
          at _runTest (C:\Users\Usuario\Documents\GitHub\INIA\inia-frontend-jc\node_modules\.pnpm\jest-circus@29.7.0\node_modules\jes
t-circus\build\run.js:252:3)
          at _runTestsForDescribeBlock (C:\Users\Usuario\Documents\GitHub\INIA\inia-frontend-jc\node_modules\.pnpm\jest-circus@29.7.0
\node_modules\jest-circus\build\run.js:126:9)
          at _runTestsForDescribeBlock (C:\Users\Usuario\Documents\GitHub\INIA\inia-frontend-jc\node_modules\.pnpm\jest-circus@29.7.0
\node_modules\jest-circus\build\run.js:121:9)
          at _runTestsForDescribeBlock (C:\Users\Usuario\Documents\GitHub\INIA\inia-frontend-jc\node_modules\.pnpm\jest-circus@29.7.0
\node_modules\jest-circus\build\run.js:121:9)
          at run (C:\Users\Usuario\Documents\GitHub\INIA\inia-frontend-jc\node_modules\.pnpm\jest-circus@29.7.0\node_modules\jest-cir
cus\build\run.js:71:3)
          at runAndTransformResultsToJestFormat (C:\Users\Usuario\Documents\GitHub\INIA\inia-frontend-jc\node_modules\.pnpm\jest-circ
us@29.7.0\node_modules\jest-circus\build\legacy-code-todo-rewrite\jestAdapterInit.js:122:21)
          at jestAdapter (C:\Users\Usuario\Documents\GitHub\INIA\inia-frontend-jc\node_modules\.pnpm\jest-circus@29.7.0\node_modules\
jest-circus\build\legacy-code-todo-rewrite\jestAdapter.js:79:19)
          at runTestInternal (C:\Users\Usuario\Documents\GitHub\INIA\inia-frontend-jc\node_modules\.pnpm\jest-runner@29.7.0\node_modu
les\jest-runner\build\runTest.js:367:16)
          at runTest (C:\Users\Usuario\Documents\GitHub\INIA\inia-frontend-jc\node_modules\.pnpm\jest-runner@29.7.0\node_modules\jest
-runner\build\runTest.js:444:34)
          at Object.worker (C:\Users\Usuario\Documents\GitHub\INIA\inia-frontend-jc\node_modules\.pnpm\jest-runner@29.7.0\node_module
s\jest-runner\build\testWorker.js:106:12)

    [0m [90m 143 |[39m       setModoEdicion([36mfalse[39m)
     [90m 144 |[39m     } [36mcatch[39m (error) {
    [31m[1m>[22m[39m[90m 145 |[39m       console[33m.[39merror([32m` RepeticionRow ${numeroRepeticion}: Error al 
guardar:`[39m[33m,[39m error)
     [90m     |[39m               [31m[1m^[22m[39m
     [90m 146 |[39m       toast[33m.[39merror([32m`Error al guardar la repetici├│n ${numeroRepeticion}`[39m)
     [90m 147 |[39m     } [36mfinally[39m {
     [90m 148 |[39m       setGuardando([36mfalse[39m)[0m

      at error (components/germinacion/repeticion-row.tsx:145:15)

    console.log
       RepeticionRow 1: Iniciando validaci├│n para guardar

      at log (components/germinacion/repeticion-row.tsx:103:13)

    console.log
       Datos actuales: {
        numRep: 1,
        normales: [ 32, 33, 30 ],
        anormales: 0,
        duras: 0,
        frescas: 0,
        muertas: 0,
        total: 95
      }

      at log (components/germinacion/repeticion-row.tsx:104:13)

    console.log
       Validaciones pasadas, llamando a onGuardar...

      at log (components/germinacion/repeticion-row.tsx:136:13)

    console.log
       RepeticionRow 1: Guardado exitoso

      at log (components/germinacion/repeticion-row.tsx:141:15)

    console.log
       RepeticionRow 1: Iniciando validaci├│n para guardar

      at log (components/germinacion/repeticion-row.tsx:103:13)

    console.log
       Datos actuales: {
        numRep: 1,
        normales: [ 50, 48, 0 ],
        anormales: 0,
        duras: 0,
        frescas: 0,
        muertas: 0,
        total: 98
      }

      at log (components/germinacion/repeticion-row.tsx:104:13)

    console.log
       Validaciones pasadas, llamando a onGuardar...

      at log (components/germinacion/repeticion-row.tsx:136:13)

    console.log
       RepeticionRow 1: Guardado exitoso

      at log (components/germinacion/repeticion-row.tsx:141:15)

    console.log
       RepeticionRow 1: Iniciando validaci├│n para guardar

      at log (components/germinacion/repeticion-row.tsx:103:13)

    console.log
       Datos actuales: {
        numRep: 1,
        normales: [ 10, 20, 30 ],
        anormales: 0,
        duras: 0,
        frescas: 0,
        muertas: 0,
        total: 60
      }

      at log (components/germinacion/repeticion-row.tsx:104:13)

    console.log
       Validaciones pasadas, llamando a onGuardar...

      at log (components/germinacion/repeticion-row.tsx:136:13)

    console.log
       RepeticionRow 1: Guardado exitoso

      at log (components/germinacion/repeticion-row.tsx:141:15)

    console.log
       RepeticionRow 5: Iniciando validaci├│n para guardar

      at log (components/germinacion/repeticion-row.tsx:103:13)

    console.log
       Datos actuales: {
        numRep: 5,
        normales: [ 50, 48, 0 ],
        anormales: 0,
        duras: 0,
        frescas: 0,
        muertas: 0,
        total: 98
      }

      at log (components/germinacion/repeticion-row.tsx:104:13)

    console.log
       Validaciones pasadas, llamando a onGuardar...

      at log (components/germinacion/repeticion-row.tsx:136:13)

    console.log
       RepeticionRow 5: Guardado exitoso

      at log (components/germinacion/repeticion-row.tsx:141:15)

PASS __tests__/app/listado/analisis/germinacion/page.test.tsx (14.322 s)
  ÔùÅ Console

    console.log
      Datos recibidos del backend: [
        {
          analisisID: 1,
          idLote: 100,
          lote: 'LOTE-001',
          especie: 'Trigo',
          estado: 'APROBADO',
          fechaInicio: '2024-01-10',
          valorGerminacionINIA: 95.5,
          valorGerminacionINASE: 94,
          fechaInicioGerm: '2024-01-15',
          fechaFinal: '2024-01-22',
          tienePrefrio: true,
          tienePretratamiento: false,
          cumpleNorma: true,
          activo: true
        },
        {
          analisisID: 2,
          idLote: 101,
          lote: 'LOTE-002',
          especie: 'Ma├¡z',
          estado: 'EN_PROCESO',
          fechaInicio: '2024-01-18',
          valorGerminacionINIA: undefined,
          valorGerminacionINASE: undefined,
          fechaInicioGerm: '2024-01-20',
          fechaFinal: undefined,
          tienePrefrio: false,
          tienePretratamiento: true,
          cumpleNorma: false,
          activo: false
        }
      ]

      at log (app/listado/analisis/germinacion/page.tsx:120:15)

    console.log
      Primera germinaci├│n: {
        analisisID: 1,
        idLote: 100,
        lote: 'LOTE-001',
        especie: 'Trigo',
        estado: 'APROBADO',
        fechaInicio: '2024-01-10',
        valorGerminacionINIA: 95.5,
        valorGerminacionINASE: 94,
        fechaInicioGerm: '2024-01-15',
        fechaFinal: '2024-01-22',
        tienePrefrio: true,
        tienePretratamiento: false,
        cumpleNorma: true,
        activo: true
      }

      at log (app/listado/analisis/germinacion/page.tsx:122:17)

    console.log
      Datos recibidos del backend: [
        {
          analisisID: 1,
          idLote: 100,
          lote: 'LOTE-001',
          especie: 'Trigo',
          estado: 'APROBADO',
          fechaInicio: '2024-01-10',
          valorGerminacionINIA: 95.5,
          valorGerminacionINASE: 94,
          fechaInicioGerm: '2024-01-15',
          fechaFinal: '2024-01-22',
          tienePrefrio: true,
          tienePretratamiento: false,
          cumpleNorma: true,
          activo: true
        },
        {
          analisisID: 2,
          idLote: 101,
          lote: 'LOTE-002',
          especie: 'Ma├¡z',
          estado: 'EN_PROCESO',
          fechaInicio: '2024-01-18',
          valorGerminacionINIA: undefined,
          valorGerminacionINASE: undefined,
          fechaInicioGerm: '2024-01-20',
          fechaFinal: undefined,
          tienePrefrio: false,
          tienePretratamiento: true,
          cumpleNorma: false,
          activo: false
        }
      ]

      at log (app/listado/analisis/germinacion/page.tsx:120:15)

    console.log
      Primera germinaci├│n: {
        analisisID: 1,
        idLote: 100,
        lote: 'LOTE-001',
        especie: 'Trigo',
        estado: 'APROBADO',
        fechaInicio: '2024-01-10',
        valorGerminacionINIA: 95.5,
        valorGerminacionINASE: 94,
        fechaInicioGerm: '2024-01-15',
        fechaFinal: '2024-01-22',
        tienePrefrio: true,
        tienePretratamiento: false,
        cumpleNorma: true,
        activo: true
      }

      at log (app/listado/analisis/germinacion/page.tsx:122:17)

    console.log
      Datos recibidos del backend: [
        {
          analisisID: 1,
          idLote: 100,
          lote: 'LOTE-001',
          especie: 'Trigo',
          estado: 'APROBADO',
          fechaInicio: '2024-01-10',
          valorGerminacionINIA: 95.5,
          valorGerminacionINASE: 94,
          fechaInicioGerm: '2024-01-15',
          fechaFinal: '2024-01-22',
          tienePrefrio: true,
          tienePretratamiento: false,
          cumpleNorma: true,
          activo: true
        },
        {
          analisisID: 2,
          idLote: 101,
          lote: 'LOTE-002',
          especie: 'Ma├¡z',
          estado: 'EN_PROCESO',
          fechaInicio: '2024-01-18',
          valorGerminacionINIA: undefined,
          valorGerminacionINASE: undefined,
          fechaInicioGerm: '2024-01-20',
          fechaFinal: undefined,
          tienePrefrio: false,
          tienePretratamiento: true,
          cumpleNorma: false,
          activo: false
        }
      ]

      at log (app/listado/analisis/germinacion/page.tsx:120:15)

    console.log
      Primera germinaci├│n: {
        analisisID: 1,
        idLote: 100,
        lote: 'LOTE-001',
        especie: 'Trigo',
        estado: 'APROBADO',
        fechaInicio: '2024-01-10',
        valorGerminacionINIA: 95.5,
        valorGerminacionINASE: 94,
        fechaInicioGerm: '2024-01-15',
        fechaFinal: '2024-01-22',
        tienePrefrio: true,
        tienePretratamiento: false,
        cumpleNorma: true,
        activo: true
      }

      at log (app/listado/analisis/germinacion/page.tsx:122:17)

    console.log
      Datos recibidos del backend: [
        {
          analisisID: 1,
          idLote: 100,
          lote: 'LOTE-001',
          especie: 'Trigo',
          estado: 'APROBADO',
          fechaInicio: '2024-01-10',
          valorGerminacionINIA: 95.5,
          valorGerminacionINASE: 94,
          fechaInicioGerm: '2024-01-15',
          fechaFinal: '2024-01-22',
          tienePrefrio: true,
          tienePretratamiento: false,
          cumpleNorma: true,
          activo: true
        },
        {
          analisisID: 2,
          idLote: 101,
          lote: 'LOTE-002',
          especie: 'Ma├¡z',
          estado: 'EN_PROCESO',
          fechaInicio: '2024-01-18',
          valorGerminacionINIA: undefined,
          valorGerminacionINASE: undefined,
          fechaInicioGerm: '2024-01-20',
          fechaFinal: undefined,
          tienePrefrio: false,
          tienePretratamiento: true,
          cumpleNorma: false,
          activo: false
        }
      ]

      at log (app/listado/analisis/germinacion/page.tsx:120:15)

    console.log
      Primera germinaci├│n: {
        analisisID: 1,
        idLote: 100,
        lote: 'LOTE-001',
        especie: 'Trigo',
        estado: 'APROBADO',
        fechaInicio: '2024-01-10',
        valorGerminacionINIA: 95.5,
        valorGerminacionINASE: 94,
        fechaInicioGerm: '2024-01-15',
        fechaFinal: '2024-01-22',
        tienePrefrio: true,
        tienePretratamiento: false,
        cumpleNorma: true,
        activo: true
      }

      at log (app/listado/analisis/germinacion/page.tsx:122:17)

    console.log
      Datos recibidos del backend: [
        {
          analisisID: 1,
          idLote: 100,
          lote: 'LOTE-001',
          especie: 'Trigo',
          estado: 'APROBADO',
          fechaInicio: '2024-01-10',
          valorGerminacionINIA: 95.5,
          valorGerminacionINASE: 94,
          fechaInicioGerm: '2024-01-15',
          fechaFinal: '2024-01-22',
          tienePrefrio: true,
          tienePretratamiento: false,
          cumpleNorma: true,
          activo: true
        },
        {
          analisisID: 2,
          idLote: 101,
          lote: 'LOTE-002',
          especie: 'Ma├¡z',
          estado: 'EN_PROCESO',
          fechaInicio: '2024-01-18',
          valorGerminacionINIA: undefined,
          valorGerminacionINASE: undefined,
          fechaInicioGerm: '2024-01-20',
          fechaFinal: undefined,
          tienePrefrio: false,
          tienePretratamiento: true,
          cumpleNorma: false,
          activo: false
        }
      ]

      at log (app/listado/analisis/germinacion/page.tsx:120:15)

    console.log
      Primera germinaci├│n: {
        analisisID: 1,
        idLote: 100,
        lote: 'LOTE-001',
        especie: 'Trigo',
        estado: 'APROBADO',
        fechaInicio: '2024-01-10',
        valorGerminacionINIA: 95.5,
        valorGerminacionINASE: 94,
        fechaInicioGerm: '2024-01-15',
        fechaFinal: '2024-01-22',
        tienePrefrio: true,
        tienePretratamiento: false,
        cumpleNorma: true,
        activo: true
      }

      at log (app/listado/analisis/germinacion/page.tsx:122:17)

    console.log
      Datos recibidos del backend: [
        {
          analisisID: 1,
          idLote: 100,
          lote: 'LOTE-001',
          especie: 'Trigo',
          estado: 'APROBADO',
          fechaInicio: '2024-01-10',
          valorGerminacionINIA: 95.5,
          valorGerminacionINASE: 94,
          fechaInicioGerm: '2024-01-15',
          fechaFinal: '2024-01-22',
          tienePrefrio: true,
          tienePretratamiento: false,
          cumpleNorma: true,
          activo: true
        },
        {
          analisisID: 2,
          idLote: 101,
          lote: 'LOTE-002',
          especie: 'Ma├¡z',
          estado: 'EN_PROCESO',
          fechaInicio: '2024-01-18',
          valorGerminacionINIA: undefined,
          valorGerminacionINASE: undefined,
          fechaInicioGerm: '2024-01-20',
          fechaFinal: undefined,
          tienePrefrio: false,
          tienePretratamiento: true,
          cumpleNorma: false,
          activo: false
        }
      ]

      at log (app/listado/analisis/germinacion/page.tsx:120:15)

    console.log
      Primera germinaci├│n: {
        analisisID: 1,
        idLote: 100,
        lote: 'LOTE-001',
        especie: 'Trigo',
        estado: 'APROBADO',
        fechaInicio: '2024-01-10',
        valorGerminacionINIA: 95.5,
        valorGerminacionINASE: 94,
        fechaInicioGerm: '2024-01-15',
        fechaFinal: '2024-01-22',
        tienePrefrio: true,
        tienePretratamiento: false,
        cumpleNorma: true,
        activo: true
      }

      at log (app/listado/analisis/germinacion/page.tsx:122:17)

    console.log
      Datos recibidos del backend: [
        {
          analisisID: 1,
          idLote: 100,
          lote: 'LOTE-001',
          especie: 'Trigo',
          estado: 'APROBADO',
          fechaInicio: '2024-01-10',
          valorGerminacionINIA: 95.5,
          valorGerminacionINASE: 94,
          fechaInicioGerm: '2024-01-15',
          fechaFinal: '2024-01-22',
          tienePrefrio: true,
          tienePretratamiento: false,
          cumpleNorma: true,
          activo: true
        },
        {
          analisisID: 2,
          idLote: 101,
          lote: 'LOTE-002',
          especie: 'Ma├¡z',
          estado: 'EN_PROCESO',
          fechaInicio: '2024-01-18',
          valorGerminacionINIA: undefined,
          valorGerminacionINASE: undefined,
          fechaInicioGerm: '2024-01-20',
          fechaFinal: undefined,
          tienePrefrio: false,
          tienePretratamiento: true,
          cumpleNorma: false,
          activo: false
        }
      ]

      at log (app/listado/analisis/germinacion/page.tsx:120:15)

    console.log
      Primera germinaci├│n: {
        analisisID: 1,
        idLote: 100,
        lote: 'LOTE-001',
        especie: 'Trigo',
        estado: 'APROBADO',
        fechaInicio: '2024-01-10',
        valorGerminacionINIA: 95.5,
        valorGerminacionINASE: 94,
        fechaInicioGerm: '2024-01-15',
        fechaFinal: '2024-01-22',
        tienePrefrio: true,
        tienePretratamiento: false,
        cumpleNorma: true,
        activo: true
      }

      at log (app/listado/analisis/germinacion/page.tsx:122:17)

    console.log
      Datos recibidos del backend: [
        {
          analisisID: 1,
          idLote: 100,
          lote: 'LOTE-001',
          especie: 'Trigo',
          estado: 'APROBADO',
          fechaInicio: '2024-01-10',
          valorGerminacionINIA: 95.5,
          valorGerminacionINASE: 94,
          fechaInicioGerm: '2024-01-15',
          fechaFinal: '2024-01-22',
          tienePrefrio: true,
          tienePretratamiento: false,
          cumpleNorma: true,
          activo: true
        },
        {
          analisisID: 2,
          idLote: 101,
          lote: 'LOTE-002',
          especie: 'Ma├¡z',
          estado: 'EN_PROCESO',
          fechaInicio: '2024-01-18',
          valorGerminacionINIA: undefined,
          valorGerminacionINASE: undefined,
          fechaInicioGerm: '2024-01-20',
          fechaFinal: undefined,
          tienePrefrio: false,
          tienePretratamiento: true,
          cumpleNorma: false,
          activo: false
        }
      ]

      at log (app/listado/analisis/germinacion/page.tsx:120:15)

    console.log
      Primera germinaci├│n: {
        analisisID: 1,
        idLote: 100,
        lote: 'LOTE-001',
        especie: 'Trigo',
        estado: 'APROBADO',
        fechaInicio: '2024-01-10',
        valorGerminacionINIA: 95.5,
        valorGerminacionINASE: 94,
        fechaInicioGerm: '2024-01-15',
        fechaFinal: '2024-01-22',
        tienePrefrio: true,
        tienePretratamiento: false,
        cumpleNorma: true,
        activo: true
      }

      at log (app/listado/analisis/germinacion/page.tsx:122:17)

    console.log
      Datos recibidos del backend: [
        {
          analisisID: 1,
          idLote: 100,
          lote: 'LOTE-001',
          especie: 'Trigo',
          estado: 'APROBADO',
          fechaInicio: '2024-01-10',
          valorGerminacionINIA: 95.5,
          valorGerminacionINASE: 94,
          fechaInicioGerm: '2024-01-15',
          fechaFinal: '2024-01-22',
          tienePrefrio: true,
          tienePretratamiento: false,
          cumpleNorma: true,
          activo: true
        },
        {
          analisisID: 2,
          idLote: 101,
          lote: 'LOTE-002',
          especie: 'Ma├¡z',
          estado: 'EN_PROCESO',
          fechaInicio: '2024-01-18',
          valorGerminacionINIA: undefined,
          valorGerminacionINASE: undefined,
          fechaInicioGerm: '2024-01-20',
          fechaFinal: undefined,
          tienePrefrio: false,
          tienePretratamiento: true,
          cumpleNorma: false,
          activo: false
        }
      ]

      at log (app/listado/analisis/germinacion/page.tsx:120:15)

    console.log
      Primera germinaci├│n: {
        analisisID: 1,
        idLote: 100,
        lote: 'LOTE-001',
        especie: 'Trigo',
        estado: 'APROBADO',
        fechaInicio: '2024-01-10',
        valorGerminacionINIA: 95.5,
        valorGerminacionINASE: 94,
        fechaInicioGerm: '2024-01-15',
        fechaFinal: '2024-01-22',
        tienePrefrio: true,
        tienePretratamiento: false,
        cumpleNorma: true,
        activo: true
      }

      at log (app/listado/analisis/germinacion/page.tsx:122:17)

    console.log
      Datos recibidos del backend: [
        {
          analisisID: 1,
          idLote: 100,
          lote: 'LOTE-001',
          especie: 'Trigo',
          estado: 'APROBADO',
          fechaInicio: '2024-01-10',
          valorGerminacionINIA: 95.5,
          valorGerminacionINASE: 94,
          fechaInicioGerm: '2024-01-15',
          fechaFinal: '2024-01-22',
          tienePrefrio: true,
          tienePretratamiento: false,
          cumpleNorma: true,
          activo: true
        },
        {
          analisisID: 2,
          idLote: 101,
          lote: 'LOTE-002',
          especie: 'Ma├¡z',
          estado: 'EN_PROCESO',
          fechaInicio: '2024-01-18',
          valorGerminacionINIA: undefined,
          valorGerminacionINASE: undefined,
          fechaInicioGerm: '2024-01-20',
          fechaFinal: undefined,
          tienePrefrio: false,
          tienePretratamiento: true,
          cumpleNorma: false,
          activo: false
        }
      ]

      at log (app/listado/analisis/germinacion/page.tsx:120:15)

    console.log
      Primera germinaci├│n: {
        analisisID: 1,
        idLote: 100,
        lote: 'LOTE-001',
        especie: 'Trigo',
        estado: 'APROBADO',
        fechaInicio: '2024-01-10',
        valorGerminacionINIA: 95.5,
        valorGerminacionINASE: 94,
        fechaInicioGerm: '2024-01-15',
        fechaFinal: '2024-01-22',
        tienePrefrio: true,
        tienePretratamiento: false,
        cumpleNorma: true,
        activo: true
      }

      at log (app/listado/analisis/germinacion/page.tsx:122:17)

    console.log
      Datos recibidos del backend: [
        {
          analisisID: 1,
          idLote: 100,
          lote: 'LOTE-001',
          especie: 'Trigo',
          estado: 'APROBADO',
          fechaInicio: '2024-01-10',
          valorGerminacionINIA: 95.5,
          valorGerminacionINASE: 94,
          fechaInicioGerm: '2024-01-15',
          fechaFinal: '2024-01-22',
          tienePrefrio: true,
          tienePretratamiento: false,
          cumpleNorma: true,
          activo: true
        },
        {
          analisisID: 2,
          idLote: 101,
          lote: 'LOTE-002',
          especie: 'Ma├¡z',
          estado: 'EN_PROCESO',
          fechaInicio: '2024-01-18',
          valorGerminacionINIA: undefined,
          valorGerminacionINASE: undefined,
          fechaInicioGerm: '2024-01-20',
          fechaFinal: undefined,
          tienePrefrio: false,
          tienePretratamiento: true,
          cumpleNorma: false,
          activo: false
        }
      ]

      at log (app/listado/analisis/germinacion/page.tsx:120:15)

    console.log
      Primera germinaci├│n: {
        analisisID: 1,
        idLote: 100,
        lote: 'LOTE-001',
        especie: 'Trigo',
        estado: 'APROBADO',
        fechaInicio: '2024-01-10',
        valorGerminacionINIA: 95.5,
        valorGerminacionINASE: 94,
        fechaInicioGerm: '2024-01-15',
        fechaFinal: '2024-01-22',
        tienePrefrio: true,
        tienePretratamiento: false,
        cumpleNorma: true,
        activo: true
      }

      at log (app/listado/analisis/germinacion/page.tsx:122:17)

    console.log
      Datos recibidos del backend: [
        {
          analisisID: 1,
          idLote: 100,
          lote: 'LOTE-001',
          especie: 'Trigo',
          estado: 'APROBADO',
          fechaInicio: '2024-01-10',
          valorGerminacionINIA: 95.5,
          valorGerminacionINASE: 94,
          fechaInicioGerm: '2024-01-15',
          fechaFinal: '2024-01-22',
          tienePrefrio: true,
          tienePretratamiento: false,
          cumpleNorma: true,
          activo: true
        },
        {
          analisisID: 2,
          idLote: 101,
          lote: 'LOTE-002',
          especie: 'Ma├¡z',
          estado: 'EN_PROCESO',
          fechaInicio: '2024-01-18',
          valorGerminacionINIA: undefined,
          valorGerminacionINASE: undefined,
          fechaInicioGerm: '2024-01-20',
          fechaFinal: undefined,
          tienePrefrio: false,
          tienePretratamiento: true,
          cumpleNorma: false,
          activo: false
        }
      ]

      at log (app/listado/analisis/germinacion/page.tsx:120:15)

    console.log
      Primera germinaci├│n: {
        analisisID: 1,
        idLote: 100,
        lote: 'LOTE-001',
        especie: 'Trigo',
        estado: 'APROBADO',
        fechaInicio: '2024-01-10',
        valorGerminacionINIA: 95.5,
        valorGerminacionINASE: 94,
        fechaInicioGerm: '2024-01-15',
        fechaFinal: '2024-01-22',
        tienePrefrio: true,
        tienePretratamiento: false,
        cumpleNorma: true,
        activo: true
      }

      at log (app/listado/analisis/germinacion/page.tsx:122:17)

    console.log
      Datos recibidos del backend: [
        {
          analisisID: 1,
          idLote: 100,
          lote: 'LOTE-001',
          especie: 'Trigo',
          estado: 'APROBADO',
          fechaInicio: '2024-01-10',
          valorGerminacionINIA: 95.5,
          valorGerminacionINASE: 94,
          fechaInicioGerm: '2024-01-15',
          fechaFinal: '2024-01-22',
          tienePrefrio: true,
          tienePretratamiento: false,
          cumpleNorma: true,
          activo: true
        },
        {
          analisisID: 2,
          idLote: 101,
          lote: 'LOTE-002',
          especie: 'Ma├¡z',
          estado: 'EN_PROCESO',
          fechaInicio: '2024-01-18',
          valorGerminacionINIA: undefined,
          valorGerminacionINASE: undefined,
          fechaInicioGerm: '2024-01-20',
          fechaFinal: undefined,
          tienePrefrio: false,
          tienePretratamiento: true,
          cumpleNorma: false,
          activo: false
        }
      ]

      at log (app/listado/analisis/germinacion/page.tsx:120:15)

    console.log
      Primera germinaci├│n: {
        analisisID: 1,
        idLote: 100,
        lote: 'LOTE-001',
        especie: 'Trigo',
        estado: 'APROBADO',
        fechaInicio: '2024-01-10',
        valorGerminacionINIA: 95.5,
        valorGerminacionINASE: 94,
        fechaInicioGerm: '2024-01-15',
        fechaFinal: '2024-01-22',
        tienePrefrio: true,
        tienePretratamiento: false,
        cumpleNorma: true,
        activo: true
      }

      at log (app/listado/analisis/germinacion/page.tsx:122:17)

    console.log
      Datos recibidos del backend: [
        {
          analisisID: 1,
          idLote: 100,
          lote: 'LOTE-001',
          especie: 'Trigo',
          estado: 'APROBADO',
          fechaInicio: '2024-01-10',
          valorGerminacionINIA: 95.5,
          valorGerminacionINASE: 94,
          fechaInicioGerm: '2024-01-15',
          fechaFinal: '2024-01-22',
          tienePrefrio: true,
          tienePretratamiento: false,
          cumpleNorma: true,
          activo: true
        },
        {
          analisisID: 2,
          idLote: 101,
          lote: 'LOTE-002',
          especie: 'Ma├¡z',
          estado: 'EN_PROCESO',
          fechaInicio: '2024-01-18',
          valorGerminacionINIA: undefined,
          valorGerminacionINASE: undefined,
          fechaInicioGerm: '2024-01-20',
          fechaFinal: undefined,
          tienePrefrio: false,
          tienePretratamiento: true,
          cumpleNorma: false,
          activo: false
        }
      ]

      at log (app/listado/analisis/germinacion/page.tsx:120:15)

    console.log
      Primera germinaci├│n: {
        analisisID: 1,
        idLote: 100,
        lote: 'LOTE-001',
        especie: 'Trigo',
        estado: 'APROBADO',
        fechaInicio: '2024-01-10',
        valorGerminacionINIA: 95.5,
        valorGerminacionINASE: 94,
        fechaInicioGerm: '2024-01-15',
        fechaFinal: '2024-01-22',
        tienePrefrio: true,
        tienePretratamiento: false,
        cumpleNorma: true,
        activo: true
      }

      at log (app/listado/analisis/germinacion/page.tsx:122:17)

    console.log
      Datos recibidos del backend: [
        {
          analisisID: 1,
          idLote: 100,
          lote: 'LOTE-001',
          especie: 'Trigo',
          estado: 'APROBADO',
          fechaInicio: '2024-01-10',
          valorGerminacionINIA: 95.5,
          valorGerminacionINASE: 94,
          fechaInicioGerm: '2024-01-15',
          fechaFinal: '2024-01-22',
          tienePrefrio: true,
          tienePretratamiento: false,
          cumpleNorma: true,
          activo: true
        },
        {
          analisisID: 2,
          idLote: 101,
          lote: 'LOTE-002',
          especie: 'Ma├¡z',
          estado: 'EN_PROCESO',
          fechaInicio: '2024-01-18',
          valorGerminacionINIA: undefined,
          valorGerminacionINASE: undefined,
          fechaInicioGerm: '2024-01-20',
          fechaFinal: undefined,
          tienePrefrio: false,
          tienePretratamiento: true,
          cumpleNorma: false,
          activo: false
        }
      ]

      at log (app/listado/analisis/germinacion/page.tsx:120:15)

    console.log
      Primera germinaci├│n: {
        analisisID: 1,
        idLote: 100,
        lote: 'LOTE-001',
        especie: 'Trigo',
        estado: 'APROBADO',
        fechaInicio: '2024-01-10',
        valorGerminacionINIA: 95.5,
        valorGerminacionINASE: 94,
        fechaInicioGerm: '2024-01-15',
        fechaFinal: '2024-01-22',
        tienePrefrio: true,
        tienePretratamiento: false,
        cumpleNorma: true,
        activo: true
      }

      at log (app/listado/analisis/germinacion/page.tsx:122:17)

    console.log
      Datos recibidos del backend: [
        {
          analisisID: 1,
          idLote: 100,
          lote: 'LOTE-001',
          especie: 'Trigo',
          estado: 'APROBADO',
          fechaInicio: '2024-01-10',
          valorGerminacionINIA: 95.5,
          valorGerminacionINASE: 94,
          fechaInicioGerm: '2024-01-15',
          fechaFinal: '2024-01-22',
          tienePrefrio: true,
          tienePretratamiento: false,
          cumpleNorma: true,
          activo: true
        },
        {
          analisisID: 2,
          idLote: 101,
          lote: 'LOTE-002',
          especie: 'Ma├¡z',
          estado: 'EN_PROCESO',
          fechaInicio: '2024-01-18',
          valorGerminacionINIA: undefined,
          valorGerminacionINASE: undefined,
          fechaInicioGerm: '2024-01-20',
          fechaFinal: undefined,
          tienePrefrio: false,
          tienePretratamiento: true,
          cumpleNorma: false,
          activo: false
        }
      ]

      at log (app/listado/analisis/germinacion/page.tsx:120:15)

    console.log
      Primera germinaci├│n: {
        analisisID: 1,
        idLote: 100,
        lote: 'LOTE-001',
        especie: 'Trigo',
        estado: 'APROBADO',
        fechaInicio: '2024-01-10',
        valorGerminacionINIA: 95.5,
        valorGerminacionINASE: 94,
        fechaInicioGerm: '2024-01-15',
        fechaFinal: '2024-01-22',
        tienePrefrio: true,
        tienePretratamiento: false,
        cumpleNorma: true,
        activo: true
      }

      at log (app/listado/analisis/germinacion/page.tsx:122:17)

    console.log
      Datos recibidos del backend: [
        {
          analisisID: 1,
          idLote: 100,
          lote: 'LOTE-001',
          especie: 'Trigo',
          estado: 'APROBADO',
          fechaInicio: '2024-01-10',
          valorGerminacionINIA: 95.5,
          valorGerminacionINASE: 94,
          fechaInicioGerm: '2024-01-15',
          fechaFinal: '2024-01-22',
          tienePrefrio: true,
          tienePretratamiento: false,
          cumpleNorma: true,
          activo: true
        },
        {
          analisisID: 2,
          idLote: 101,
          lote: 'LOTE-002',
          especie: 'Ma├¡z',
          estado: 'EN_PROCESO',
          fechaInicio: '2024-01-18',
          valorGerminacionINIA: undefined,
          valorGerminacionINASE: undefined,
          fechaInicioGerm: '2024-01-20',
          fechaFinal: undefined,
          tienePrefrio: false,
          tienePretratamiento: true,
          cumpleNorma: false,
          activo: false
        }
      ]

      at log (app/listado/analisis/germinacion/page.tsx:120:15)

    console.log
      Primera germinaci├│n: {
        analisisID: 1,
        idLote: 100,
        lote: 'LOTE-001',
        especie: 'Trigo',
        estado: 'APROBADO',
        fechaInicio: '2024-01-10',
        valorGerminacionINIA: 95.5,
        valorGerminacionINASE: 94,
        fechaInicioGerm: '2024-01-15',
        fechaFinal: '2024-01-22',
        tienePrefrio: true,
        tienePretratamiento: false,
        cumpleNorma: true,
        activo: true
      }

      at log (app/listado/analisis/germinacion/page.tsx:122:17)

    console.log
      Datos recibidos del backend: [
        {
          analisisID: 1,
          idLote: 100,
          lote: 'LOTE-001',
          especie: 'Trigo',
          estado: 'APROBADO',
          fechaInicio: '2024-01-10',
          valorGerminacionINIA: 95.5,
          valorGerminacionINASE: 94,
          fechaInicioGerm: '2024-01-15',
          fechaFinal: '2024-01-22',
          tienePrefrio: true,
          tienePretratamiento: false,
          cumpleNorma: true,
          activo: true
        },
        {
          analisisID: 2,
          idLote: 101,
          lote: 'LOTE-002',
          especie: 'Ma├¡z',
          estado: 'EN_PROCESO',
          fechaInicio: '2024-01-18',
          valorGerminacionINIA: undefined,
          valorGerminacionINASE: undefined,
          fechaInicioGerm: '2024-01-20',
          fechaFinal: undefined,
          tienePrefrio: false,
          tienePretratamiento: true,
          cumpleNorma: false,
          activo: false
        }
      ]

      at log (app/listado/analisis/germinacion/page.tsx:120:15)

    console.log
      Primera germinaci├│n: {
        analisisID: 1,
        idLote: 100,
        lote: 'LOTE-001',
        especie: 'Trigo',
        estado: 'APROBADO',
        fechaInicio: '2024-01-10',
        valorGerminacionINIA: 95.5,
        valorGerminacionINASE: 94,
        fechaInicioGerm: '2024-01-15',
        fechaFinal: '2024-01-22',
        tienePrefrio: true,
        tienePretratamiento: false,
        cumpleNorma: true,
        activo: true
      }

      at log (app/listado/analisis/germinacion/page.tsx:122:17)

    console.log
      Datos recibidos del backend: [
        {
          analisisID: 1,
          idLote: 100,
          lote: 'LOTE-001',
          especie: 'Trigo',
          estado: 'APROBADO',
          fechaInicio: '2024-01-10',
          valorGerminacionINIA: 95.5,
          valorGerminacionINASE: 94,
          fechaInicioGerm: '2024-01-15',
          fechaFinal: '2024-01-22',
          tienePrefrio: true,
          tienePretratamiento: false,
          cumpleNorma: true,
          activo: true
        },
        {
          analisisID: 2,
          idLote: 101,
          lote: 'LOTE-002',
          especie: 'Ma├¡z',
          estado: 'EN_PROCESO',
          fechaInicio: '2024-01-18',
          valorGerminacionINIA: undefined,
          valorGerminacionINASE: undefined,
          fechaInicioGerm: '2024-01-20',
          fechaFinal: undefined,
          tienePrefrio: false,
          tienePretratamiento: true,
          cumpleNorma: false,
          activo: false
        }
      ]

      at log (app/listado/analisis/germinacion/page.tsx:120:15)

    console.log
      Primera germinaci├│n: {
        analisisID: 1,
        idLote: 100,
        lote: 'LOTE-001',
        especie: 'Trigo',
        estado: 'APROBADO',
        fechaInicio: '2024-01-10',
        valorGerminacionINIA: 95.5,
        valorGerminacionINASE: 94,
        fechaInicioGerm: '2024-01-15',
        fechaFinal: '2024-01-22',
        tienePrefrio: true,
        tienePretratamiento: false,
        cumpleNorma: true,
        activo: true
      }

      at log (app/listado/analisis/germinacion/page.tsx:122:17)

    console.log
      Datos recibidos del backend: [
        {
          analisisID: 1,
          idLote: 100,
          lote: 'LOTE-001',
          especie: 'Trigo',
          estado: 'APROBADO',
          fechaInicio: '2024-01-10',
          valorGerminacionINIA: 95.5,
          valorGerminacionINASE: 94,
          fechaInicioGerm: '2024-01-15',
          fechaFinal: '2024-01-22',
          tienePrefrio: true,
          tienePretratamiento: false,
          cumpleNorma: true,
          activo: true
        },
        {
          analisisID: 2,
          idLote: 101,
          lote: 'LOTE-002',
          especie: 'Ma├¡z',
          estado: 'EN_PROCESO',
          fechaInicio: '2024-01-18',
          valorGerminacionINIA: undefined,
          valorGerminacionINASE: undefined,
          fechaInicioGerm: '2024-01-20',
          fechaFinal: undefined,
          tienePrefrio: false,
          tienePretratamiento: true,
          cumpleNorma: false,
          activo: false
        }
      ]

      at log (app/listado/analisis/germinacion/page.tsx:120:15)

    console.log
      Primera germinaci├│n: {
        analisisID: 1,
        idLote: 100,
        lote: 'LOTE-001',
        especie: 'Trigo',
        estado: 'APROBADO',
        fechaInicio: '2024-01-10',
        valorGerminacionINIA: 95.5,
        valorGerminacionINASE: 94,
        fechaInicioGerm: '2024-01-15',
        fechaFinal: '2024-01-22',
        tienePrefrio: true,
        tienePretratamiento: false,
        cumpleNorma: true,
        activo: true
      }

      at log (app/listado/analisis/germinacion/page.tsx:122:17)

    console.log
      Datos recibidos del backend: [
        {
          analisisID: 1,
          idLote: 100,
          lote: 'LOTE-001',
          especie: 'Trigo',
          estado: 'APROBADO',
          fechaInicio: '2024-01-10',
          valorGerminacionINIA: 95.5,
          valorGerminacionINASE: 94,
          fechaInicioGerm: '2024-01-15',
          fechaFinal: '2024-01-22',
          tienePrefrio: true,
          tienePretratamiento: false,
          cumpleNorma: true,
          activo: true
        },
        {
          analisisID: 2,
          idLote: 101,
          lote: 'LOTE-002',
          especie: 'Ma├¡z',
          estado: 'EN_PROCESO',
          fechaInicio: '2024-01-18',
          valorGerminacionINIA: undefined,
          valorGerminacionINASE: undefined,
          fechaInicioGerm: '2024-01-20',
          fechaFinal: undefined,
          tienePrefrio: false,
          tienePretratamiento: true,
          cumpleNorma: false,
          activo: false
        }
      ]

      at log (app/listado/analisis/germinacion/page.tsx:120:15)

    console.log
      Primera germinaci├│n: {
        analisisID: 1,
        idLote: 100,
        lote: 'LOTE-001',
        especie: 'Trigo',
        estado: 'APROBADO',
        fechaInicio: '2024-01-10',
        valorGerminacionINIA: 95.5,
        valorGerminacionINASE: 94,
        fechaInicioGerm: '2024-01-15',
        fechaFinal: '2024-01-22',
        tienePrefrio: true,
        tienePretratamiento: false,
        cumpleNorma: true,
        activo: true
      }

      at log (app/listado/analisis/germinacion/page.tsx:122:17)

    console.error
      Error al desactivar Germinaci├│n: Error: Error de red
          at Object.<anonymous> 
(C:\Users\Usuario\Documents\GitHub\INIA\inia-frontend-jc\__tests__\app\listado\analisis\germinacion\page.test.tsx:252:49)
          at Promise.then.completed (C:\Users\Usuario\Documents\GitHub\INIA\inia-frontend-jc\node_modules\.pnpm\jest-circus@29.7.0\no
de_modules\jest-circus\build\utils.js:298:28)
          at new Promise (<anonymous>)
          at callAsyncCircusFn (C:\Users\Usuario\Documents\GitHub\INIA\inia-frontend-jc\node_modules\.pnpm\jest-circus@29.7.0\node_mo
dules\jest-circus\build\utils.js:231:10)
          at _callCircusTest (C:\Users\Usuario\Documents\GitHub\INIA\inia-frontend-jc\node_modules\.pnpm\jest-circus@29.7.0\node_modu
les\jest-circus\build\run.js:316:40)
          at _runTest (C:\Users\Usuario\Documents\GitHub\INIA\inia-frontend-jc\node_modules\.pnpm\jest-circus@29.7.0\node_modules\jes
t-circus\build\run.js:252:3)
          at _runTestsForDescribeBlock (C:\Users\Usuario\Documents\GitHub\INIA\inia-frontend-jc\node_modules\.pnpm\jest-circus@29.7.0
\node_modules\jest-circus\build\run.js:126:9)
          at _runTestsForDescribeBlock (C:\Users\Usuario\Documents\GitHub\INIA\inia-frontend-jc\node_modules\.pnpm\jest-circus@29.7.0
\node_modules\jest-circus\build\run.js:121:9)
          at run (C:\Users\Usuario\Documents\GitHub\INIA\inia-frontend-jc\node_modules\.pnpm\jest-circus@29.7.0\node_modules\jest-cir
cus\build\run.js:71:3)
          at runAndTransformResultsToJestFormat (C:\Users\Usuario\Documents\GitHub\INIA\inia-frontend-jc\node_modules\.pnpm\jest-circ
us@29.7.0\node_modules\jest-circus\build\legacy-code-todo-rewrite\jestAdapterInit.js:122:21)
          at jestAdapter (C:\Users\Usuario\Documents\GitHub\INIA\inia-frontend-jc\node_modules\.pnpm\jest-circus@29.7.0\node_modules\
jest-circus\build\legacy-code-todo-rewrite\jestAdapter.js:79:19)
          at runTestInternal (C:\Users\Usuario\Documents\GitHub\INIA\inia-frontend-jc\node_modules\.pnpm\jest-runner@29.7.0\node_modu
les\jest-runner\build\runTest.js:367:16)
          at runTest (C:\Users\Usuario\Documents\GitHub\INIA\inia-frontend-jc\node_modules\.pnpm\jest-runner@29.7.0\node_modules\jest
-runner\build\runTest.js:444:34)
          at Object.worker (C:\Users\Usuario\Documents\GitHub\INIA\inia-frontend-jc\node_modules\.pnpm\jest-runner@29.7.0\node_module
s\jest-runner\build\testWorker.js:106:12)

    [0m [90m 145 |[39m       [36mawait[39m fetchGerminaciones(currentPage)
     [90m 146 |[39m     } [36mcatch[39m (error) {
    [31m[1m>[22m[39m[90m 147 |[39m       console[33m.[39merror([32m"Error al desactivar Germinaci├│n:"[39m[33m,[39m 
error)
     [90m     |[39m               [31m[1m^[22m[39m
     [90m 148 |[39m       toast[33m.[39merror([32m"Error al desactivar el an├ílisis"[39m)
     [90m 149 |[39m     }
     [90m 150 |[39m   }[0m

      at error (app/listado/analisis/germinacion/page.tsx:147:15)

    console.log
      Datos recibidos del backend: [
        {
          analisisID: 1,
          idLote: 100,
          lote: 'LOTE-001',
          especie: 'Trigo',
          estado: 'APROBADO',
          fechaInicio: '2024-01-10',
          valorGerminacionINIA: 95.5,
          valorGerminacionINASE: 94,
          fechaInicioGerm: '2024-01-15',
          fechaFinal: '2024-01-22',
          tienePrefrio: true,
          tienePretratamiento: false,
          cumpleNorma: true,
          activo: true
        },
        {
          analisisID: 2,
          idLote: 101,
          lote: 'LOTE-002',
          especie: 'Ma├¡z',
          estado: 'EN_PROCESO',
          fechaInicio: '2024-01-18',
          valorGerminacionINIA: undefined,
          valorGerminacionINASE: undefined,
          fechaInicioGerm: '2024-01-20',
          fechaFinal: undefined,
          tienePrefrio: false,
          tienePretratamiento: true,
          cumpleNorma: false,
          activo: false
        }
      ]

      at log (app/listado/analisis/germinacion/page.tsx:120:15)

    console.log
      Primera germinaci├│n: {
        analisisID: 1,
        idLote: 100,
        lote: 'LOTE-001',
        especie: 'Trigo',
        estado: 'APROBADO',
        fechaInicio: '2024-01-10',
        valorGerminacionINIA: 95.5,
        valorGerminacionINASE: 94,
        fechaInicioGerm: '2024-01-15',
        fechaFinal: '2024-01-22',
        tienePrefrio: true,
        tienePretratamiento: false,
        cumpleNorma: true,
        activo: true
      }

      at log (app/listado/analisis/germinacion/page.tsx:122:17)

    console.error
      Error al reactivar Germinaci├│n: Error: Error de red
          at Object.<anonymous> 
(C:\Users\Usuario\Documents\GitHub\INIA\inia-frontend-jc\__tests__\app\listado\analisis\germinacion\page.test.tsx:267:46)
          at Promise.then.completed (C:\Users\Usuario\Documents\GitHub\INIA\inia-frontend-jc\node_modules\.pnpm\jest-circus@29.7.0\no
de_modules\jest-circus\build\utils.js:298:28)
          at new Promise (<anonymous>)
          at callAsyncCircusFn (C:\Users\Usuario\Documents\GitHub\INIA\inia-frontend-jc\node_modules\.pnpm\jest-circus@29.7.0\node_mo
dules\jest-circus\build\utils.js:231:10)
          at _callCircusTest (C:\Users\Usuario\Documents\GitHub\INIA\inia-frontend-jc\node_modules\.pnpm\jest-circus@29.7.0\node_modu
les\jest-circus\build\run.js:316:40)
          at _runTest (C:\Users\Usuario\Documents\GitHub\INIA\inia-frontend-jc\node_modules\.pnpm\jest-circus@29.7.0\node_modules\jes
t-circus\build\run.js:252:3)
          at _runTestsForDescribeBlock (C:\Users\Usuario\Documents\GitHub\INIA\inia-frontend-jc\node_modules\.pnpm\jest-circus@29.7.0
\node_modules\jest-circus\build\run.js:126:9)
          at _runTestsForDescribeBlock (C:\Users\Usuario\Documents\GitHub\INIA\inia-frontend-jc\node_modules\.pnpm\jest-circus@29.7.0
\node_modules\jest-circus\build\run.js:121:9)
          at run (C:\Users\Usuario\Documents\GitHub\INIA\inia-frontend-jc\node_modules\.pnpm\jest-circus@29.7.0\node_modules\jest-cir
cus\build\run.js:71:3)
          at runAndTransformResultsToJestFormat (C:\Users\Usuario\Documents\GitHub\INIA\inia-frontend-jc\node_modules\.pnpm\jest-circ
us@29.7.0\node_modules\jest-circus\build\legacy-code-todo-rewrite\jestAdapterInit.js:122:21)
          at jestAdapter (C:\Users\Usuario\Documents\GitHub\INIA\inia-frontend-jc\node_modules\.pnpm\jest-circus@29.7.0\node_modules\
jest-circus\build\legacy-code-todo-rewrite\jestAdapter.js:79:19)
          at runTestInternal (C:\Users\Usuario\Documents\GitHub\INIA\inia-frontend-jc\node_modules\.pnpm\jest-runner@29.7.0\node_modu
les\jest-runner\build\runTest.js:367:16)
          at runTest (C:\Users\Usuario\Documents\GitHub\INIA\inia-frontend-jc\node_modules\.pnpm\jest-runner@29.7.0\node_modules\jest
-runner\build\runTest.js:444:34)
          at Object.worker (C:\Users\Usuario\Documents\GitHub\INIA\inia-frontend-jc\node_modules\.pnpm\jest-runner@29.7.0\node_module
s\jest-runner\build\testWorker.js:106:12)

    [0m [90m 156 |[39m       [36mawait[39m fetchGerminaciones(currentPage)
     [90m 157 |[39m     } [36mcatch[39m (error) {
    [31m[1m>[22m[39m[90m 158 |[39m       console[33m.[39merror([32m"Error al reactivar Germinaci├│n:"[39m[33m,[39m error)
     [90m     |[39m               [31m[1m^[22m[39m
     [90m 159 |[39m       toast[33m.[39merror([32m"Error al reactivar el an├ílisis"[39m)
     [90m 160 |[39m     }
     [90m 161 |[39m   }[0m

      at error (app/listado/analisis/germinacion/page.tsx:158:15)

    console.log
      Datos recibidos del backend: [
        {
          analisisID: 1,
          idLote: 100,
          lote: 'LOTE-001',
          especie: 'Trigo',
          estado: 'APROBADO',
          fechaInicio: '2024-01-10',
          valorGerminacionINIA: 95.5,
          valorGerminacionINASE: 94,
          fechaInicioGerm: '2024-01-15',
          fechaFinal: '2024-01-22',
          tienePrefrio: true,
          tienePretratamiento: false,
          cumpleNorma: true,
          activo: true
        },
        {
          analisisID: 2,
          idLote: 101,
          lote: 'LOTE-002',
          especie: 'Ma├¡z',
          estado: 'EN_PROCESO',
          fechaInicio: '2024-01-18',
          valorGerminacionINIA: undefined,
          valorGerminacionINASE: undefined,
          fechaInicioGerm: '2024-01-20',
          fechaFinal: undefined,
          tienePrefrio: false,
          tienePretratamiento: true,
          cumpleNorma: false,
          activo: false
        }
      ]

      at log (app/listado/analisis/germinacion/page.tsx:120:15)

    console.log
      Primera germinaci├│n: {
        analisisID: 1,
        idLote: 100,
        lote: 'LOTE-001',
        especie: 'Trigo',
        estado: 'APROBADO',
        fechaInicio: '2024-01-10',
        valorGerminacionINIA: 95.5,
        valorGerminacionINASE: 94,
        fechaInicioGerm: '2024-01-15',
        fechaFinal: '2024-01-22',
        tienePrefrio: true,
        tienePretratamiento: false,
        cumpleNorma: true,
        activo: true
      }

      at log (app/listado/analisis/germinacion/page.tsx:122:17)

    console.log
      Datos recibidos del backend: [
        {
          analisisID: 1,
          idLote: 100,
          lote: 'LOTE-001',
          especie: 'Trigo',
          estado: 'APROBADO',
          fechaInicio: '2024-01-10',
          valorGerminacionINIA: 95.5,
          valorGerminacionINASE: 94,
          fechaInicioGerm: '2024-01-15',
          fechaFinal: '2024-01-22',
          tienePrefrio: true,
          tienePretratamiento: false,
          cumpleNorma: true,
          activo: true
        },
        {
          analisisID: 2,
          idLote: 101,
          lote: 'LOTE-002',
          especie: 'Ma├¡z',
          estado: 'EN_PROCESO',
          fechaInicio: '2024-01-18',
          valorGerminacionINIA: undefined,
          valorGerminacionINASE: undefined,
          fechaInicioGerm: '2024-01-20',
          fechaFinal: undefined,
          tienePrefrio: false,
          tienePretratamiento: true,
          cumpleNorma: false,
          activo: false
        }
      ]

      at log (app/listado/analisis/germinacion/page.tsx:120:15)

    console.log
      Primera germinaci├│n: {
        analisisID: 1,
        idLote: 100,
        lote: 'LOTE-001',
        especie: 'Trigo',
        estado: 'APROBADO',
        fechaInicio: '2024-01-10',
        valorGerminacionINIA: 95.5,
        valorGerminacionINASE: 94,
        fechaInicioGerm: '2024-01-15',
        fechaFinal: '2024-01-22',
        tienePrefrio: true,
        tienePretratamiento: false,
        cumpleNorma: true,
        activo: true
      }

      at log (app/listado/analisis/germinacion/page.tsx:122:17)

    console.log
      Datos recibidos del backend: [
        {
          analisisID: 1,
          idLote: 100,
          lote: 'LOTE-001',
          especie: 'Trigo',
          estado: 'APROBADO',
          fechaInicio: '2024-01-10',
          valorGerminacionINIA: 95.5,
          valorGerminacionINASE: 94,
          fechaInicioGerm: '2024-01-15',
          fechaFinal: '2024-01-22',
          tienePrefrio: true,
          tienePretratamiento: false,
          cumpleNorma: true,
          activo: true
        },
        {
          analisisID: 2,
          idLote: 101,
          lote: 'LOTE-002',
          especie: 'Ma├¡z',
          estado: 'EN_PROCESO',
          fechaInicio: '2024-01-18',
          valorGerminacionINIA: undefined,
          valorGerminacionINASE: undefined,
          fechaInicioGerm: '2024-01-20',
          fechaFinal: undefined,
          tienePrefrio: false,
          tienePretratamiento: true,
          cumpleNorma: false,
          activo: false
        }
      ]

      at log (app/listado/analisis/germinacion/page.tsx:120:15)

    console.log
      Primera germinaci├│n: {
        analisisID: 1,
        idLote: 100,
        lote: 'LOTE-001',
        especie: 'Trigo',
        estado: 'APROBADO',
        fechaInicio: '2024-01-10',
        valorGerminacionINIA: 95.5,
        valorGerminacionINASE: 94,
        fechaInicioGerm: '2024-01-15',
        fechaFinal: '2024-01-22',
        tienePrefrio: true,
        tienePretratamiento: false,
        cumpleNorma: true,
        activo: true
      }

      at log (app/listado/analisis/germinacion/page.tsx:122:17)

    console.log
      Datos recibidos del backend: [
        {
          analisisID: 1,
          idLote: 100,
          lote: 'LOTE-001',
          especie: 'Trigo',
          estado: 'APROBADO',
          fechaInicio: '2024-01-10',
          valorGerminacionINIA: 95.5,
          valorGerminacionINASE: 94,
          fechaInicioGerm: '2024-01-15',
          fechaFinal: '2024-01-22',
          tienePrefrio: true,
          tienePretratamiento: false,
          cumpleNorma: true,
          activo: true
        },
        {
          analisisID: 2,
          idLote: 101,
          lote: 'LOTE-002',
          especie: 'Ma├¡z',
          estado: 'EN_PROCESO',
          fechaInicio: '2024-01-18',
          valorGerminacionINIA: undefined,
          valorGerminacionINASE: undefined,
          fechaInicioGerm: '2024-01-20',
          fechaFinal: undefined,
          tienePrefrio: false,
          tienePretratamiento: true,
          cumpleNorma: false,
          activo: false
        }
      ]

      at log (app/listado/analisis/germinacion/page.tsx:120:15)

    console.log
      Primera germinaci├│n: {
        analisisID: 1,
        idLote: 100,
        lote: 'LOTE-001',
        especie: 'Trigo',
        estado: 'APROBADO',
        fechaInicio: '2024-01-10',
        valorGerminacionINIA: 95.5,
        valorGerminacionINASE: 94,
        fechaInicioGerm: '2024-01-15',
        fechaFinal: '2024-01-22',
        tienePrefrio: true,
        tienePretratamiento: false,
        cumpleNorma: true,
        activo: true
      }

      at log (app/listado/analisis/germinacion/page.tsx:122:17)

    console.log
      Datos recibidos del backend: []

      at log (app/listado/analisis/germinacion/page.tsx:120:15)

    console.log
      Datos recibidos del backend: [
        {
          analisisID: 1,
          idLote: 100,
          lote: 'LOTE-001',
          especie: 'Trigo',
          estado: 'APROBADO',
          fechaInicio: '2024-01-10',
          valorGerminacionINIA: 95.5,
          valorGerminacionINASE: 94,
          fechaInicioGerm: '2024-01-15',
          fechaFinal: '2024-01-22',
          tienePrefrio: true,
          tienePretratamiento: false,
          cumpleNorma: true,
          activo: true
        },
        {
          analisisID: 2,
          idLote: 101,
          lote: 'LOTE-002',
          especie: 'Ma├¡z',
          estado: 'EN_PROCESO',
          fechaInicio: '2024-01-18',
          valorGerminacionINIA: undefined,
          valorGerminacionINASE: undefined,
          fechaInicioGerm: '2024-01-20',
          fechaFinal: undefined,
          tienePrefrio: false,
          tienePretratamiento: true,
          cumpleNorma: false,
          activo: false
        }
      ]

      at log (app/listado/analisis/germinacion/page.tsx:120:15)

    console.log
      Primera germinaci├│n: {
        analisisID: 1,
        idLote: 100,
        lote: 'LOTE-001',
        especie: 'Trigo',
        estado: 'APROBADO',
        fechaInicio: '2024-01-10',
        valorGerminacionINIA: 95.5,
        valorGerminacionINASE: 94,
        fechaInicioGerm: '2024-01-15',
        fechaFinal: '2024-01-22',
        tienePrefrio: true,
        tienePretratamiento: false,
        cumpleNorma: true,
        activo: true
      }

      at log (app/listado/analisis/germinacion/page.tsx:122:17)

    console.log
      Datos recibidos del backend: []

      at log (app/listado/analisis/germinacion/page.tsx:120:15)

    console.log
      Datos recibidos del backend: [
        {
          analisisID: 1,
          idLote: 100,
          lote: 'LOTE-001',
          especie: 'Trigo',
          estado: 'APROBADO',
          fechaInicio: '2024-01-10',
          valorGerminacionINIA: 95.5,
          valorGerminacionINASE: 94,
          fechaInicioGerm: '2024-01-15',
          fechaFinal: '2024-01-22',
          tienePrefrio: true,
          tienePretratamiento: false,
          cumpleNorma: true,
          activo: true
        },
        {
          analisisID: 2,
          idLote: 101,
          lote: 'LOTE-002',
          especie: 'Ma├¡z',
          estado: 'EN_PROCESO',
          fechaInicio: '2024-01-18',
          valorGerminacionINIA: undefined,
          valorGerminacionINASE: undefined,
          fechaInicioGerm: '2024-01-20',
          fechaFinal: undefined,
          tienePrefrio: false,
          tienePretratamiento: true,
          cumpleNorma: false,
          activo: false
        }
      ]

      at log (app/listado/analisis/germinacion/page.tsx:120:15)

    console.log
      Primera germinaci├│n: {
        analisisID: 1,
        idLote: 100,
        lote: 'LOTE-001',
        especie: 'Trigo',
        estado: 'APROBADO',
        fechaInicio: '2024-01-10',
        valorGerminacionINIA: 95.5,
        valorGerminacionINASE: 94,
        fechaInicioGerm: '2024-01-15',
        fechaFinal: '2024-01-22',
        tienePrefrio: true,
        tienePretratamiento: false,
        cumpleNorma: true,
        activo: true
      }

      at log (app/listado/analisis/germinacion/page.tsx:122:17)

    console.log
      Datos recibidos del backend: [
        {
          analisisID: 1,
          idLote: 100,
          lote: 'LOTE-001',
          especie: 'Trigo',
          estado: 'PENDIENTE_APROBACION',
          fechaInicio: '2024-01-10',
          valorGerminacionINIA: 95.5,
          valorGerminacionINASE: 94,
          fechaInicioGerm: '2024-01-15',
          fechaFinal: '2024-01-22',
          tienePrefrio: true,
          tienePretratamiento: false,
          cumpleNorma: true,
          activo: true
        },
        {
          analisisID: 2,
          idLote: 101,
          lote: 'LOTE-002',
          especie: 'Ma├¡z',
          estado: 'A_REPETIR',
          fechaInicio: '2024-01-18',
          valorGerminacionINIA: undefined,
          valorGerminacionINASE: undefined,
          fechaInicioGerm: '2024-01-20',
          fechaFinal: undefined,
          tienePrefrio: false,
          tienePretratamiento: true,
          cumpleNorma: false,
          activo: false
        }
      ]

      at log (app/listado/analisis/germinacion/page.tsx:120:15)

    console.log
      Primera germinaci├│n: {
        analisisID: 1,
        idLote: 100,
        lote: 'LOTE-001',
        especie: 'Trigo',
        estado: 'PENDIENTE_APROBACION',
        fechaInicio: '2024-01-10',
        valorGerminacionINIA: 95.5,
        valorGerminacionINASE: 94,
        fechaInicioGerm: '2024-01-15',
        fechaFinal: '2024-01-22',
        tienePrefrio: true,
        tienePretratamiento: false,
        cumpleNorma: true,
        activo: true
      }

      at log (app/listado/analisis/germinacion/page.tsx:122:17)

    console.log
      Datos recibidos del backend: [
        {
          analisisID: 1,
          idLote: 100,
          lote: 'LOTE-001',
          especie: 'Trigo',
          estado: 'APROBADO',
          fechaInicio: '2024-01-10',
          valorGerminacionINIA: 95.5,
          valorGerminacionINASE: 94,
          fechaInicioGerm: '2024-01-15',
          fechaFinal: '2024-01-22',
          tienePrefrio: true,
          tienePretratamiento: false,
          cumpleNorma: true,
          activo: true
        },
        {
          analisisID: 2,
          idLote: 101,
          lote: 'LOTE-002',
          especie: 'Ma├¡z',
          estado: 'EN_PROCESO',
          fechaInicio: '2024-01-18',
          valorGerminacionINIA: undefined,
          valorGerminacionINASE: undefined,
          fechaInicioGerm: '2024-01-20',
          fechaFinal: undefined,
          tienePrefrio: false,
          tienePretratamiento: true,
          cumpleNorma: false,
          activo: false
        }
      ]

      at log (app/listado/analisis/germinacion/page.tsx:120:15)

    console.log
      Primera germinaci├│n: {
        analisisID: 1,
        idLote: 100,
        lote: 'LOTE-001',
        especie: 'Trigo',
        estado: 'APROBADO',
        fechaInicio: '2024-01-10',
        valorGerminacionINIA: 95.5,
        valorGerminacionINASE: 94,
        fechaInicioGerm: '2024-01-15',
        fechaFinal: '2024-01-22',
        tienePrefrio: true,
        tienePretratamiento: false,
        cumpleNorma: true,
        activo: true
      }

      at log (app/listado/analisis/germinacion/page.tsx:122:17)

    console.log
      Datos recibidos del backend: [
        {
          analisisID: 1,
          idLote: 100,
          lote: 'LOTE-001',
          especie: 'Trigo',
          estado: 'APROBADO',
          fechaInicio: '2024-01-10',
          valorGerminacionINIA: 95.5,
          valorGerminacionINASE: 94,
          fechaInicioGerm: '2024-01-15',
          fechaFinal: '2024-01-22',
          tienePrefrio: true,
          tienePretratamiento: false,
          cumpleNorma: true,
          activo: true
        },
        {
          analisisID: 2,
          idLote: 101,
          lote: 'LOTE-002',
          especie: 'Ma├¡z',
          estado: 'EN_PROCESO',
          fechaInicio: '2024-01-18',
          valorGerminacionINIA: undefined,
          valorGerminacionINASE: undefined,
          fechaInicioGerm: '2024-01-20',
          fechaFinal: undefined,
          tienePrefrio: false,
          tienePretratamiento: true,
          cumpleNorma: false,
          activo: false
        }
      ]

      at log (app/listado/analisis/germinacion/page.tsx:120:15)

    console.log
      Primera germinaci├│n: {
        analisisID: 1,
        idLote: 100,
        lote: 'LOTE-001',
        especie: 'Trigo',
        estado: 'APROBADO',
        fechaInicio: '2024-01-10',
        valorGerminacionINIA: 95.5,
        valorGerminacionINASE: 94,
        fechaInicioGerm: '2024-01-15',
        fechaFinal: '2024-01-22',
        tienePrefrio: true,
        tienePretratamiento: false,
        cumpleNorma: true,
        activo: true
      }

      at log (app/listado/analisis/germinacion/page.tsx:122:17)

    console.log
      Datos recibidos del backend: [
        {
          analisisID: 1,
          idLote: 100,
          lote: 'LOTE-001',
          especie: 'Trigo',
          estado: 'APROBADO',
          fechaInicio: '2024-01-10',
          valorGerminacionINIA: 95.5,
          valorGerminacionINASE: 94,
          fechaInicioGerm: '2024-01-15',
          fechaFinal: '2024-01-22',
          tienePrefrio: true,
          tienePretratamiento: false,
          cumpleNorma: true,
          activo: true
        },
        {
          analisisID: 2,
          idLote: 101,
          lote: 'LOTE-002',
          especie: 'Ma├¡z',
          estado: 'EN_PROCESO',
          fechaInicio: '2024-01-18',
          valorGerminacionINIA: undefined,
          valorGerminacionINASE: undefined,
          fechaInicioGerm: '2024-01-20',
          fechaFinal: undefined,
          tienePrefrio: false,
          tienePretratamiento: true,
          cumpleNorma: false,
          activo: false
        }
      ]

      at log (app/listado/analisis/germinacion/page.tsx:120:15)

    console.log
      Primera germinaci├│n: {
        analisisID: 1,
        idLote: 100,
        lote: 'LOTE-001',
        especie: 'Trigo',
        estado: 'APROBADO',
        fechaInicio: '2024-01-10',
        valorGerminacionINIA: 95.5,
        valorGerminacionINASE: 94,
        fechaInicioGerm: '2024-01-15',
        fechaFinal: '2024-01-22',
        tienePrefrio: true,
        tienePretratamiento: false,
        cumpleNorma: true,
        activo: true
      }

      at log (app/listado/analisis/germinacion/page.tsx:122:17)

    console.log
      Datos recibidos del backend: [
        {
          analisisID: 1,
          idLote: 100,
          lote: 'LOTE-001',
          especie: 'Trigo',
          estado: 'APROBADO',
          fechaInicio: '2024-01-10',
          valorGerminacionINIA: 95.5,
          valorGerminacionINASE: 94,
          fechaInicioGerm: '2024-01-15',
          fechaFinal: '2024-01-22',
          tienePrefrio: true,
          tienePretratamiento: false,
          cumpleNorma: true,
          activo: true
        },
        {
          analisisID: 2,
          idLote: 101,
          lote: 'LOTE-002',
          especie: 'Ma├¡z',
          estado: 'EN_PROCESO',
          fechaInicio: '2024-01-18',
          valorGerminacionINIA: undefined,
          valorGerminacionINASE: undefined,
          fechaInicioGerm: '2024-01-20',
          fechaFinal: undefined,
          tienePrefrio: false,
          tienePretratamiento: true,
          cumpleNorma: false,
          activo: false
        }
      ]

      at log (app/listado/analisis/germinacion/page.tsx:120:15)

    console.log
      Primera germinaci├│n: {
        analisisID: 1,
        idLote: 100,
        lote: 'LOTE-001',
        especie: 'Trigo',
        estado: 'APROBADO',
        fechaInicio: '2024-01-10',
        valorGerminacionINIA: 95.5,
        valorGerminacionINASE: 94,
        fechaInicioGerm: '2024-01-15',
        fechaFinal: '2024-01-22',
        tienePrefrio: true,
        tienePretratamiento: false,
        cumpleNorma: true,
        activo: true
      }

      at log (app/listado/analisis/germinacion/page.tsx:122:17)

    console.log
      Datos recibidos del backend: [
        {
          analisisID: 1,
          idLote: 100,
          lote: 'LOTE-001',
          especie: 'Trigo',
          estado: 'APROBADO',
          fechaInicio: '2024-01-10',
          valorGerminacionINIA: 95.5,
          valorGerminacionINASE: 94,
          fechaInicioGerm: '2024-01-15',
          fechaFinal: '2024-01-22',
          tienePrefrio: true,
          tienePretratamiento: false,
          cumpleNorma: true,
          activo: true
        },
        {
          analisisID: 2,
          idLote: 101,
          lote: 'LOTE-002',
          especie: 'Ma├¡z',
          estado: 'EN_PROCESO',
          fechaInicio: '2024-01-18',
          valorGerminacionINIA: undefined,
          valorGerminacionINASE: undefined,
          fechaInicioGerm: '2024-01-20',
          fechaFinal: undefined,
          tienePrefrio: false,
          tienePretratamiento: true,
          cumpleNorma: false,
          activo: false
        }
      ]

      at log (app/listado/analisis/germinacion/page.tsx:120:15)

    console.log
      Primera germinaci├│n: {
        analisisID: 1,
        idLote: 100,
        lote: 'LOTE-001',
        especie: 'Trigo',
        estado: 'APROBADO',
        fechaInicio: '2024-01-10',
        valorGerminacionINIA: 95.5,
        valorGerminacionINASE: 94,
        fechaInicioGerm: '2024-01-15',
        fechaFinal: '2024-01-22',
        tienePrefrio: true,
        tienePretratamiento: false,
        cumpleNorma: true,
        activo: true
      }

      at log (app/listado/analisis/germinacion/page.tsx:122:17)

    console.log
      Datos recibidos del backend: [
        {
          analisisID: 1,
          idLote: 100,
          lote: 'LOTE-001',
          especie: 'Trigo',
          estado: 'APROBADO',
          fechaInicio: '2024-01-10',
          valorGerminacionINIA: 95.5,
          valorGerminacionINASE: 94,
          fechaInicioGerm: '2024-01-15',
          fechaFinal: '2024-01-22',
          tienePrefrio: true,
          tienePretratamiento: false,
          cumpleNorma: true,
          activo: true
        },
        {
          analisisID: 2,
          idLote: 101,
          lote: 'LOTE-002',
          especie: 'Ma├¡z',
          estado: 'EN_PROCESO',
          fechaInicio: '2024-01-18',
          valorGerminacionINIA: undefined,
          valorGerminacionINASE: undefined,
          fechaInicioGerm: '2024-01-20',
          fechaFinal: undefined,
          tienePrefrio: false,
          tienePretratamiento: true,
          cumpleNorma: false,
          activo: false
        }
      ]

      at log (app/listado/analisis/germinacion/page.tsx:120:15)

    console.log
      Primera germinaci├│n: {
        analisisID: 1,
        idLote: 100,
        lote: 'LOTE-001',
        especie: 'Trigo',
        estado: 'APROBADO',
        fechaInicio: '2024-01-10',
        valorGerminacionINIA: 95.5,
        valorGerminacionINASE: 94,
        fechaInicioGerm: '2024-01-15',
        fechaFinal: '2024-01-22',
        tienePrefrio: true,
        tienePretratamiento: false,
        cumpleNorma: true,
        activo: true
      }

      at log (app/listado/analisis/germinacion/page.tsx:122:17)

    console.log
      Datos recibidos del backend: [
        {
          analisisID: 1,
          idLote: 100,
          lote: 'LOTE-001',
          especie: 'Trigo',
          estado: 'APROBADO',
          fechaInicio: '2024-01-10',
          valorGerminacionINIA: 95.5,
          valorGerminacionINASE: 94,
          fechaInicioGerm: '2024-01-15',
          fechaFinal: '2024-01-22',
          tienePrefrio: true,
          tienePretratamiento: false,
          cumpleNorma: true,
          activo: true
        },
        {
          analisisID: 2,
          idLote: 101,
          lote: 'LOTE-002',
          especie: 'Ma├¡z',
          estado: 'EN_PROCESO',
          fechaInicio: '2024-01-18',
          valorGerminacionINIA: undefined,
          valorGerminacionINASE: undefined,
          fechaInicioGerm: '2024-01-20',
          fechaFinal: undefined,
          tienePrefrio: false,
          tienePretratamiento: true,
          cumpleNorma: false,
          activo: false
        }
      ]

      at log (app/listado/analisis/germinacion/page.tsx:120:15)

    console.log
      Primera germinaci├│n: {
        analisisID: 1,
        idLote: 100,
        lote: 'LOTE-001',
        especie: 'Trigo',
        estado: 'APROBADO',
        fechaInicio: '2024-01-10',
        valorGerminacionINIA: 95.5,
        valorGerminacionINASE: 94,
        fechaInicioGerm: '2024-01-15',
        fechaFinal: '2024-01-22',
        tienePrefrio: true,
        tienePretratamiento: false,
        cumpleNorma: true,
        activo: true
      }

      at log (app/listado/analisis/germinacion/page.tsx:122:17)

PASS __tests__/app/registro/analisis/germinacion/formulario-germinacion.test.tsx (15.516 s)
PASS __tests__/components/germinacion/resumen-calculos.test.tsx (15.741 s)
  ÔùÅ Console

    console.log
       API Call: /api/germinacion/1/tabla/1/valores/inia

      at log (app/services/api.ts:10:11)
          at Array.forEach (<anonymous>)

    console.log
       URL completa: http://localhost:8080/api/germinacion/1/tabla/1/valores/inia

      at log (app/services/api.ts:11:11)
          at Array.forEach (<anonymous>)

    console.log
       Headers enviados: { 'Content-Type': 'application/json' }

      at log (app/services/api.ts:19:11)
          at Array.forEach (<anonymous>)

    console.log
       Cargando repeticiones para tabla 1...

      at log (components/germinacion/repeticiones-manager-v2.tsx:43:15)

    console.log
       API Call: /api/germinacion/1/tabla/1/repeticion

      at log (app/services/api.ts:10:11)

    console.log
       URL completa: http://localhost:8080/api/germinacion/1/tabla/1/repeticion

      at log (app/services/api.ts:11:11)

    console.log
       Headers enviados: { 'Content-Type': 'application/json' }

      at log (app/services/api.ts:19:11)

    console.error
      Error: AggregateError
          at Object.dispatchError (C:\Users\Usuario\Documents\GitHub\INIA\inia-frontend-jc\node_modules\.pnpm\jsdom@20.0.3\node_modul
es\jsdom\lib\jsdom\living\xhr\xhr-utils.js:63:19)
          at Request.<anonymous> (C:\Users\Usuario\Documents\GitHub\INIA\inia-frontend-jc\node_modules\.pnpm\jsdom@20.0.3\node_module
s\jsdom\lib\jsdom\living\xhr\XMLHttpRequest-impl.js:655:18)
          at Request.emit (node:events:530:35)
          at ClientRequest.<anonymous> (C:\Users\Usuario\Documents\GitHub\INIA\inia-frontend-jc\node_modules\.pnpm\jsdom@20.0.3\node_
modules\jsdom\lib\jsdom\living\helpers\http-request.js:121:14)
          at ClientRequest.emit (node:events:518:28)
          at emitErrorEvent (node:_http_client:104:11)
          at Socket.socketErrorListener (node:_http_client:518:5)
          at Socket.emit (node:events:518:28)
          at emitErrorNT (node:internal/streams/destroy:170:8)
          at emitErrorCloseNT (node:internal/streams/destroy:129:3)
          at processTicksAndRejections (node:internal/process/task_queues:90:21) {
        type: 'XMLHttpRequest'
      }

      at VirtualConsole.<anonymous> 
(node_modules/.pnpm/jest-environment-jsdom@29.7.0/node_modules/jest-environment-jsdom/build/index.js:63:23)
      at Object.dispatchError (node_modules/.pnpm/jsdom@20.0.3/node_modules/jsdom/lib/jsdom/living/xhr/xhr-utils.js:66:53)
      at Request.<anonymous> (node_modules/.pnpm/jsdom@20.0.3/node_modules/jsdom/lib/jsdom/living/xhr/XMLHttpRequest-impl.js:655:18)
      at ClientRequest.<anonymous> 
(node_modules/.pnpm/jsdom@20.0.3/node_modules/jsdom/lib/jsdom/living/helpers/http-request.js:121:14)

    console.error
       Error de red en /api/germinacion/1/tabla/1/valores/inia: TypeError: Network request failed
          at C:\Users\Usuario\Documents\GitHub\INIA\inia-frontend-jc\node_modules\.pnpm\whatwg-fetch@3.6.20\node_modules\whatwg-fetch
\dist\fetch.umd.js:567:18
          at Timeout.task [as _onTimeout] (C:\Users\Usuario\Documents\GitHub\INIA\inia-frontend-jc\node_modules\.pnpm\jsdom@20.0.3\no
de_modules\jsdom\lib\jsdom\browser\Window.js:520:19)
          at listOnTimeout (node:internal/timers:594:17)
          at processTimers (node:internal/timers:529:7)

    [0m [90m 57 |[39m     [36mreturn[39m contentType[33m?[39m[33m.[39mincludes([32m"application/json"[39m) [33m?[39m 
res[33m.[39mjson() [33m:[39m res[33m.[39mtext()[33m;[39m
     [90m 58 |[39m   } [36mcatch[39m (error) {
    [31m[1m>[22m[39m[90m 59 |[39m     console[33m.[39merror([32m` Error de red en ${endpoint}:`[39m[33m,[39m 
error)[33m;[39m
     [90m    |[39m             [31m[1m^[22m[39m
     [90m 60 |[39m     [36mthrow[39m error[33m;[39m
     [90m 61 |[39m   }
     [90m 62 |[39m }[0m

      at error (app/services/api.ts:59:13)
      at components/germinacion/tablas-germinacion-section.tsx:1170:35

    console.log
       API Call: /api/germinacion/1/tabla/1/valores/inase

      at log (app/services/api.ts:10:11)

    console.log
       URL completa: http://localhost:8080/api/germinacion/1/tabla/1/valores/inase

      at log (app/services/api.ts:11:11)

    console.log
       Headers enviados: { 'Content-Type': 'application/json' }

      at log (app/services/api.ts:19:11)

    console.error
      Error: AggregateError
          at Object.dispatchError (C:\Users\Usuario\Documents\GitHub\INIA\inia-frontend-jc\node_modules\.pnpm\jsdom@20.0.3\node_modul
es\jsdom\lib\jsdom\living\xhr\xhr-utils.js:63:19)
          at Request.<anonymous> (C:\Users\Usuario\Documents\GitHub\INIA\inia-frontend-jc\node_modules\.pnpm\jsdom@20.0.3\node_module
s\jsdom\lib\jsdom\living\xhr\XMLHttpRequest-impl.js:655:18)
          at Request.emit (node:events:530:35)
          at ClientRequest.<anonymous> (C:\Users\Usuario\Documents\GitHub\INIA\inia-frontend-jc\node_modules\.pnpm\jsdom@20.0.3\node_
modules\jsdom\lib\jsdom\living\helpers\http-request.js:121:14)
          at ClientRequest.emit (node:events:518:28)
          at emitErrorEvent (node:_http_client:104:11)
          at Socket.socketErrorListener (node:_http_client:518:5)
          at Socket.emit (node:events:518:28)
          at emitErrorNT (node:internal/streams/destroy:170:8)
          at emitErrorCloseNT (node:internal/streams/destroy:129:3)
          at processTicksAndRejections (node:internal/process/task_queues:90:21) {
        type: 'XMLHttpRequest'
      }

      at VirtualConsole.<anonymous> 
(node_modules/.pnpm/jest-environment-jsdom@29.7.0/node_modules/jest-environment-jsdom/build/index.js:63:23)
      at Object.dispatchError (node_modules/.pnpm/jsdom@20.0.3/node_modules/jsdom/lib/jsdom/living/xhr/xhr-utils.js:66:53)
      at Request.<anonymous> (node_modules/.pnpm/jsdom@20.0.3/node_modules/jsdom/lib/jsdom/living/xhr/XMLHttpRequest-impl.js:655:18)
      at ClientRequest.<anonymous> 
(node_modules/.pnpm/jsdom@20.0.3/node_modules/jsdom/lib/jsdom/living/helpers/http-request.js:121:14)

    console.log
       API Call: /api/germinacion/1/tabla/1/valores/inia

      at log (app/services/api.ts:10:11)
          at Array.forEach (<anonymous>)

    console.log
       URL completa: http://localhost:8080/api/germinacion/1/tabla/1/valores/inia

      at log (app/services/api.ts:11:11)
          at Array.forEach (<anonymous>)

    console.log
       Headers enviados: { 'Content-Type': 'application/json' }

      at log (app/services/api.ts:19:11)
          at Array.forEach (<anonymous>)

    console.error
       Error de red en /api/germinacion/1/tabla/1/repeticion: TypeError: Network request failed
          at C:\Users\Usuario\Documents\GitHub\INIA\inia-frontend-jc\node_modules\.pnpm\whatwg-fetch@3.6.20\node_modules\whatwg-fetch
\dist\fetch.umd.js:567:18
          at Timeout.task [as _onTimeout] (C:\Users\Usuario\Documents\GitHub\INIA\inia-frontend-jc\node_modules\.pnpm\jsdom@20.0.3\no
de_modules\jsdom\lib\jsdom\browser\Window.js:520:19)
          at listOnTimeout (node:internal/timers:594:17)
          at processTimers (node:internal/timers:529:7)

    [0m [90m 57 |[39m     [36mreturn[39m contentType[33m?[39m[33m.[39mincludes([32m"application/json"[39m) [33m?[39m 
res[33m.[39mjson() [33m:[39m res[33m.[39mtext()[33m;[39m
     [90m 58 |[39m   } [36mcatch[39m (error) {
    [31m[1m>[22m[39m[90m 59 |[39m     console[33m.[39merror([32m` Error de red en ${endpoint}:`[39m[33m,[39m 
error)[33m;[39m
     [90m    |[39m             [31m[1m^[22m[39m
     [90m 60 |[39m     [36mthrow[39m error[33m;[39m
     [90m 61 |[39m   }
     [90m 62 |[39m }[0m

      at error (app/services/api.ts:59:13)
      at cargarRepeticiones (components/germinacion/repeticiones-manager-v2.tsx:44:20)

    console.error
      Error cargando repeticiones: TypeError: Network request failed
          at C:\Users\Usuario\Documents\GitHub\INIA\inia-frontend-jc\node_modules\.pnpm\whatwg-fetch@3.6.20\node_modules\whatwg-fetch
\dist\fetch.umd.js:567:18
          at Timeout.task [as _onTimeout] (C:\Users\Usuario\Documents\GitHub\INIA\inia-frontend-jc\node_modules\.pnpm\jsdom@20.0.3\no
de_modules\jsdom\lib\jsdom\browser\Window.js:520:19)
          at listOnTimeout (node:internal/timers:594:17)
          at processTimers (node:internal/timers:529:7)

    [0m [90m 55 |[39m       onRepeticionesUpdated(data)
     [90m 56 |[39m     } [36mcatch[39m (err[33m:[39m any) {
    [31m[1m>[22m[39m[90m 57 |[39m       console[33m.[39merror([32m"Error cargando repeticiones:"[39m[33m,[39m err)
     [90m    |[39m               [31m[1m^[22m[39m
     [90m 58 |[39m       setError(err[33m?[39m[33m.[39mmessage [33m||[39m [32m"Error al cargar repeticiones"[39m)
     [90m 59 |[39m     } [36mfinally[39m {
     [90m 60 |[39m       setLoading([36mfalse[39m)[0m

      at error (components/germinacion/repeticiones-manager-v2.tsx:57:15)

    console.error
      Error: AggregateError
          at Object.dispatchError (C:\Users\Usuario\Documents\GitHub\INIA\inia-frontend-jc\node_modules\.pnpm\jsdom@20.0.3\node_modul
es\jsdom\lib\jsdom\living\xhr\xhr-utils.js:63:19)
          at Request.<anonymous> (C:\Users\Usuario\Documents\GitHub\INIA\inia-frontend-jc\node_modules\.pnpm\jsdom@20.0.3\node_module
s\jsdom\lib\jsdom\living\xhr\XMLHttpRequest-impl.js:655:18)
          at Request.emit (node:events:530:35)
          at ClientRequest.<anonymous> (C:\Users\Usuario\Documents\GitHub\INIA\inia-frontend-jc\node_modules\.pnpm\jsdom@20.0.3\node_
modules\jsdom\lib\jsdom\living\helpers\http-request.js:121:14)
          at ClientRequest.emit (node:events:518:28)
          at emitErrorEvent (node:_http_client:104:11)
          at Socket.socketErrorListener (node:_http_client:518:5)
          at Socket.emit (node:events:518:28)
          at emitErrorNT (node:internal/streams/destroy:170:8)
          at emitErrorCloseNT (node:internal/streams/destroy:129:3)
          at processTicksAndRejections (node:internal/process/task_queues:90:21) {
        type: 'XMLHttpRequest'
      }

      at VirtualConsole.<anonymous> 
(node_modules/.pnpm/jest-environment-jsdom@29.7.0/node_modules/jest-environment-jsdom/build/index.js:63:23)
      at Object.dispatchError (node_modules/.pnpm/jsdom@20.0.3/node_modules/jsdom/lib/jsdom/living/xhr/xhr-utils.js:66:53)
      at Request.<anonymous> (node_modules/.pnpm/jsdom@20.0.3/node_modules/jsdom/lib/jsdom/living/xhr/XMLHttpRequest-impl.js:655:18)
      at ClientRequest.<anonymous> 
(node_modules/.pnpm/jsdom@20.0.3/node_modules/jsdom/lib/jsdom/living/helpers/http-request.js:121:14)

    console.log
       Cargando repeticiones para tabla 1...

      at log (components/germinacion/repeticiones-manager-v2.tsx:43:15)

    console.log
       API Call: /api/germinacion/1/tabla/1/repeticion

      at log (app/services/api.ts:10:11)

    console.log
       URL completa: http://localhost:8080/api/germinacion/1/tabla/1/repeticion

      at log (app/services/api.ts:11:11)

    console.log
       Headers enviados: { 'Content-Type': 'application/json' }

      at log (app/services/api.ts:19:11)

    console.error
       Error de red en /api/germinacion/1/tabla/1/valores/inase: TypeError: Network request failed
          at C:\Users\Usuario\Documents\GitHub\INIA\inia-frontend-jc\node_modules\.pnpm\whatwg-fetch@3.6.20\node_modules\whatwg-fetch
\dist\fetch.umd.js:567:18
          at Timeout.task [as _onTimeout] (C:\Users\Usuario\Documents\GitHub\INIA\inia-frontend-jc\node_modules\.pnpm\jsdom@20.0.3\no
de_modules\jsdom\lib\jsdom\browser\Window.js:520:19)
          at listOnTimeout (node:internal/timers:594:17)
          at processTimers (node:internal/timers:529:7)

    [0m [90m 57 |[39m     [36mreturn[39m contentType[33m?[39m[33m.[39mincludes([32m"application/json"[39m) [33m?[39m 
res[33m.[39mjson() [33m:[39m res[33m.[39mtext()[33m;[39m
     [90m 58 |[39m   } [36mcatch[39m (error) {
    [31m[1m>[22m[39m[90m 59 |[39m     console[33m.[39merror([32m` Error de red en ${endpoint}:`[39m[33m,[39m 
error)[33m;[39m
     [90m    |[39m             [31m[1m^[22m[39m
     [90m 60 |[39m     [36mthrow[39m error[33m;[39m
     [90m 61 |[39m   }
     [90m 62 |[39m }[0m

      at error (app/services/api.ts:59:13)
      at components/germinacion/tablas-germinacion-section.tsx:1187:36

    console.error
      Error: AggregateError
          at Object.dispatchError (C:\Users\Usuario\Documents\GitHub\INIA\inia-frontend-jc\node_modules\.pnpm\jsdom@20.0.3\node_modul
es\jsdom\lib\jsdom\living\xhr\xhr-utils.js:63:19)
          at Request.<anonymous> (C:\Users\Usuario\Documents\GitHub\INIA\inia-frontend-jc\node_modules\.pnpm\jsdom@20.0.3\node_module
s\jsdom\lib\jsdom\living\xhr\XMLHttpRequest-impl.js:655:18)
          at Request.emit (node:events:530:35)
          at ClientRequest.<anonymous> (C:\Users\Usuario\Documents\GitHub\INIA\inia-frontend-jc\node_modules\.pnpm\jsdom@20.0.3\node_
modules\jsdom\lib\jsdom\living\helpers\http-request.js:121:14)
          at ClientRequest.emit (node:events:518:28)
          at emitErrorEvent (node:_http_client:104:11)
          at Socket.socketErrorListener (node:_http_client:518:5)
          at Socket.emit (node:events:518:28)
          at emitErrorNT (node:internal/streams/destroy:170:8)
          at emitErrorCloseNT (node:internal/streams/destroy:129:3)
          at processTicksAndRejections (node:internal/process/task_queues:90:21) {
        type: 'XMLHttpRequest'
      }

      at VirtualConsole.<anonymous> 
(node_modules/.pnpm/jest-environment-jsdom@29.7.0/node_modules/jest-environment-jsdom/build/index.js:63:23)
      at Object.dispatchError (node_modules/.pnpm/jsdom@20.0.3/node_modules/jsdom/lib/jsdom/living/xhr/xhr-utils.js:66:53)
      at Request.<anonymous> (node_modules/.pnpm/jsdom@20.0.3/node_modules/jsdom/lib/jsdom/living/xhr/XMLHttpRequest-impl.js:655:18)
      at ClientRequest.<anonymous> 
(node_modules/.pnpm/jsdom@20.0.3/node_modules/jsdom/lib/jsdom/living/helpers/http-request.js:121:14)

    console.error
       Error de red en /api/germinacion/1/tabla/1/valores/inia: TypeError: Network request failed
          at C:\Users\Usuario\Documents\GitHub\INIA\inia-frontend-jc\node_modules\.pnpm\whatwg-fetch@3.6.20\node_modules\whatwg-fetch
\dist\fetch.umd.js:567:18
          at Timeout.task [as _onTimeout] (C:\Users\Usuario\Documents\GitHub\INIA\inia-frontend-jc\node_modules\.pnpm\jsdom@20.0.3\no
de_modules\jsdom\lib\jsdom\browser\Window.js:520:19)
          at listOnTimeout (node:internal/timers:594:17)
          at processTimers (node:internal/timers:529:7)

    [0m [90m 57 |[39m     [36mreturn[39m contentType[33m?[39m[33m.[39mincludes([32m"application/json"[39m) [33m?[39m 
res[33m.[39mjson() [33m:[39m res[33m.[39mtext()[33m;[39m
     [90m 58 |[39m   } [36mcatch[39m (error) {
    [31m[1m>[22m[39m[90m 59 |[39m     console[33m.[39merror([32m` Error de red en ${endpoint}:`[39m[33m,[39m 
error)[33m;[39m
     [90m    |[39m             [31m[1m^[22m[39m
     [90m 60 |[39m     [36mthrow[39m error[33m;[39m
     [90m 61 |[39m   }
     [90m 62 |[39m }[0m

      at error (app/services/api.ts:59:13)
      at components/germinacion/tablas-germinacion-section.tsx:1170:35

    console.log
       API Call: /api/germinacion/1/tabla/1/valores/inase

      at log (app/services/api.ts:10:11)

    console.log
       URL completa: http://localhost:8080/api/germinacion/1/tabla/1/valores/inase

      at log (app/services/api.ts:11:11)

    console.log
       Headers enviados: { 'Content-Type': 'application/json' }

      at log (app/services/api.ts:19:11)

    console.error
      Error: AggregateError
          at Object.dispatchError (C:\Users\Usuario\Documents\GitHub\INIA\inia-frontend-jc\node_modules\.pnpm\jsdom@20.0.3\node_modul
es\jsdom\lib\jsdom\living\xhr\xhr-utils.js:63:19)
          at Request.<anonymous> (C:\Users\Usuario\Documents\GitHub\INIA\inia-frontend-jc\node_modules\.pnpm\jsdom@20.0.3\node_module
s\jsdom\lib\jsdom\living\xhr\XMLHttpRequest-impl.js:655:18)
          at Request.emit (node:events:530:35)
          at ClientRequest.<anonymous> (C:\Users\Usuario\Documents\GitHub\INIA\inia-frontend-jc\node_modules\.pnpm\jsdom@20.0.3\node_
modules\jsdom\lib\jsdom\living\helpers\http-request.js:121:14)
          at ClientRequest.emit (node:events:518:28)
          at emitErrorEvent (node:_http_client:104:11)
          at Socket.socketErrorListener (node:_http_client:518:5)
          at Socket.emit (node:events:518:28)
          at emitErrorNT (node:internal/streams/destroy:170:8)
          at emitErrorCloseNT (node:internal/streams/destroy:129:3)
          at processTicksAndRejections (node:internal/process/task_queues:90:21) {
        type: 'XMLHttpRequest'
      }

      at VirtualConsole.<anonymous> 
(node_modules/.pnpm/jest-environment-jsdom@29.7.0/node_modules/jest-environment-jsdom/build/index.js:63:23)
      at Object.dispatchError (node_modules/.pnpm/jsdom@20.0.3/node_modules/jsdom/lib/jsdom/living/xhr/xhr-utils.js:66:53)
      at Request.<anonymous> (node_modules/.pnpm/jsdom@20.0.3/node_modules/jsdom/lib/jsdom/living/xhr/XMLHttpRequest-impl.js:655:18)
      at ClientRequest.<anonymous> 
(node_modules/.pnpm/jsdom@20.0.3/node_modules/jsdom/lib/jsdom/living/helpers/http-request.js:121:14)

    console.log
       API Call: /api/germinacion/1/tabla/1/valores/inia

      at log (app/services/api.ts:10:11)
          at Array.forEach (<anonymous>)

    console.log
       URL completa: http://localhost:8080/api/germinacion/1/tabla/1/valores/inia

      at log (app/services/api.ts:11:11)
          at Array.forEach (<anonymous>)

    console.log
       Headers enviados: { 'Content-Type': 'application/json' }

      at log (app/services/api.ts:19:11)
          at Array.forEach (<anonymous>)

    console.error
       Error de red en /api/germinacion/1/tabla/1/repeticion: TypeError: Network request failed
          at C:\Users\Usuario\Documents\GitHub\INIA\inia-frontend-jc\node_modules\.pnpm\whatwg-fetch@3.6.20\node_modules\whatwg-fetch
\dist\fetch.umd.js:567:18
          at Timeout.task [as _onTimeout] (C:\Users\Usuario\Documents\GitHub\INIA\inia-frontend-jc\node_modules\.pnpm\jsdom@20.0.3\no
de_modules\jsdom\lib\jsdom\browser\Window.js:520:19)
          at listOnTimeout (node:internal/timers:594:17)
          at processTimers (node:internal/timers:529:7)

    [0m [90m 57 |[39m     [36mreturn[39m contentType[33m?[39m[33m.[39mincludes([32m"application/json"[39m) [33m?[39m 
res[33m.[39mjson() [33m:[39m res[33m.[39mtext()[33m;[39m
     [90m 58 |[39m   } [36mcatch[39m (error) {
    [31m[1m>[22m[39m[90m 59 |[39m     console[33m.[39merror([32m` Error de red en ${endpoint}:`[39m[33m,[39m 
error)[33m;[39m
     [90m    |[39m             [31m[1m^[22m[39m
     [90m 60 |[39m     [36mthrow[39m error[33m;[39m
     [90m 61 |[39m   }
     [90m 62 |[39m }[0m

      at error (app/services/api.ts:59:13)
      at cargarRepeticiones (components/germinacion/repeticiones-manager-v2.tsx:44:20)

    console.error
      Error cargando repeticiones: TypeError: Network request failed
          at C:\Users\Usuario\Documents\GitHub\INIA\inia-frontend-jc\node_modules\.pnpm\whatwg-fetch@3.6.20\node_modules\whatwg-fetch
\dist\fetch.umd.js:567:18
          at Timeout.task [as _onTimeout] (C:\Users\Usuario\Documents\GitHub\INIA\inia-frontend-jc\node_modules\.pnpm\jsdom@20.0.3\no
de_modules\jsdom\lib\jsdom\browser\Window.js:520:19)
          at listOnTimeout (node:internal/timers:594:17)
          at processTimers (node:internal/timers:529:7)

    [0m [90m 55 |[39m       onRepeticionesUpdated(data)
     [90m 56 |[39m     } [36mcatch[39m (err[33m:[39m any) {
    [31m[1m>[22m[39m[90m 57 |[39m       console[33m.[39merror([32m"Error cargando repeticiones:"[39m[33m,[39m err)
     [90m    |[39m               [31m[1m^[22m[39m
     [90m 58 |[39m       setError(err[33m?[39m[33m.[39mmessage [33m||[39m [32m"Error al cargar repeticiones"[39m)
     [90m 59 |[39m     } [36mfinally[39m {
     [90m 60 |[39m       setLoading([36mfalse[39m)[0m

      at error (components/germinacion/repeticiones-manager-v2.tsx:57:15)

    console.error
      Error: AggregateError
          at Object.dispatchError (C:\Users\Usuario\Documents\GitHub\INIA\inia-frontend-jc\node_modules\.pnpm\jsdom@20.0.3\node_modul
es\jsdom\lib\jsdom\living\xhr\xhr-utils.js:63:19)
          at Request.<anonymous> (C:\Users\Usuario\Documents\GitHub\INIA\inia-frontend-jc\node_modules\.pnpm\jsdom@20.0.3\node_module
s\jsdom\lib\jsdom\living\xhr\XMLHttpRequest-impl.js:655:18)
          at Request.emit (node:events:530:35)
          at ClientRequest.<anonymous> (C:\Users\Usuario\Documents\GitHub\INIA\inia-frontend-jc\node_modules\.pnpm\jsdom@20.0.3\node_
modules\jsdom\lib\jsdom\living\helpers\http-request.js:121:14)
          at ClientRequest.emit (node:events:518:28)
          at emitErrorEvent (node:_http_client:104:11)
          at Socket.socketErrorListener (node:_http_client:518:5)
          at Socket.emit (node:events:518:28)
          at emitErrorNT (node:internal/streams/destroy:170:8)
          at emitErrorCloseNT (node:internal/streams/destroy:129:3)
          at processTicksAndRejections (node:internal/process/task_queues:90:21) {
        type: 'XMLHttpRequest'
      }

      at VirtualConsole.<anonymous> 
(node_modules/.pnpm/jest-environment-jsdom@29.7.0/node_modules/jest-environment-jsdom/build/index.js:63:23)
      at Object.dispatchError (node_modules/.pnpm/jsdom@20.0.3/node_modules/jsdom/lib/jsdom/living/xhr/xhr-utils.js:66:53)
      at Request.<anonymous> (node_modules/.pnpm/jsdom@20.0.3/node_modules/jsdom/lib/jsdom/living/xhr/XMLHttpRequest-impl.js:655:18)
      at ClientRequest.<anonymous> 
(node_modules/.pnpm/jsdom@20.0.3/node_modules/jsdom/lib/jsdom/living/helpers/http-request.js:121:14)

    console.log
       Cargando repeticiones para tabla 1...

      at log (components/germinacion/repeticiones-manager-v2.tsx:43:15)

    console.log
       API Call: /api/germinacion/1/tabla/1/repeticion

      at log (app/services/api.ts:10:11)

    console.log
       URL completa: http://localhost:8080/api/germinacion/1/tabla/1/repeticion

      at log (app/services/api.ts:11:11)

    console.log
       Headers enviados: { 'Content-Type': 'application/json' }

      at log (app/services/api.ts:19:11)

    console.error
       Error de red en /api/germinacion/1/tabla/1/valores/inase: TypeError: Network request failed
          at C:\Users\Usuario\Documents\GitHub\INIA\inia-frontend-jc\node_modules\.pnpm\whatwg-fetch@3.6.20\node_modules\whatwg-fetch
\dist\fetch.umd.js:567:18
          at Timeout.task [as _onTimeout] (C:\Users\Usuario\Documents\GitHub\INIA\inia-frontend-jc\node_modules\.pnpm\jsdom@20.0.3\no
de_modules\jsdom\lib\jsdom\browser\Window.js:520:19)
          at listOnTimeout (node:internal/timers:594:17)
          at processTimers (node:internal/timers:529:7)

    [0m [90m 57 |[39m     [36mreturn[39m contentType[33m?[39m[33m.[39mincludes([32m"application/json"[39m) [33m?[39m 
res[33m.[39mjson() [33m:[39m res[33m.[39mtext()[33m;[39m
     [90m 58 |[39m   } [36mcatch[39m (error) {
    [31m[1m>[22m[39m[90m 59 |[39m     console[33m.[39merror([32m` Error de red en ${endpoint}:`[39m[33m,[39m 
error)[33m;[39m
     [90m    |[39m             [31m[1m^[22m[39m
     [90m 60 |[39m     [36mthrow[39m error[33m;[39m
     [90m 61 |[39m   }
     [90m 62 |[39m }[0m

      at error (app/services/api.ts:59:13)
      at components/germinacion/tablas-germinacion-section.tsx:1187:36

    console.error
      Error: AggregateError
          at Object.dispatchError (C:\Users\Usuario\Documents\GitHub\INIA\inia-frontend-jc\node_modules\.pnpm\jsdom@20.0.3\node_modul
es\jsdom\lib\jsdom\living\xhr\xhr-utils.js:63:19)
          at Request.<anonymous> (C:\Users\Usuario\Documents\GitHub\INIA\inia-frontend-jc\node_modules\.pnpm\jsdom@20.0.3\node_module
s\jsdom\lib\jsdom\living\xhr\XMLHttpRequest-impl.js:655:18)
          at Request.emit (node:events:530:35)
          at ClientRequest.<anonymous> (C:\Users\Usuario\Documents\GitHub\INIA\inia-frontend-jc\node_modules\.pnpm\jsdom@20.0.3\node_
modules\jsdom\lib\jsdom\living\helpers\http-request.js:121:14)
          at ClientRequest.emit (node:events:518:28)
          at emitErrorEvent (node:_http_client:104:11)
          at Socket.socketErrorListener (node:_http_client:518:5)
          at Socket.emit (node:events:518:28)
          at emitErrorNT (node:internal/streams/destroy:170:8)
          at emitErrorCloseNT (node:internal/streams/destroy:129:3)
          at processTicksAndRejections (node:internal/process/task_queues:90:21) {
        type: 'XMLHttpRequest'
      }

      at VirtualConsole.<anonymous> 
(node_modules/.pnpm/jest-environment-jsdom@29.7.0/node_modules/jest-environment-jsdom/build/index.js:63:23)
      at Object.dispatchError (node_modules/.pnpm/jsdom@20.0.3/node_modules/jsdom/lib/jsdom/living/xhr/xhr-utils.js:66:53)
      at Request.<anonymous> (node_modules/.pnpm/jsdom@20.0.3/node_modules/jsdom/lib/jsdom/living/xhr/XMLHttpRequest-impl.js:655:18)
      at ClientRequest.<anonymous> 
(node_modules/.pnpm/jsdom@20.0.3/node_modules/jsdom/lib/jsdom/living/helpers/http-request.js:121:14)

    console.error
       Error de red en /api/germinacion/1/tabla/1/valores/inia: TypeError: Network request failed
          at C:\Users\Usuario\Documents\GitHub\INIA\inia-frontend-jc\node_modules\.pnpm\whatwg-fetch@3.6.20\node_modules\whatwg-fetch
\dist\fetch.umd.js:567:18
          at Timeout.task [as _onTimeout] (C:\Users\Usuario\Documents\GitHub\INIA\inia-frontend-jc\node_modules\.pnpm\jsdom@20.0.3\no
de_modules\jsdom\lib\jsdom\browser\Window.js:520:19)
          at listOnTimeout (node:internal/timers:594:17)
          at processTimers (node:internal/timers:529:7)

    [0m [90m 57 |[39m     [36mreturn[39m contentType[33m?[39m[33m.[39mincludes([32m"application/json"[39m) [33m?[39m 
res[33m.[39mjson() [33m:[39m res[33m.[39mtext()[33m;[39m
     [90m 58 |[39m   } [36mcatch[39m (error) {
    [31m[1m>[22m[39m[90m 59 |[39m     console[33m.[39merror([32m` Error de red en ${endpoint}:`[39m[33m,[39m 
error)[33m;[39m
     [90m    |[39m             [31m[1m^[22m[39m
     [90m 60 |[39m     [36mthrow[39m error[33m;[39m
     [90m 61 |[39m   }
     [90m 62 |[39m }[0m

      at error (app/services/api.ts:59:13)
      at components/germinacion/tablas-germinacion-section.tsx:1170:35

    console.log
       API Call: /api/germinacion/1/tabla/1/valores/inase

      at log (app/services/api.ts:10:11)

    console.log
       URL completa: http://localhost:8080/api/germinacion/1/tabla/1/valores/inase

      at log (app/services/api.ts:11:11)

    console.log
       Headers enviados: { 'Content-Type': 'application/json' }

      at log (app/services/api.ts:19:11)

    console.error
      Error: AggregateError
          at Object.dispatchError (C:\Users\Usuario\Documents\GitHub\INIA\inia-frontend-jc\node_modules\.pnpm\jsdom@20.0.3\node_modul
es\jsdom\lib\jsdom\living\xhr\xhr-utils.js:63:19)
          at Request.<anonymous> (C:\Users\Usuario\Documents\GitHub\INIA\inia-frontend-jc\node_modules\.pnpm\jsdom@20.0.3\node_module
s\jsdom\lib\jsdom\living\xhr\XMLHttpRequest-impl.js:655:18)
          at Request.emit (node:events:530:35)
          at ClientRequest.<anonymous> (C:\Users\Usuario\Documents\GitHub\INIA\inia-frontend-jc\node_modules\.pnpm\jsdom@20.0.3\node_
modules\jsdom\lib\jsdom\living\helpers\http-request.js:121:14)
          at ClientRequest.emit (node:events:518:28)
          at emitErrorEvent (node:_http_client:104:11)
          at Socket.socketErrorListener (node:_http_client:518:5)
          at Socket.emit (node:events:518:28)
          at emitErrorNT (node:internal/streams/destroy:170:8)
          at emitErrorCloseNT (node:internal/streams/destroy:129:3)
          at processTicksAndRejections (node:internal/process/task_queues:90:21) {
        type: 'XMLHttpRequest'
      }

      at VirtualConsole.<anonymous> 
(node_modules/.pnpm/jest-environment-jsdom@29.7.0/node_modules/jest-environment-jsdom/build/index.js:63:23)
      at Object.dispatchError (node_modules/.pnpm/jsdom@20.0.3/node_modules/jsdom/lib/jsdom/living/xhr/xhr-utils.js:66:53)
      at Request.<anonymous> (node_modules/.pnpm/jsdom@20.0.3/node_modules/jsdom/lib/jsdom/living/xhr/XMLHttpRequest-impl.js:655:18)
      at ClientRequest.<anonymous> 
(node_modules/.pnpm/jsdom@20.0.3/node_modules/jsdom/lib/jsdom/living/helpers/http-request.js:121:14)

    console.log
       API Call: /api/germinacion/1/tabla/1/valores/inia

      at log (app/services/api.ts:10:11)
          at Array.forEach (<anonymous>)

    console.log
       URL completa: http://localhost:8080/api/germinacion/1/tabla/1/valores/inia

      at log (app/services/api.ts:11:11)
          at Array.forEach (<anonymous>)

    console.log
       Headers enviados: { 'Content-Type': 'application/json' }

      at log (app/services/api.ts:19:11)
          at Array.forEach (<anonymous>)

    console.error
       Error de red en /api/germinacion/1/tabla/1/repeticion: TypeError: Network request failed
          at C:\Users\Usuario\Documents\GitHub\INIA\inia-frontend-jc\node_modules\.pnpm\whatwg-fetch@3.6.20\node_modules\whatwg-fetch
\dist\fetch.umd.js:567:18
          at Timeout.task [as _onTimeout] (C:\Users\Usuario\Documents\GitHub\INIA\inia-frontend-jc\node_modules\.pnpm\jsdom@20.0.3\no
de_modules\jsdom\lib\jsdom\browser\Window.js:520:19)
          at listOnTimeout (node:internal/timers:594:17)
          at processTimers (node:internal/timers:529:7)

    [0m [90m 57 |[39m     [36mreturn[39m contentType[33m?[39m[33m.[39mincludes([32m"application/json"[39m) [33m?[39m 
res[33m.[39mjson() [33m:[39m res[33m.[39mtext()[33m;[39m
     [90m 58 |[39m   } [36mcatch[39m (error) {
    [31m[1m>[22m[39m[90m 59 |[39m     console[33m.[39merror([32m` Error de red en ${endpoint}:`[39m[33m,[39m 
error)[33m;[39m
     [90m    |[39m             [31m[1m^[22m[39m
     [90m 60 |[39m     [36mthrow[39m error[33m;[39m
     [90m 61 |[39m   }
     [90m 62 |[39m }[0m

      at error (app/services/api.ts:59:13)
      at cargarRepeticiones (components/germinacion/repeticiones-manager-v2.tsx:44:20)

    console.error
      Error cargando repeticiones: TypeError: Network request failed
          at C:\Users\Usuario\Documents\GitHub\INIA\inia-frontend-jc\node_modules\.pnpm\whatwg-fetch@3.6.20\node_modules\whatwg-fetch
\dist\fetch.umd.js:567:18
          at Timeout.task [as _onTimeout] (C:\Users\Usuario\Documents\GitHub\INIA\inia-frontend-jc\node_modules\.pnpm\jsdom@20.0.3\no
de_modules\jsdom\lib\jsdom\browser\Window.js:520:19)
          at listOnTimeout (node:internal/timers:594:17)
          at processTimers (node:internal/timers:529:7)

    [0m [90m 55 |[39m       onRepeticionesUpdated(data)
     [90m 56 |[39m     } [36mcatch[39m (err[33m:[39m any) {
    [31m[1m>[22m[39m[90m 57 |[39m       console[33m.[39merror([32m"Error cargando repeticiones:"[39m[33m,[39m err)
     [90m    |[39m               [31m[1m^[22m[39m
     [90m 58 |[39m       setError(err[33m?[39m[33m.[39mmessage [33m||[39m [32m"Error al cargar repeticiones"[39m)
     [90m 59 |[39m     } [36mfinally[39m {
     [90m 60 |[39m       setLoading([36mfalse[39m)[0m

      at error (components/germinacion/repeticiones-manager-v2.tsx:57:15)

    console.error
      Error: AggregateError
          at Object.dispatchError (C:\Users\Usuario\Documents\GitHub\INIA\inia-frontend-jc\node_modules\.pnpm\jsdom@20.0.3\node_modul
es\jsdom\lib\jsdom\living\xhr\xhr-utils.js:63:19)
          at Request.<anonymous> (C:\Users\Usuario\Documents\GitHub\INIA\inia-frontend-jc\node_modules\.pnpm\jsdom@20.0.3\node_module
s\jsdom\lib\jsdom\living\xhr\XMLHttpRequest-impl.js:655:18)
          at Request.emit (node:events:530:35)
          at ClientRequest.<anonymous> (C:\Users\Usuario\Documents\GitHub\INIA\inia-frontend-jc\node_modules\.pnpm\jsdom@20.0.3\node_
modules\jsdom\lib\jsdom\living\helpers\http-request.js:121:14)
          at ClientRequest.emit (node:events:518:28)
          at emitErrorEvent (node:_http_client:104:11)
          at Socket.socketErrorListener (node:_http_client:518:5)
          at Socket.emit (node:events:518:28)
          at emitErrorNT (node:internal/streams/destroy:170:8)
          at emitErrorCloseNT (node:internal/streams/destroy:129:3)
          at processTicksAndRejections (node:internal/process/task_queues:90:21) {
        type: 'XMLHttpRequest'
      }

      at VirtualConsole.<anonymous> 
(node_modules/.pnpm/jest-environment-jsdom@29.7.0/node_modules/jest-environment-jsdom/build/index.js:63:23)
      at Object.dispatchError (node_modules/.pnpm/jsdom@20.0.3/node_modules/jsdom/lib/jsdom/living/xhr/xhr-utils.js:66:53)
      at Request.<anonymous> (node_modules/.pnpm/jsdom@20.0.3/node_modules/jsdom/lib/jsdom/living/xhr/XMLHttpRequest-impl.js:655:18)
      at ClientRequest.<anonymous> 
(node_modules/.pnpm/jsdom@20.0.3/node_modules/jsdom/lib/jsdom/living/helpers/http-request.js:121:14)

    console.error
       Error de red en /api/germinacion/1/tabla/1/valores/inase: TypeError: Network request failed
          at C:\Users\Usuario\Documents\GitHub\INIA\inia-frontend-jc\node_modules\.pnpm\whatwg-fetch@3.6.20\node_modules\whatwg-fetch
\dist\fetch.umd.js:567:18
          at Timeout.task [as _onTimeout] (C:\Users\Usuario\Documents\GitHub\INIA\inia-frontend-jc\node_modules\.pnpm\jsdom@20.0.3\no
de_modules\jsdom\lib\jsdom\browser\Window.js:520:19)
          at listOnTimeout (node:internal/timers:594:17)
          at processTimers (node:internal/timers:529:7)

    [0m [90m 57 |[39m     [36mreturn[39m contentType[33m?[39m[33m.[39mincludes([32m"application/json"[39m) [33m?[39m 
res[33m.[39mjson() [33m:[39m res[33m.[39mtext()[33m;[39m
     [90m 58 |[39m   } [36mcatch[39m (error) {
    [31m[1m>[22m[39m[90m 59 |[39m     console[33m.[39merror([32m` Error de red en ${endpoint}:`[39m[33m,[39m 
error)[33m;[39m
     [90m    |[39m             [31m[1m^[22m[39m
     [90m 60 |[39m     [36mthrow[39m error[33m;[39m
     [90m 61 |[39m   }
     [90m 62 |[39m }[0m

      at error (app/services/api.ts:59:13)
      at components/germinacion/tablas-germinacion-section.tsx:1187:36

    console.log
       Cargando repeticiones para tabla 1...

      at log (components/germinacion/repeticiones-manager-v2.tsx:43:15)

    console.log
       API Call: /api/germinacion/1/tabla/1/repeticion

      at log (app/services/api.ts:10:11)

    console.log
       URL completa: http://localhost:8080/api/germinacion/1/tabla/1/repeticion

      at log (app/services/api.ts:11:11)

    console.log
       Headers enviados: { 'Content-Type': 'application/json' }

      at log (app/services/api.ts:19:11)

    console.error
      Error: AggregateError
          at Object.dispatchError (C:\Users\Usuario\Documents\GitHub\INIA\inia-frontend-jc\node_modules\.pnpm\jsdom@20.0.3\node_modul
es\jsdom\lib\jsdom\living\xhr\xhr-utils.js:63:19)
          at Request.<anonymous> (C:\Users\Usuario\Documents\GitHub\INIA\inia-frontend-jc\node_modules\.pnpm\jsdom@20.0.3\node_module
s\jsdom\lib\jsdom\living\xhr\XMLHttpRequest-impl.js:655:18)
          at Request.emit (node:events:530:35)
          at ClientRequest.<anonymous> (C:\Users\Usuario\Documents\GitHub\INIA\inia-frontend-jc\node_modules\.pnpm\jsdom@20.0.3\node_
modules\jsdom\lib\jsdom\living\helpers\http-request.js:121:14)
          at ClientRequest.emit (node:events:518:28)
          at emitErrorEvent (node:_http_client:104:11)
          at Socket.socketErrorListener (node:_http_client:518:5)
          at Socket.emit (node:events:518:28)
          at emitErrorNT (node:internal/streams/destroy:170:8)
          at emitErrorCloseNT (node:internal/streams/destroy:129:3)
          at processTicksAndRejections (node:internal/process/task_queues:90:21) {
        type: 'XMLHttpRequest'
      }

      at VirtualConsole.<anonymous> 
(node_modules/.pnpm/jest-environment-jsdom@29.7.0/node_modules/jest-environment-jsdom/build/index.js:63:23)
      at Object.dispatchError (node_modules/.pnpm/jsdom@20.0.3/node_modules/jsdom/lib/jsdom/living/xhr/xhr-utils.js:66:53)
      at Request.<anonymous> (node_modules/.pnpm/jsdom@20.0.3/node_modules/jsdom/lib/jsdom/living/xhr/XMLHttpRequest-impl.js:655:18)
      at ClientRequest.<anonymous> 
(node_modules/.pnpm/jsdom@20.0.3/node_modules/jsdom/lib/jsdom/living/helpers/http-request.js:121:14)

    console.error
       Error de red en /api/germinacion/1/tabla/1/valores/inia: TypeError: Network request failed
          at C:\Users\Usuario\Documents\GitHub\INIA\inia-frontend-jc\node_modules\.pnpm\whatwg-fetch@3.6.20\node_modules\whatwg-fetch
\dist\fetch.umd.js:567:18
          at Timeout.task [as _onTimeout] (C:\Users\Usuario\Documents\GitHub\INIA\inia-frontend-jc\node_modules\.pnpm\jsdom@20.0.3\no
de_modules\jsdom\lib\jsdom\browser\Window.js:520:19)
          at listOnTimeout (node:internal/timers:594:17)
          at processTimers (node:internal/timers:529:7)

    [0m [90m 57 |[39m     [36mreturn[39m contentType[33m?[39m[33m.[39mincludes([32m"application/json"[39m) [33m?[39m 
res[33m.[39mjson() [33m:[39m res[33m.[39mtext()[33m;[39m
     [90m 58 |[39m   } [36mcatch[39m (error) {
    [31m[1m>[22m[39m[90m 59 |[39m     console[33m.[39merror([32m` Error de red en ${endpoint}:`[39m[33m,[39m 
error)[33m;[39m
     [90m    |[39m             [31m[1m^[22m[39m
     [90m 60 |[39m     [36mthrow[39m error[33m;[39m
     [90m 61 |[39m   }
     [90m 62 |[39m }[0m

      at error (app/services/api.ts:59:13)
      at components/germinacion/tablas-germinacion-section.tsx:1170:35

    console.log
       API Call: /api/germinacion/1/tabla/1/valores/inase

      at log (app/services/api.ts:10:11)

    console.log
       URL completa: http://localhost:8080/api/germinacion/1/tabla/1/valores/inase

      at log (app/services/api.ts:11:11)

    console.log
       Headers enviados: { 'Content-Type': 'application/json' }

      at log (app/services/api.ts:19:11)

    console.error
      Error: AggregateError
          at Object.dispatchError (C:\Users\Usuario\Documents\GitHub\INIA\inia-frontend-jc\node_modules\.pnpm\jsdom@20.0.3\node_modul
es\jsdom\lib\jsdom\living\xhr\xhr-utils.js:63:19)
          at Request.<anonymous> (C:\Users\Usuario\Documents\GitHub\INIA\inia-frontend-jc\node_modules\.pnpm\jsdom@20.0.3\node_module
s\jsdom\lib\jsdom\living\xhr\XMLHttpRequest-impl.js:655:18)
          at Request.emit (node:events:530:35)
          at ClientRequest.<anonymous> (C:\Users\Usuario\Documents\GitHub\INIA\inia-frontend-jc\node_modules\.pnpm\jsdom@20.0.3\node_
modules\jsdom\lib\jsdom\living\helpers\http-request.js:121:14)
          at ClientRequest.emit (node:events:518:28)
          at emitErrorEvent (node:_http_client:104:11)
          at Socket.socketErrorListener (node:_http_client:518:5)
          at Socket.emit (node:events:518:28)
          at emitErrorNT (node:internal/streams/destroy:170:8)
          at emitErrorCloseNT (node:internal/streams/destroy:129:3)
          at processTicksAndRejections (node:internal/process/task_queues:90:21) {
        type: 'XMLHttpRequest'
      }

      at VirtualConsole.<anonymous> 
(node_modules/.pnpm/jest-environment-jsdom@29.7.0/node_modules/jest-environment-jsdom/build/index.js:63:23)
      at Object.dispatchError (node_modules/.pnpm/jsdom@20.0.3/node_modules/jsdom/lib/jsdom/living/xhr/xhr-utils.js:66:53)
      at Request.<anonymous> (node_modules/.pnpm/jsdom@20.0.3/node_modules/jsdom/lib/jsdom/living/xhr/XMLHttpRequest-impl.js:655:18)
      at ClientRequest.<anonymous> 
(node_modules/.pnpm/jsdom@20.0.3/node_modules/jsdom/lib/jsdom/living/helpers/http-request.js:121:14)

    console.log
       API Call: /api/germinacion/1/tabla/1/valores/inia

      at log (app/services/api.ts:10:11)
          at Array.forEach (<anonymous>)

    console.log
       URL completa: http://localhost:8080/api/germinacion/1/tabla/1/valores/inia

      at log (app/services/api.ts:11:11)
          at Array.forEach (<anonymous>)

    console.log
       Headers enviados: { 'Content-Type': 'application/json' }

      at log (app/services/api.ts:19:11)
          at Array.forEach (<anonymous>)

    console.error
       Error de red en /api/germinacion/1/tabla/1/repeticion: TypeError: Network request failed
          at C:\Users\Usuario\Documents\GitHub\INIA\inia-frontend-jc\node_modules\.pnpm\whatwg-fetch@3.6.20\node_modules\whatwg-fetch
\dist\fetch.umd.js:567:18
          at Timeout.task [as _onTimeout] (C:\Users\Usuario\Documents\GitHub\INIA\inia-frontend-jc\node_modules\.pnpm\jsdom@20.0.3\no
de_modules\jsdom\lib\jsdom\browser\Window.js:520:19)
          at listOnTimeout (node:internal/timers:594:17)
          at processTimers (node:internal/timers:529:7)

    [0m [90m 57 |[39m     [36mreturn[39m contentType[33m?[39m[33m.[39mincludes([32m"application/json"[39m) [33m?[39m 
res[33m.[39mjson() [33m:[39m res[33m.[39mtext()[33m;[39m
     [90m 58 |[39m   } [36mcatch[39m (error) {
    [31m[1m>[22m[39m[90m 59 |[39m     console[33m.[39merror([32m` Error de red en ${endpoint}:`[39m[33m,[39m 
error)[33m;[39m
     [90m    |[39m             [31m[1m^[22m[39m
     [90m 60 |[39m     [36mthrow[39m error[33m;[39m
     [90m 61 |[39m   }
     [90m 62 |[39m }[0m

      at error (app/services/api.ts:59:13)
      at cargarRepeticiones (components/germinacion/repeticiones-manager-v2.tsx:44:20)

    console.error
      Error cargando repeticiones: TypeError: Network request failed
          at C:\Users\Usuario\Documents\GitHub\INIA\inia-frontend-jc\node_modules\.pnpm\whatwg-fetch@3.6.20\node_modules\whatwg-fetch
\dist\fetch.umd.js:567:18
          at Timeout.task [as _onTimeout] (C:\Users\Usuario\Documents\GitHub\INIA\inia-frontend-jc\node_modules\.pnpm\jsdom@20.0.3\no
de_modules\jsdom\lib\jsdom\browser\Window.js:520:19)
          at listOnTimeout (node:internal/timers:594:17)
          at processTimers (node:internal/timers:529:7)

    [0m [90m 55 |[39m       onRepeticionesUpdated(data)
     [90m 56 |[39m     } [36mcatch[39m (err[33m:[39m any) {
    [31m[1m>[22m[39m[90m 57 |[39m       console[33m.[39merror([32m"Error cargando repeticiones:"[39m[33m,[39m err)
     [90m    |[39m               [31m[1m^[22m[39m
     [90m 58 |[39m       setError(err[33m?[39m[33m.[39mmessage [33m||[39m [32m"Error al cargar repeticiones"[39m)
     [90m 59 |[39m     } [36mfinally[39m {
     [90m 60 |[39m       setLoading([36mfalse[39m)[0m

      at error (components/germinacion/repeticiones-manager-v2.tsx:57:15)

    console.error
      Error: AggregateError
          at Object.dispatchError (C:\Users\Usuario\Documents\GitHub\INIA\inia-frontend-jc\node_modules\.pnpm\jsdom@20.0.3\node_modul
es\jsdom\lib\jsdom\living\xhr\xhr-utils.js:63:19)
          at Request.<anonymous> (C:\Users\Usuario\Documents\GitHub\INIA\inia-frontend-jc\node_modules\.pnpm\jsdom@20.0.3\node_module
s\jsdom\lib\jsdom\living\xhr\XMLHttpRequest-impl.js:655:18)
          at Request.emit (node:events:530:35)
          at ClientRequest.<anonymous> (C:\Users\Usuario\Documents\GitHub\INIA\inia-frontend-jc\node_modules\.pnpm\jsdom@20.0.3\node_
modules\jsdom\lib\jsdom\living\helpers\http-request.js:121:14)
          at ClientRequest.emit (node:events:518:28)
          at emitErrorEvent (node:_http_client:104:11)
          at Socket.socketErrorListener (node:_http_client:518:5)
          at Socket.emit (node:events:518:28)
          at emitErrorNT (node:internal/streams/destroy:170:8)
          at emitErrorCloseNT (node:internal/streams/destroy:129:3)
          at processTicksAndRejections (node:internal/process/task_queues:90:21) {
        type: 'XMLHttpRequest'
      }

      at VirtualConsole.<anonymous> 
(node_modules/.pnpm/jest-environment-jsdom@29.7.0/node_modules/jest-environment-jsdom/build/index.js:63:23)
      at Object.dispatchError (node_modules/.pnpm/jsdom@20.0.3/node_modules/jsdom/lib/jsdom/living/xhr/xhr-utils.js:66:53)
      at Request.<anonymous> (node_modules/.pnpm/jsdom@20.0.3/node_modules/jsdom/lib/jsdom/living/xhr/XMLHttpRequest-impl.js:655:18)
      at ClientRequest.<anonymous> 
(node_modules/.pnpm/jsdom@20.0.3/node_modules/jsdom/lib/jsdom/living/helpers/http-request.js:121:14)

    console.log
       Cargando repeticiones para tabla 1...

      at log (components/germinacion/repeticiones-manager-v2.tsx:43:15)

    console.log
       API Call: /api/germinacion/1/tabla/1/repeticion

      at log (app/services/api.ts:10:11)

    console.log
       URL completa: http://localhost:8080/api/germinacion/1/tabla/1/repeticion

      at log (app/services/api.ts:11:11)

    console.log
       Headers enviados: { 'Content-Type': 'application/json' }

      at log (app/services/api.ts:19:11)

    console.error
       Error de red en /api/germinacion/1/tabla/1/valores/inase: TypeError: Network request failed
          at C:\Users\Usuario\Documents\GitHub\INIA\inia-frontend-jc\node_modules\.pnpm\whatwg-fetch@3.6.20\node_modules\whatwg-fetch
\dist\fetch.umd.js:567:18
          at Timeout.task [as _onTimeout] (C:\Users\Usuario\Documents\GitHub\INIA\inia-frontend-jc\node_modules\.pnpm\jsdom@20.0.3\no
de_modules\jsdom\lib\jsdom\browser\Window.js:520:19)
          at listOnTimeout (node:internal/timers:594:17)
          at processTimers (node:internal/timers:529:7)

    [0m [90m 57 |[39m     [36mreturn[39m contentType[33m?[39m[33m.[39mincludes([32m"application/json"[39m) [33m?[39m 
res[33m.[39mjson() [33m:[39m res[33m.[39mtext()[33m;[39m
     [90m 58 |[39m   } [36mcatch[39m (error) {
    [31m[1m>[22m[39m[90m 59 |[39m     console[33m.[39merror([32m` Error de red en ${endpoint}:`[39m[33m,[39m 
error)[33m;[39m
     [90m    |[39m             [31m[1m^[22m[39m
     [90m 60 |[39m     [36mthrow[39m error[33m;[39m
     [90m 61 |[39m   }
     [90m 62 |[39m }[0m

      at error (app/services/api.ts:59:13)
      at components/germinacion/tablas-germinacion-section.tsx:1187:36

    console.error
      Error: AggregateError
          at Object.dispatchError (C:\Users\Usuario\Documents\GitHub\INIA\inia-frontend-jc\node_modules\.pnpm\jsdom@20.0.3\node_modul
es\jsdom\lib\jsdom\living\xhr\xhr-utils.js:63:19)
          at Request.<anonymous> (C:\Users\Usuario\Documents\GitHub\INIA\inia-frontend-jc\node_modules\.pnpm\jsdom@20.0.3\node_module
s\jsdom\lib\jsdom\living\xhr\XMLHttpRequest-impl.js:655:18)
          at Request.emit (node:events:530:35)
          at ClientRequest.<anonymous> (C:\Users\Usuario\Documents\GitHub\INIA\inia-frontend-jc\node_modules\.pnpm\jsdom@20.0.3\node_
modules\jsdom\lib\jsdom\living\helpers\http-request.js:121:14)
          at ClientRequest.emit (node:events:518:28)
          at emitErrorEvent (node:_http_client:104:11)
          at Socket.socketErrorListener (node:_http_client:518:5)
          at Socket.emit (node:events:518:28)
          at emitErrorNT (node:internal/streams/destroy:170:8)
          at emitErrorCloseNT (node:internal/streams/destroy:129:3)
          at processTicksAndRejections (node:internal/process/task_queues:90:21) {
        type: 'XMLHttpRequest'
      }

      at VirtualConsole.<anonymous> 
(node_modules/.pnpm/jest-environment-jsdom@29.7.0/node_modules/jest-environment-jsdom/build/index.js:63:23)
      at Object.dispatchError (node_modules/.pnpm/jsdom@20.0.3/node_modules/jsdom/lib/jsdom/living/xhr/xhr-utils.js:66:53)
      at Request.<anonymous> (node_modules/.pnpm/jsdom@20.0.3/node_modules/jsdom/lib/jsdom/living/xhr/XMLHttpRequest-impl.js:655:18)
      at ClientRequest.<anonymous> 
(node_modules/.pnpm/jsdom@20.0.3/node_modules/jsdom/lib/jsdom/living/helpers/http-request.js:121:14)

    console.error
       Error de red en /api/germinacion/1/tabla/1/valores/inia: TypeError: Network request failed
          at C:\Users\Usuario\Documents\GitHub\INIA\inia-frontend-jc\node_modules\.pnpm\whatwg-fetch@3.6.20\node_modules\whatwg-fetch
\dist\fetch.umd.js:567:18
          at Timeout.task [as _onTimeout] (C:\Users\Usuario\Documents\GitHub\INIA\inia-frontend-jc\node_modules\.pnpm\jsdom@20.0.3\no
de_modules\jsdom\lib\jsdom\browser\Window.js:520:19)
          at listOnTimeout (node:internal/timers:594:17)
          at processTimers (node:internal/timers:529:7)

    [0m [90m 57 |[39m     [36mreturn[39m contentType[33m?[39m[33m.[39mincludes([32m"application/json"[39m) [33m?[39m 
res[33m.[39mjson() [33m:[39m res[33m.[39mtext()[33m;[39m
     [90m 58 |[39m   } [36mcatch[39m (error) {
    [31m[1m>[22m[39m[90m 59 |[39m     console[33m.[39merror([32m` Error de red en ${endpoint}:`[39m[33m,[39m 
error)[33m;[39m
     [90m    |[39m             [31m[1m^[22m[39m
     [90m 60 |[39m     [36mthrow[39m error[33m;[39m
     [90m 61 |[39m   }
     [90m 62 |[39m }[0m

      at error (app/services/api.ts:59:13)
      at components/germinacion/tablas-germinacion-section.tsx:1170:35

    console.log
       API Call: /api/germinacion/1/tabla/1/valores/inase

      at log (app/services/api.ts:10:11)

    console.log
       URL completa: http://localhost:8080/api/germinacion/1/tabla/1/valores/inase

      at log (app/services/api.ts:11:11)

    console.log
       Headers enviados: { 'Content-Type': 'application/json' }

      at log (app/services/api.ts:19:11)

    console.error
      Error: AggregateError
          at Object.dispatchError (C:\Users\Usuario\Documents\GitHub\INIA\inia-frontend-jc\node_modules\.pnpm\jsdom@20.0.3\node_modul
es\jsdom\lib\jsdom\living\xhr\xhr-utils.js:63:19)
          at Request.<anonymous> (C:\Users\Usuario\Documents\GitHub\INIA\inia-frontend-jc\node_modules\.pnpm\jsdom@20.0.3\node_module
s\jsdom\lib\jsdom\living\xhr\XMLHttpRequest-impl.js:655:18)
          at Request.emit (node:events:530:35)
          at ClientRequest.<anonymous> (C:\Users\Usuario\Documents\GitHub\INIA\inia-frontend-jc\node_modules\.pnpm\jsdom@20.0.3\node_
modules\jsdom\lib\jsdom\living\helpers\http-request.js:121:14)
          at ClientRequest.emit (node:events:518:28)
          at emitErrorEvent (node:_http_client:104:11)
          at Socket.socketErrorListener (node:_http_client:518:5)
          at Socket.emit (node:events:518:28)
          at emitErrorNT (node:internal/streams/destroy:170:8)
          at emitErrorCloseNT (node:internal/streams/destroy:129:3)
          at processTicksAndRejections (node:internal/process/task_queues:90:21) {
        type: 'XMLHttpRequest'
      }

      at VirtualConsole.<anonymous> 
(node_modules/.pnpm/jest-environment-jsdom@29.7.0/node_modules/jest-environment-jsdom/build/index.js:63:23)
      at Object.dispatchError (node_modules/.pnpm/jsdom@20.0.3/node_modules/jsdom/lib/jsdom/living/xhr/xhr-utils.js:66:53)
      at Request.<anonymous> (node_modules/.pnpm/jsdom@20.0.3/node_modules/jsdom/lib/jsdom/living/xhr/XMLHttpRequest-impl.js:655:18)
      at ClientRequest.<anonymous> 
(node_modules/.pnpm/jsdom@20.0.3/node_modules/jsdom/lib/jsdom/living/helpers/http-request.js:121:14)

    console.log
       API Call: /api/germinacion/1/tabla/1/valores/inia

      at log (app/services/api.ts:10:11)
          at Array.forEach (<anonymous>)

    console.log
       URL completa: http://localhost:8080/api/germinacion/1/tabla/1/valores/inia

      at log (app/services/api.ts:11:11)
          at Array.forEach (<anonymous>)

    console.log
       Headers enviados: { 'Content-Type': 'application/json' }

      at log (app/services/api.ts:19:11)
          at Array.forEach (<anonymous>)

    console.error
       Error de red en /api/germinacion/1/tabla/1/repeticion: TypeError: Network request failed
          at C:\Users\Usuario\Documents\GitHub\INIA\inia-frontend-jc\node_modules\.pnpm\whatwg-fetch@3.6.20\node_modules\whatwg-fetch
\dist\fetch.umd.js:567:18
          at Timeout.task [as _onTimeout] (C:\Users\Usuario\Documents\GitHub\INIA\inia-frontend-jc\node_modules\.pnpm\jsdom@20.0.3\no
de_modules\jsdom\lib\jsdom\browser\Window.js:520:19)
          at listOnTimeout (node:internal/timers:594:17)
          at processTimers (node:internal/timers:529:7)

    [0m [90m 57 |[39m     [36mreturn[39m contentType[33m?[39m[33m.[39mincludes([32m"application/json"[39m) [33m?[39m 
res[33m.[39mjson() [33m:[39m res[33m.[39mtext()[33m;[39m
     [90m 58 |[39m   } [36mcatch[39m (error) {
    [31m[1m>[22m[39m[90m 59 |[39m     console[33m.[39merror([32m` Error de red en ${endpoint}:`[39m[33m,[39m 
error)[33m;[39m
     [90m    |[39m             [31m[1m^[22m[39m
     [90m 60 |[39m     [36mthrow[39m error[33m;[39m
     [90m 61 |[39m   }
     [90m 62 |[39m }[0m

      at error (app/services/api.ts:59:13)
      at cargarRepeticiones (components/germinacion/repeticiones-manager-v2.tsx:44:20)

    console.error
      Error cargando repeticiones: TypeError: Network request failed
          at C:\Users\Usuario\Documents\GitHub\INIA\inia-frontend-jc\node_modules\.pnpm\whatwg-fetch@3.6.20\node_modules\whatwg-fetch
\dist\fetch.umd.js:567:18
          at Timeout.task [as _onTimeout] (C:\Users\Usuario\Documents\GitHub\INIA\inia-frontend-jc\node_modules\.pnpm\jsdom@20.0.3\no
de_modules\jsdom\lib\jsdom\browser\Window.js:520:19)
          at listOnTimeout (node:internal/timers:594:17)
          at processTimers (node:internal/timers:529:7)

    [0m [90m 55 |[39m       onRepeticionesUpdated(data)
     [90m 56 |[39m     } [36mcatch[39m (err[33m:[39m any) {
    [31m[1m>[22m[39m[90m 57 |[39m       console[33m.[39merror([32m"Error cargando repeticiones:"[39m[33m,[39m err)
     [90m    |[39m               [31m[1m^[22m[39m
     [90m 58 |[39m       setError(err[33m?[39m[33m.[39mmessage [33m||[39m [32m"Error al cargar repeticiones"[39m)
     [90m 59 |[39m     } [36mfinally[39m {
     [90m 60 |[39m       setLoading([36mfalse[39m)[0m

      at error (components/germinacion/repeticiones-manager-v2.tsx:57:15)

    console.error
      Error: AggregateError
          at Object.dispatchError (C:\Users\Usuario\Documents\GitHub\INIA\inia-frontend-jc\node_modules\.pnpm\jsdom@20.0.3\node_modul
es\jsdom\lib\jsdom\living\xhr\xhr-utils.js:63:19)
          at Request.<anonymous> (C:\Users\Usuario\Documents\GitHub\INIA\inia-frontend-jc\node_modules\.pnpm\jsdom@20.0.3\node_module
s\jsdom\lib\jsdom\living\xhr\XMLHttpRequest-impl.js:655:18)
          at Request.emit (node:events:530:35)
          at ClientRequest.<anonymous> (C:\Users\Usuario\Documents\GitHub\INIA\inia-frontend-jc\node_modules\.pnpm\jsdom@20.0.3\node_
modules\jsdom\lib\jsdom\living\helpers\http-request.js:121:14)
          at ClientRequest.emit (node:events:518:28)
          at emitErrorEvent (node:_http_client:104:11)
          at Socket.socketErrorListener (node:_http_client:518:5)
          at Socket.emit (node:events:518:28)
          at emitErrorNT (node:internal/streams/destroy:170:8)
          at emitErrorCloseNT (node:internal/streams/destroy:129:3)
          at processTicksAndRejections (node:internal/process/task_queues:90:21) {
        type: 'XMLHttpRequest'
      }

      at VirtualConsole.<anonymous> 
(node_modules/.pnpm/jest-environment-jsdom@29.7.0/node_modules/jest-environment-jsdom/build/index.js:63:23)
      at Object.dispatchError (node_modules/.pnpm/jsdom@20.0.3/node_modules/jsdom/lib/jsdom/living/xhr/xhr-utils.js:66:53)
      at Request.<anonymous> (node_modules/.pnpm/jsdom@20.0.3/node_modules/jsdom/lib/jsdom/living/xhr/XMLHttpRequest-impl.js:655:18)
      at ClientRequest.<anonymous> 
(node_modules/.pnpm/jsdom@20.0.3/node_modules/jsdom/lib/jsdom/living/helpers/http-request.js:121:14)

    console.log
       Cargando repeticiones para tabla 1...

      at log (components/germinacion/repeticiones-manager-v2.tsx:43:15)

    console.log
       API Call: /api/germinacion/1/tabla/1/repeticion

      at log (app/services/api.ts:10:11)

    console.log
       URL completa: http://localhost:8080/api/germinacion/1/tabla/1/repeticion

      at log (app/services/api.ts:11:11)

    console.log
       Headers enviados: { 'Content-Type': 'application/json' }

      at log (app/services/api.ts:19:11)

    console.error
       Error de red en /api/germinacion/1/tabla/1/valores/inase: TypeError: Network request failed
          at C:\Users\Usuario\Documents\GitHub\INIA\inia-frontend-jc\node_modules\.pnpm\whatwg-fetch@3.6.20\node_modules\whatwg-fetch
\dist\fetch.umd.js:567:18
          at Timeout.task [as _onTimeout] (C:\Users\Usuario\Documents\GitHub\INIA\inia-frontend-jc\node_modules\.pnpm\jsdom@20.0.3\no
de_modules\jsdom\lib\jsdom\browser\Window.js:520:19)
          at listOnTimeout (node:internal/timers:594:17)
          at processTimers (node:internal/timers:529:7)

    [0m [90m 57 |[39m     [36mreturn[39m contentType[33m?[39m[33m.[39mincludes([32m"application/json"[39m) [33m?[39m 
res[33m.[39mjson() [33m:[39m res[33m.[39mtext()[33m;[39m
     [90m 58 |[39m   } [36mcatch[39m (error) {
    [31m[1m>[22m[39m[90m 59 |[39m     console[33m.[39merror([32m` Error de red en ${endpoint}:`[39m[33m,[39m 
error)[33m;[39m
     [90m    |[39m             [31m[1m^[22m[39m
     [90m 60 |[39m     [36mthrow[39m error[33m;[39m
     [90m 61 |[39m   }
     [90m 62 |[39m }[0m

      at error (app/services/api.ts:59:13)
      at components/germinacion/tablas-germinacion-section.tsx:1187:36

    console.error
      Error: AggregateError
          at Object.dispatchError (C:\Users\Usuario\Documents\GitHub\INIA\inia-frontend-jc\node_modules\.pnpm\jsdom@20.0.3\node_modul
es\jsdom\lib\jsdom\living\xhr\xhr-utils.js:63:19)
          at Request.<anonymous> (C:\Users\Usuario\Documents\GitHub\INIA\inia-frontend-jc\node_modules\.pnpm\jsdom@20.0.3\node_module
s\jsdom\lib\jsdom\living\xhr\XMLHttpRequest-impl.js:655:18)
          at Request.emit (node:events:530:35)
          at ClientRequest.<anonymous> (C:\Users\Usuario\Documents\GitHub\INIA\inia-frontend-jc\node_modules\.pnpm\jsdom@20.0.3\node_
modules\jsdom\lib\jsdom\living\helpers\http-request.js:121:14)
          at ClientRequest.emit (node:events:518:28)
          at emitErrorEvent (node:_http_client:104:11)
          at Socket.socketErrorListener (node:_http_client:518:5)
          at Socket.emit (node:events:518:28)
          at emitErrorNT (node:internal/streams/destroy:170:8)
          at emitErrorCloseNT (node:internal/streams/destroy:129:3)
          at processTicksAndRejections (node:internal/process/task_queues:90:21) {
        type: 'XMLHttpRequest'
      }

      at VirtualConsole.<anonymous> 
(node_modules/.pnpm/jest-environment-jsdom@29.7.0/node_modules/jest-environment-jsdom/build/index.js:63:23)
      at Object.dispatchError (node_modules/.pnpm/jsdom@20.0.3/node_modules/jsdom/lib/jsdom/living/xhr/xhr-utils.js:66:53)
      at Request.<anonymous> (node_modules/.pnpm/jsdom@20.0.3/node_modules/jsdom/lib/jsdom/living/xhr/XMLHttpRequest-impl.js:655:18)
      at ClientRequest.<anonymous> 
(node_modules/.pnpm/jsdom@20.0.3/node_modules/jsdom/lib/jsdom/living/helpers/http-request.js:121:14)

    console.error
       Error de red en /api/germinacion/1/tabla/1/valores/inia: TypeError: Network request failed
          at C:\Users\Usuario\Documents\GitHub\INIA\inia-frontend-jc\node_modules\.pnpm\whatwg-fetch@3.6.20\node_modules\whatwg-fetch
\dist\fetch.umd.js:567:18
          at Timeout.task [as _onTimeout] (C:\Users\Usuario\Documents\GitHub\INIA\inia-frontend-jc\node_modules\.pnpm\jsdom@20.0.3\no
de_modules\jsdom\lib\jsdom\browser\Window.js:520:19)
          at listOnTimeout (node:internal/timers:594:17)
          at processTimers (node:internal/timers:529:7)

    [0m [90m 57 |[39m     [36mreturn[39m contentType[33m?[39m[33m.[39mincludes([32m"application/json"[39m) [33m?[39m 
res[33m.[39mjson() [33m:[39m res[33m.[39mtext()[33m;[39m
     [90m 58 |[39m   } [36mcatch[39m (error) {
    [31m[1m>[22m[39m[90m 59 |[39m     console[33m.[39merror([32m` Error de red en ${endpoint}:`[39m[33m,[39m 
error)[33m;[39m
     [90m    |[39m             [31m[1m^[22m[39m
     [90m 60 |[39m     [36mthrow[39m error[33m;[39m
     [90m 61 |[39m   }
     [90m 62 |[39m }[0m

      at error (app/services/api.ts:59:13)
      at components/germinacion/tablas-germinacion-section.tsx:1170:35

    console.log
       API Call: /api/germinacion/1/tabla/1/valores/inase

      at log (app/services/api.ts:10:11)

    console.log
       URL completa: http://localhost:8080/api/germinacion/1/tabla/1/valores/inase

      at log (app/services/api.ts:11:11)

    console.log
       Headers enviados: { 'Content-Type': 'application/json' }

      at log (app/services/api.ts:19:11)

    console.error
      Error: AggregateError
          at Object.dispatchError (C:\Users\Usuario\Documents\GitHub\INIA\inia-frontend-jc\node_modules\.pnpm\jsdom@20.0.3\node_modul
es\jsdom\lib\jsdom\living\xhr\xhr-utils.js:63:19)
          at Request.<anonymous> (C:\Users\Usuario\Documents\GitHub\INIA\inia-frontend-jc\node_modules\.pnpm\jsdom@20.0.3\node_module
s\jsdom\lib\jsdom\living\xhr\XMLHttpRequest-impl.js:655:18)
          at Request.emit (node:events:530:35)
          at ClientRequest.<anonymous> (C:\Users\Usuario\Documents\GitHub\INIA\inia-frontend-jc\node_modules\.pnpm\jsdom@20.0.3\node_
modules\jsdom\lib\jsdom\living\helpers\http-request.js:121:14)
          at ClientRequest.emit (node:events:518:28)
          at emitErrorEvent (node:_http_client:104:11)
          at Socket.socketErrorListener (node:_http_client:518:5)
          at Socket.emit (node:events:518:28)
          at emitErrorNT (node:internal/streams/destroy:170:8)
          at emitErrorCloseNT (node:internal/streams/destroy:129:3)
          at processTicksAndRejections (node:internal/process/task_queues:90:21) {
        type: 'XMLHttpRequest'
      }

      at VirtualConsole.<anonymous> 
(node_modules/.pnpm/jest-environment-jsdom@29.7.0/node_modules/jest-environment-jsdom/build/index.js:63:23)
      at Object.dispatchError (node_modules/.pnpm/jsdom@20.0.3/node_modules/jsdom/lib/jsdom/living/xhr/xhr-utils.js:66:53)
      at Request.<anonymous> (node_modules/.pnpm/jsdom@20.0.3/node_modules/jsdom/lib/jsdom/living/xhr/XMLHttpRequest-impl.js:655:18)
      at ClientRequest.<anonymous> 
(node_modules/.pnpm/jsdom@20.0.3/node_modules/jsdom/lib/jsdom/living/helpers/http-request.js:121:14)

    console.log
       API Call: /api/germinacion/1/tabla/1/valores/inia

      at log (app/services/api.ts:10:11)
          at Array.forEach (<anonymous>)

    console.log
       URL completa: http://localhost:8080/api/germinacion/1/tabla/1/valores/inia

      at log (app/services/api.ts:11:11)
          at Array.forEach (<anonymous>)

    console.log
       Headers enviados: { 'Content-Type': 'application/json' }

      at log (app/services/api.ts:19:11)
          at Array.forEach (<anonymous>)

    console.error
       Error de red en /api/germinacion/1/tabla/1/repeticion: TypeError: Network request failed
          at C:\Users\Usuario\Documents\GitHub\INIA\inia-frontend-jc\node_modules\.pnpm\whatwg-fetch@3.6.20\node_modules\whatwg-fetch
\dist\fetch.umd.js:567:18
          at Timeout.task [as _onTimeout] (C:\Users\Usuario\Documents\GitHub\INIA\inia-frontend-jc\node_modules\.pnpm\jsdom@20.0.3\no
de_modules\jsdom\lib\jsdom\browser\Window.js:520:19)
          at listOnTimeout (node:internal/timers:594:17)
          at processTimers (node:internal/timers:529:7)

    [0m [90m 57 |[39m     [36mreturn[39m contentType[33m?[39m[33m.[39mincludes([32m"application/json"[39m) [33m?[39m 
res[33m.[39mjson() [33m:[39m res[33m.[39mtext()[33m;[39m
     [90m 58 |[39m   } [36mcatch[39m (error) {
    [31m[1m>[22m[39m[90m 59 |[39m     console[33m.[39merror([32m` Error de red en ${endpoint}:`[39m[33m,[39m 
error)[33m;[39m
     [90m    |[39m             [31m[1m^[22m[39m
     [90m 60 |[39m     [36mthrow[39m error[33m;[39m
     [90m 61 |[39m   }
     [90m 62 |[39m }[0m

      at error (app/services/api.ts:59:13)
      at cargarRepeticiones (components/germinacion/repeticiones-manager-v2.tsx:44:20)

    console.error
      Error cargando repeticiones: TypeError: Network request failed
          at C:\Users\Usuario\Documents\GitHub\INIA\inia-frontend-jc\node_modules\.pnpm\whatwg-fetch@3.6.20\node_modules\whatwg-fetch
\dist\fetch.umd.js:567:18
          at Timeout.task [as _onTimeout] (C:\Users\Usuario\Documents\GitHub\INIA\inia-frontend-jc\node_modules\.pnpm\jsdom@20.0.3\no
de_modules\jsdom\lib\jsdom\browser\Window.js:520:19)
          at listOnTimeout (node:internal/timers:594:17)
          at processTimers (node:internal/timers:529:7)

    [0m [90m 55 |[39m       onRepeticionesUpdated(data)
     [90m 56 |[39m     } [36mcatch[39m (err[33m:[39m any) {
    [31m[1m>[22m[39m[90m 57 |[39m       console[33m.[39merror([32m"Error cargando repeticiones:"[39m[33m,[39m err)
     [90m    |[39m               [31m[1m^[22m[39m
     [90m 58 |[39m       setError(err[33m?[39m[33m.[39mmessage [33m||[39m [32m"Error al cargar repeticiones"[39m)
     [90m 59 |[39m     } [36mfinally[39m {
     [90m 60 |[39m       setLoading([36mfalse[39m)[0m

      at error (components/germinacion/repeticiones-manager-v2.tsx:57:15)

    console.error
      Error: AggregateError
          at Object.dispatchError (C:\Users\Usuario\Documents\GitHub\INIA\inia-frontend-jc\node_modules\.pnpm\jsdom@20.0.3\node_modul
es\jsdom\lib\jsdom\living\xhr\xhr-utils.js:63:19)
          at Request.<anonymous> (C:\Users\Usuario\Documents\GitHub\INIA\inia-frontend-jc\node_modules\.pnpm\jsdom@20.0.3\node_module
s\jsdom\lib\jsdom\living\xhr\XMLHttpRequest-impl.js:655:18)
          at Request.emit (node:events:530:35)
          at ClientRequest.<anonymous> (C:\Users\Usuario\Documents\GitHub\INIA\inia-frontend-jc\node_modules\.pnpm\jsdom@20.0.3\node_
modules\jsdom\lib\jsdom\living\helpers\http-request.js:121:14)
          at ClientRequest.emit (node:events:518:28)
          at emitErrorEvent (node:_http_client:104:11)
          at Socket.socketErrorListener (node:_http_client:518:5)
          at Socket.emit (node:events:518:28)
          at emitErrorNT (node:internal/streams/destroy:170:8)
          at emitErrorCloseNT (node:internal/streams/destroy:129:3)
          at processTicksAndRejections (node:internal/process/task_queues:90:21) {
        type: 'XMLHttpRequest'
      }

      at VirtualConsole.<anonymous> 
(node_modules/.pnpm/jest-environment-jsdom@29.7.0/node_modules/jest-environment-jsdom/build/index.js:63:23)
      at Object.dispatchError (node_modules/.pnpm/jsdom@20.0.3/node_modules/jsdom/lib/jsdom/living/xhr/xhr-utils.js:66:53)
      at Request.<anonymous> (node_modules/.pnpm/jsdom@20.0.3/node_modules/jsdom/lib/jsdom/living/xhr/XMLHttpRequest-impl.js:655:18)
      at ClientRequest.<anonymous> 
(node_modules/.pnpm/jsdom@20.0.3/node_modules/jsdom/lib/jsdom/living/helpers/http-request.js:121:14)

    console.log
       Cargando repeticiones para tabla 1...

      at log (components/germinacion/repeticiones-manager-v2.tsx:43:15)

    console.log
       API Call: /api/germinacion/1/tabla/1/repeticion

      at log (app/services/api.ts:10:11)

    console.log
       URL completa: http://localhost:8080/api/germinacion/1/tabla/1/repeticion

      at log (app/services/api.ts:11:11)

    console.log
       Headers enviados: { 'Content-Type': 'application/json' }

      at log (app/services/api.ts:19:11)

    console.error
       Error de red en /api/germinacion/1/tabla/1/valores/inase: TypeError: Network request failed
          at C:\Users\Usuario\Documents\GitHub\INIA\inia-frontend-jc\node_modules\.pnpm\whatwg-fetch@3.6.20\node_modules\whatwg-fetch
\dist\fetch.umd.js:567:18
          at Timeout.task [as _onTimeout] (C:\Users\Usuario\Documents\GitHub\INIA\inia-frontend-jc\node_modules\.pnpm\jsdom@20.0.3\no
de_modules\jsdom\lib\jsdom\browser\Window.js:520:19)
          at listOnTimeout (node:internal/timers:594:17)
          at processTimers (node:internal/timers:529:7)

    [0m [90m 57 |[39m     [36mreturn[39m contentType[33m?[39m[33m.[39mincludes([32m"application/json"[39m) [33m?[39m 
res[33m.[39mjson() [33m:[39m res[33m.[39mtext()[33m;[39m
     [90m 58 |[39m   } [36mcatch[39m (error) {
    [31m[1m>[22m[39m[90m 59 |[39m     console[33m.[39merror([32m` Error de red en ${endpoint}:`[39m[33m,[39m 
error)[33m;[39m
     [90m    |[39m             [31m[1m^[22m[39m
     [90m 60 |[39m     [36mthrow[39m error[33m;[39m
     [90m 61 |[39m   }
     [90m 62 |[39m }[0m

      at error (app/services/api.ts:59:13)
      at components/germinacion/tablas-germinacion-section.tsx:1187:36

    console.error
      Error: AggregateError
          at Object.dispatchError (C:\Users\Usuario\Documents\GitHub\INIA\inia-frontend-jc\node_modules\.pnpm\jsdom@20.0.3\node_modul
es\jsdom\lib\jsdom\living\xhr\xhr-utils.js:63:19)
          at Request.<anonymous> (C:\Users\Usuario\Documents\GitHub\INIA\inia-frontend-jc\node_modules\.pnpm\jsdom@20.0.3\node_module
s\jsdom\lib\jsdom\living\xhr\XMLHttpRequest-impl.js:655:18)
          at Request.emit (node:events:530:35)
          at ClientRequest.<anonymous> (C:\Users\Usuario\Documents\GitHub\INIA\inia-frontend-jc\node_modules\.pnpm\jsdom@20.0.3\node_
modules\jsdom\lib\jsdom\living\helpers\http-request.js:121:14)
          at ClientRequest.emit (node:events:518:28)
          at emitErrorEvent (node:_http_client:104:11)
          at Socket.socketErrorListener (node:_http_client:518:5)
          at Socket.emit (node:events:518:28)
          at emitErrorNT (node:internal/streams/destroy:170:8)
          at emitErrorCloseNT (node:internal/streams/destroy:129:3)
          at processTicksAndRejections (node:internal/process/task_queues:90:21) {
        type: 'XMLHttpRequest'
      }

      at VirtualConsole.<anonymous> 
(node_modules/.pnpm/jest-environment-jsdom@29.7.0/node_modules/jest-environment-jsdom/build/index.js:63:23)
      at Object.dispatchError (node_modules/.pnpm/jsdom@20.0.3/node_modules/jsdom/lib/jsdom/living/xhr/xhr-utils.js:66:53)
      at Request.<anonymous> (node_modules/.pnpm/jsdom@20.0.3/node_modules/jsdom/lib/jsdom/living/xhr/XMLHttpRequest-impl.js:655:18)
      at ClientRequest.<anonymous> 
(node_modules/.pnpm/jsdom@20.0.3/node_modules/jsdom/lib/jsdom/living/helpers/http-request.js:121:14)

    console.error
       Error de red en /api/germinacion/1/tabla/1/valores/inia: TypeError: Network request failed
          at C:\Users\Usuario\Documents\GitHub\INIA\inia-frontend-jc\node_modules\.pnpm\whatwg-fetch@3.6.20\node_modules\whatwg-fetch
\dist\fetch.umd.js:567:18
          at Timeout.task [as _onTimeout] (C:\Users\Usuario\Documents\GitHub\INIA\inia-frontend-jc\node_modules\.pnpm\jsdom@20.0.3\no
de_modules\jsdom\lib\jsdom\browser\Window.js:520:19)
          at listOnTimeout (node:internal/timers:594:17)
          at processTimers (node:internal/timers:529:7)

    [0m [90m 57 |[39m     [36mreturn[39m contentType[33m?[39m[33m.[39mincludes([32m"application/json"[39m) [33m?[39m 
res[33m.[39mjson() [33m:[39m res[33m.[39mtext()[33m;[39m
     [90m 58 |[39m   } [36mcatch[39m (error) {
    [31m[1m>[22m[39m[90m 59 |[39m     console[33m.[39merror([32m` Error de red en ${endpoint}:`[39m[33m,[39m 
error)[33m;[39m
     [90m    |[39m             [31m[1m^[22m[39m
     [90m 60 |[39m     [36mthrow[39m error[33m;[39m
     [90m 61 |[39m   }
     [90m 62 |[39m }[0m

      at error (app/services/api.ts:59:13)
      at components/germinacion/tablas-germinacion-section.tsx:1170:35

    console.log
       API Call: /api/germinacion/1/tabla/1/valores/inase

      at log (app/services/api.ts:10:11)

    console.log
       URL completa: http://localhost:8080/api/germinacion/1/tabla/1/valores/inase

      at log (app/services/api.ts:11:11)

    console.log
       Headers enviados: { 'Content-Type': 'application/json' }

      at log (app/services/api.ts:19:11)

    console.error
      Error: AggregateError
          at Object.dispatchError (C:\Users\Usuario\Documents\GitHub\INIA\inia-frontend-jc\node_modules\.pnpm\jsdom@20.0.3\node_modul
es\jsdom\lib\jsdom\living\xhr\xhr-utils.js:63:19)
          at Request.<anonymous> (C:\Users\Usuario\Documents\GitHub\INIA\inia-frontend-jc\node_modules\.pnpm\jsdom@20.0.3\node_module
s\jsdom\lib\jsdom\living\xhr\XMLHttpRequest-impl.js:655:18)
          at Request.emit (node:events:530:35)
          at ClientRequest.<anonymous> (C:\Users\Usuario\Documents\GitHub\INIA\inia-frontend-jc\node_modules\.pnpm\jsdom@20.0.3\node_
modules\jsdom\lib\jsdom\living\helpers\http-request.js:121:14)
          at ClientRequest.emit (node:events:518:28)
          at emitErrorEvent (node:_http_client:104:11)
          at Socket.socketErrorListener (node:_http_client:518:5)
          at Socket.emit (node:events:518:28)
          at emitErrorNT (node:internal/streams/destroy:170:8)
          at emitErrorCloseNT (node:internal/streams/destroy:129:3)
          at processTicksAndRejections (node:internal/process/task_queues:90:21) {
        type: 'XMLHttpRequest'
      }

      at VirtualConsole.<anonymous> 
(node_modules/.pnpm/jest-environment-jsdom@29.7.0/node_modules/jest-environment-jsdom/build/index.js:63:23)
      at Object.dispatchError (node_modules/.pnpm/jsdom@20.0.3/node_modules/jsdom/lib/jsdom/living/xhr/xhr-utils.js:66:53)
      at Request.<anonymous> (node_modules/.pnpm/jsdom@20.0.3/node_modules/jsdom/lib/jsdom/living/xhr/XMLHttpRequest-impl.js:655:18)
      at ClientRequest.<anonymous> 
(node_modules/.pnpm/jsdom@20.0.3/node_modules/jsdom/lib/jsdom/living/helpers/http-request.js:121:14)

    console.log
       API Call: /api/germinacion/1/tabla/1/valores/inia

      at log (app/services/api.ts:10:11)
          at Array.forEach (<anonymous>)

    console.log
       URL completa: http://localhost:8080/api/germinacion/1/tabla/1/valores/inia

      at log (app/services/api.ts:11:11)
          at Array.forEach (<anonymous>)

    console.log
       Headers enviados: { 'Content-Type': 'application/json' }

      at log (app/services/api.ts:19:11)
          at Array.forEach (<anonymous>)

    console.error
       Error de red en /api/germinacion/1/tabla/1/repeticion: TypeError: Network request failed
          at C:\Users\Usuario\Documents\GitHub\INIA\inia-frontend-jc\node_modules\.pnpm\whatwg-fetch@3.6.20\node_modules\whatwg-fetch
\dist\fetch.umd.js:567:18
          at Timeout.task [as _onTimeout] (C:\Users\Usuario\Documents\GitHub\INIA\inia-frontend-jc\node_modules\.pnpm\jsdom@20.0.3\no
de_modules\jsdom\lib\jsdom\browser\Window.js:520:19)
          at listOnTimeout (node:internal/timers:594:17)
          at processTimers (node:internal/timers:529:7)

    [0m [90m 57 |[39m     [36mreturn[39m contentType[33m?[39m[33m.[39mincludes([32m"application/json"[39m) [33m?[39m 
res[33m.[39mjson() [33m:[39m res[33m.[39mtext()[33m;[39m
     [90m 58 |[39m   } [36mcatch[39m (error) {
    [31m[1m>[22m[39m[90m 59 |[39m     console[33m.[39merror([32m` Error de red en ${endpoint}:`[39m[33m,[39m 
error)[33m;[39m
     [90m    |[39m             [31m[1m^[22m[39m
     [90m 60 |[39m     [36mthrow[39m error[33m;[39m
     [90m 61 |[39m   }
     [90m 62 |[39m }[0m

      at error (app/services/api.ts:59:13)
      at cargarRepeticiones (components/germinacion/repeticiones-manager-v2.tsx:44:20)

    console.error
      Error cargando repeticiones: TypeError: Network request failed
          at C:\Users\Usuario\Documents\GitHub\INIA\inia-frontend-jc\node_modules\.pnpm\whatwg-fetch@3.6.20\node_modules\whatwg-fetch
\dist\fetch.umd.js:567:18
          at Timeout.task [as _onTimeout] (C:\Users\Usuario\Documents\GitHub\INIA\inia-frontend-jc\node_modules\.pnpm\jsdom@20.0.3\no
de_modules\jsdom\lib\jsdom\browser\Window.js:520:19)
          at listOnTimeout (node:internal/timers:594:17)
          at processTimers (node:internal/timers:529:7)

    [0m [90m 55 |[39m       onRepeticionesUpdated(data)
     [90m 56 |[39m     } [36mcatch[39m (err[33m:[39m any) {
    [31m[1m>[22m[39m[90m 57 |[39m       console[33m.[39merror([32m"Error cargando repeticiones:"[39m[33m,[39m err)
     [90m    |[39m               [31m[1m^[22m[39m
     [90m 58 |[39m       setError(err[33m?[39m[33m.[39mmessage [33m||[39m [32m"Error al cargar repeticiones"[39m)
     [90m 59 |[39m     } [36mfinally[39m {
     [90m 60 |[39m       setLoading([36mfalse[39m)[0m

      at error (components/germinacion/repeticiones-manager-v2.tsx:57:15)

    console.error
      Error: AggregateError
          at Object.dispatchError (C:\Users\Usuario\Documents\GitHub\INIA\inia-frontend-jc\node_modules\.pnpm\jsdom@20.0.3\node_modul
es\jsdom\lib\jsdom\living\xhr\xhr-utils.js:63:19)
          at Request.<anonymous> (C:\Users\Usuario\Documents\GitHub\INIA\inia-frontend-jc\node_modules\.pnpm\jsdom@20.0.3\node_module
s\jsdom\lib\jsdom\living\xhr\XMLHttpRequest-impl.js:655:18)
          at Request.emit (node:events:530:35)
          at ClientRequest.<anonymous> (C:\Users\Usuario\Documents\GitHub\INIA\inia-frontend-jc\node_modules\.pnpm\jsdom@20.0.3\node_
modules\jsdom\lib\jsdom\living\helpers\http-request.js:121:14)
          at ClientRequest.emit (node:events:518:28)
          at emitErrorEvent (node:_http_client:104:11)
          at Socket.socketErrorListener (node:_http_client:518:5)
          at Socket.emit (node:events:518:28)
          at emitErrorNT (node:internal/streams/destroy:170:8)
          at emitErrorCloseNT (node:internal/streams/destroy:129:3)
          at processTicksAndRejections (node:internal/process/task_queues:90:21) {
        type: 'XMLHttpRequest'
      }

      at VirtualConsole.<anonymous> 
(node_modules/.pnpm/jest-environment-jsdom@29.7.0/node_modules/jest-environment-jsdom/build/index.js:63:23)
      at Object.dispatchError (node_modules/.pnpm/jsdom@20.0.3/node_modules/jsdom/lib/jsdom/living/xhr/xhr-utils.js:66:53)
      at Request.<anonymous> (node_modules/.pnpm/jsdom@20.0.3/node_modules/jsdom/lib/jsdom/living/xhr/XMLHttpRequest-impl.js:655:18)
      at ClientRequest.<anonymous> 
(node_modules/.pnpm/jsdom@20.0.3/node_modules/jsdom/lib/jsdom/living/helpers/http-request.js:121:14)

    console.log
       Cargando repeticiones para tabla 1...

      at log (components/germinacion/repeticiones-manager-v2.tsx:43:15)

    console.log
       API Call: /api/germinacion/1/tabla/1/repeticion

      at log (app/services/api.ts:10:11)

    console.log
       URL completa: http://localhost:8080/api/germinacion/1/tabla/1/repeticion

      at log (app/services/api.ts:11:11)

    console.log
       Headers enviados: { 'Content-Type': 'application/json' }

      at log (app/services/api.ts:19:11)

    console.error
       Error de red en /api/germinacion/1/tabla/1/valores/inase: TypeError: Network request failed
          at C:\Users\Usuario\Documents\GitHub\INIA\inia-frontend-jc\node_modules\.pnpm\whatwg-fetch@3.6.20\node_modules\whatwg-fetch
\dist\fetch.umd.js:567:18
          at Timeout.task [as _onTimeout] (C:\Users\Usuario\Documents\GitHub\INIA\inia-frontend-jc\node_modules\.pnpm\jsdom@20.0.3\no
de_modules\jsdom\lib\jsdom\browser\Window.js:520:19)
          at listOnTimeout (node:internal/timers:594:17)
          at processTimers (node:internal/timers:529:7)

    [0m [90m 57 |[39m     [36mreturn[39m contentType[33m?[39m[33m.[39mincludes([32m"application/json"[39m) [33m?[39m 
res[33m.[39mjson() [33m:[39m res[33m.[39mtext()[33m;[39m
     [90m 58 |[39m   } [36mcatch[39m (error) {
    [31m[1m>[22m[39m[90m 59 |[39m     console[33m.[39merror([32m` Error de red en ${endpoint}:`[39m[33m,[39m 
error)[33m;[39m
     [90m    |[39m             [31m[1m^[22m[39m
     [90m 60 |[39m     [36mthrow[39m error[33m;[39m
     [90m 61 |[39m   }
     [90m 62 |[39m }[0m

      at error (app/services/api.ts:59:13)
      at components/germinacion/tablas-germinacion-section.tsx:1187:36

    console.error
      Error: AggregateError
          at Object.dispatchError (C:\Users\Usuario\Documents\GitHub\INIA\inia-frontend-jc\node_modules\.pnpm\jsdom@20.0.3\node_modul
es\jsdom\lib\jsdom\living\xhr\xhr-utils.js:63:19)
          at Request.<anonymous> (C:\Users\Usuario\Documents\GitHub\INIA\inia-frontend-jc\node_modules\.pnpm\jsdom@20.0.3\node_module
s\jsdom\lib\jsdom\living\xhr\XMLHttpRequest-impl.js:655:18)
          at Request.emit (node:events:530:35)
          at ClientRequest.<anonymous> (C:\Users\Usuario\Documents\GitHub\INIA\inia-frontend-jc\node_modules\.pnpm\jsdom@20.0.3\node_
modules\jsdom\lib\jsdom\living\helpers\http-request.js:121:14)
          at ClientRequest.emit (node:events:518:28)
          at emitErrorEvent (node:_http_client:104:11)
          at Socket.socketErrorListener (node:_http_client:518:5)
          at Socket.emit (node:events:518:28)
          at emitErrorNT (node:internal/streams/destroy:170:8)
          at emitErrorCloseNT (node:internal/streams/destroy:129:3)
          at processTicksAndRejections (node:internal/process/task_queues:90:21) {
        type: 'XMLHttpRequest'
      }

      at VirtualConsole.<anonymous> 
(node_modules/.pnpm/jest-environment-jsdom@29.7.0/node_modules/jest-environment-jsdom/build/index.js:63:23)
      at Object.dispatchError (node_modules/.pnpm/jsdom@20.0.3/node_modules/jsdom/lib/jsdom/living/xhr/xhr-utils.js:66:53)
      at Request.<anonymous> (node_modules/.pnpm/jsdom@20.0.3/node_modules/jsdom/lib/jsdom/living/xhr/XMLHttpRequest-impl.js:655:18)
      at ClientRequest.<anonymous> 
(node_modules/.pnpm/jsdom@20.0.3/node_modules/jsdom/lib/jsdom/living/helpers/http-request.js:121:14)

    console.error
       Error de red en /api/germinacion/1/tabla/1/valores/inia: TypeError: Network request failed
          at C:\Users\Usuario\Documents\GitHub\INIA\inia-frontend-jc\node_modules\.pnpm\whatwg-fetch@3.6.20\node_modules\whatwg-fetch
\dist\fetch.umd.js:567:18
          at Timeout.task [as _onTimeout] (C:\Users\Usuario\Documents\GitHub\INIA\inia-frontend-jc\node_modules\.pnpm\jsdom@20.0.3\no
de_modules\jsdom\lib\jsdom\browser\Window.js:520:19)
          at listOnTimeout (node:internal/timers:594:17)
          at processTimers (node:internal/timers:529:7)

    [0m [90m 57 |[39m     [36mreturn[39m contentType[33m?[39m[33m.[39mincludes([32m"application/json"[39m) [33m?[39m 
res[33m.[39mjson() [33m:[39m res[33m.[39mtext()[33m;[39m
     [90m 58 |[39m   } [36mcatch[39m (error) {
    [31m[1m>[22m[39m[90m 59 |[39m     console[33m.[39merror([32m` Error de red en ${endpoint}:`[39m[33m,[39m 
error)[33m;[39m
     [90m    |[39m             [31m[1m^[22m[39m
     [90m 60 |[39m     [36mthrow[39m error[33m;[39m
     [90m 61 |[39m   }
     [90m 62 |[39m }[0m

      at error (app/services/api.ts:59:13)
      at components/germinacion/tablas-germinacion-section.tsx:1170:35

    console.log
       API Call: /api/germinacion/1/tabla/1/valores/inase

      at log (app/services/api.ts:10:11)

    console.log
       URL completa: http://localhost:8080/api/germinacion/1/tabla/1/valores/inase

      at log (app/services/api.ts:11:11)

    console.log
       Headers enviados: { 'Content-Type': 'application/json' }

      at log (app/services/api.ts:19:11)

    console.error
      Error: AggregateError
          at Object.dispatchError (C:\Users\Usuario\Documents\GitHub\INIA\inia-frontend-jc\node_modules\.pnpm\jsdom@20.0.3\node_modul
es\jsdom\lib\jsdom\living\xhr\xhr-utils.js:63:19)
          at Request.<anonymous> (C:\Users\Usuario\Documents\GitHub\INIA\inia-frontend-jc\node_modules\.pnpm\jsdom@20.0.3\node_module
s\jsdom\lib\jsdom\living\xhr\XMLHttpRequest-impl.js:655:18)
          at Request.emit (node:events:530:35)
          at ClientRequest.<anonymous> (C:\Users\Usuario\Documents\GitHub\INIA\inia-frontend-jc\node_modules\.pnpm\jsdom@20.0.3\node_
modules\jsdom\lib\jsdom\living\helpers\http-request.js:121:14)
          at ClientRequest.emit (node:events:518:28)
          at emitErrorEvent (node:_http_client:104:11)
          at Socket.socketErrorListener (node:_http_client:518:5)
          at Socket.emit (node:events:518:28)
          at emitErrorNT (node:internal/streams/destroy:170:8)
          at emitErrorCloseNT (node:internal/streams/destroy:129:3)
          at processTicksAndRejections (node:internal/process/task_queues:90:21) {
        type: 'XMLHttpRequest'
      }

      at VirtualConsole.<anonymous> 
(node_modules/.pnpm/jest-environment-jsdom@29.7.0/node_modules/jest-environment-jsdom/build/index.js:63:23)
      at Object.dispatchError (node_modules/.pnpm/jsdom@20.0.3/node_modules/jsdom/lib/jsdom/living/xhr/xhr-utils.js:66:53)
      at Request.<anonymous> (node_modules/.pnpm/jsdom@20.0.3/node_modules/jsdom/lib/jsdom/living/xhr/XMLHttpRequest-impl.js:655:18)
      at ClientRequest.<anonymous> 
(node_modules/.pnpm/jsdom@20.0.3/node_modules/jsdom/lib/jsdom/living/helpers/http-request.js:121:14)

    console.log
       API Call: /api/germinacion/1/tabla/1/valores/inia

      at log (app/services/api.ts:10:11)
          at Array.forEach (<anonymous>)

    console.log
       URL completa: http://localhost:8080/api/germinacion/1/tabla/1/valores/inia

      at log (app/services/api.ts:11:11)
          at Array.forEach (<anonymous>)

    console.log
       Headers enviados: { 'Content-Type': 'application/json' }

      at log (app/services/api.ts:19:11)
          at Array.forEach (<anonymous>)

    console.error
       Error de red en /api/germinacion/1/tabla/1/repeticion: TypeError: Network request failed
          at C:\Users\Usuario\Documents\GitHub\INIA\inia-frontend-jc\node_modules\.pnpm\whatwg-fetch@3.6.20\node_modules\whatwg-fetch
\dist\fetch.umd.js:567:18
          at Timeout.task [as _onTimeout] (C:\Users\Usuario\Documents\GitHub\INIA\inia-frontend-jc\node_modules\.pnpm\jsdom@20.0.3\no
de_modules\jsdom\lib\jsdom\browser\Window.js:520:19)
          at listOnTimeout (node:internal/timers:594:17)
          at processTimers (node:internal/timers:529:7)

    [0m [90m 57 |[39m     [36mreturn[39m contentType[33m?[39m[33m.[39mincludes([32m"application/json"[39m) [33m?[39m 
res[33m.[39mjson() [33m:[39m res[33m.[39mtext()[33m;[39m
     [90m 58 |[39m   } [36mcatch[39m (error) {
    [31m[1m>[22m[39m[90m 59 |[39m     console[33m.[39merror([32m` Error de red en ${endpoint}:`[39m[33m,[39m 
error)[33m;[39m
     [90m    |[39m             [31m[1m^[22m[39m
     [90m 60 |[39m     [36mthrow[39m error[33m;[39m
     [90m 61 |[39m   }
     [90m 62 |[39m }[0m

      at error (app/services/api.ts:59:13)
      at cargarRepeticiones (components/germinacion/repeticiones-manager-v2.tsx:44:20)

    console.error
      Error cargando repeticiones: TypeError: Network request failed
          at C:\Users\Usuario\Documents\GitHub\INIA\inia-frontend-jc\node_modules\.pnpm\whatwg-fetch@3.6.20\node_modules\whatwg-fetch
\dist\fetch.umd.js:567:18
          at Timeout.task [as _onTimeout] (C:\Users\Usuario\Documents\GitHub\INIA\inia-frontend-jc\node_modules\.pnpm\jsdom@20.0.3\no
de_modules\jsdom\lib\jsdom\browser\Window.js:520:19)
          at listOnTimeout (node:internal/timers:594:17)
          at processTimers (node:internal/timers:529:7)

    [0m [90m 55 |[39m       onRepeticionesUpdated(data)
     [90m 56 |[39m     } [36mcatch[39m (err[33m:[39m any) {
    [31m[1m>[22m[39m[90m 57 |[39m       console[33m.[39merror([32m"Error cargando repeticiones:"[39m[33m,[39m err)
     [90m    |[39m               [31m[1m^[22m[39m
     [90m 58 |[39m       setError(err[33m?[39m[33m.[39mmessage [33m||[39m [32m"Error al cargar repeticiones"[39m)
     [90m 59 |[39m     } [36mfinally[39m {
     [90m 60 |[39m       setLoading([36mfalse[39m)[0m

      at error (components/germinacion/repeticiones-manager-v2.tsx:57:15)

    console.error
      Error: AggregateError
          at Object.dispatchError (C:\Users\Usuario\Documents\GitHub\INIA\inia-frontend-jc\node_modules\.pnpm\jsdom@20.0.3\node_modul
es\jsdom\lib\jsdom\living\xhr\xhr-utils.js:63:19)
          at Request.<anonymous> (C:\Users\Usuario\Documents\GitHub\INIA\inia-frontend-jc\node_modules\.pnpm\jsdom@20.0.3\node_module
s\jsdom\lib\jsdom\living\xhr\XMLHttpRequest-impl.js:655:18)
          at Request.emit (node:events:530:35)
          at ClientRequest.<anonymous> (C:\Users\Usuario\Documents\GitHub\INIA\inia-frontend-jc\node_modules\.pnpm\jsdom@20.0.3\node_
modules\jsdom\lib\jsdom\living\helpers\http-request.js:121:14)
          at ClientRequest.emit (node:events:518:28)
          at emitErrorEvent (node:_http_client:104:11)
          at Socket.socketErrorListener (node:_http_client:518:5)
          at Socket.emit (node:events:518:28)
          at emitErrorNT (node:internal/streams/destroy:170:8)
          at emitErrorCloseNT (node:internal/streams/destroy:129:3)
          at processTicksAndRejections (node:internal/process/task_queues:90:21) {
        type: 'XMLHttpRequest'
      }

      at VirtualConsole.<anonymous> 
(node_modules/.pnpm/jest-environment-jsdom@29.7.0/node_modules/jest-environment-jsdom/build/index.js:63:23)
      at Object.dispatchError (node_modules/.pnpm/jsdom@20.0.3/node_modules/jsdom/lib/jsdom/living/xhr/xhr-utils.js:66:53)
      at Request.<anonymous> (node_modules/.pnpm/jsdom@20.0.3/node_modules/jsdom/lib/jsdom/living/xhr/XMLHttpRequest-impl.js:655:18)
      at ClientRequest.<anonymous> 
(node_modules/.pnpm/jsdom@20.0.3/node_modules/jsdom/lib/jsdom/living/helpers/http-request.js:121:14)

    console.error
       Error de red en /api/germinacion/1/tabla/1/valores/inase: TypeError: Network request failed
          at C:\Users\Usuario\Documents\GitHub\INIA\inia-frontend-jc\node_modules\.pnpm\whatwg-fetch@3.6.20\node_modules\whatwg-fetch
\dist\fetch.umd.js:567:18
          at Timeout.task [as _onTimeout] (C:\Users\Usuario\Documents\GitHub\INIA\inia-frontend-jc\node_modules\.pnpm\jsdom@20.0.3\no
de_modules\jsdom\lib\jsdom\browser\Window.js:520:19)
          at listOnTimeout (node:internal/timers:594:17)
          at processTimers (node:internal/timers:529:7)

    [0m [90m 57 |[39m     [36mreturn[39m contentType[33m?[39m[33m.[39mincludes([32m"application/json"[39m) [33m?[39m 
res[33m.[39mjson() [33m:[39m res[33m.[39mtext()[33m;[39m
     [90m 58 |[39m   } [36mcatch[39m (error) {
    [31m[1m>[22m[39m[90m 59 |[39m     console[33m.[39merror([32m` Error de red en ${endpoint}:`[39m[33m,[39m 
error)[33m;[39m
     [90m    |[39m             [31m[1m^[22m[39m
     [90m 60 |[39m     [36mthrow[39m error[33m;[39m
     [90m 61 |[39m   }
     [90m 62 |[39m }[0m

      at error (app/services/api.ts:59:13)
      at components/germinacion/tablas-germinacion-section.tsx:1187:36

    console.log
       Cargando repeticiones para tabla 1...

      at log (components/germinacion/repeticiones-manager-v2.tsx:43:15)

    console.log
       API Call: /api/germinacion/1/tabla/1/repeticion

      at log (app/services/api.ts:10:11)

    console.log
       URL completa: http://localhost:8080/api/germinacion/1/tabla/1/repeticion

      at log (app/services/api.ts:11:11)

    console.log
       Headers enviados: { 'Content-Type': 'application/json' }

      at log (app/services/api.ts:19:11)

    console.error
      Error: AggregateError
          at Object.dispatchError (C:\Users\Usuario\Documents\GitHub\INIA\inia-frontend-jc\node_modules\.pnpm\jsdom@20.0.3\node_modul
es\jsdom\lib\jsdom\living\xhr\xhr-utils.js:63:19)
          at Request.<anonymous> (C:\Users\Usuario\Documents\GitHub\INIA\inia-frontend-jc\node_modules\.pnpm\jsdom@20.0.3\node_module
s\jsdom\lib\jsdom\living\xhr\XMLHttpRequest-impl.js:655:18)
          at Request.emit (node:events:530:35)
          at ClientRequest.<anonymous> (C:\Users\Usuario\Documents\GitHub\INIA\inia-frontend-jc\node_modules\.pnpm\jsdom@20.0.3\node_
modules\jsdom\lib\jsdom\living\helpers\http-request.js:121:14)
          at ClientRequest.emit (node:events:518:28)
          at emitErrorEvent (node:_http_client:104:11)
          at Socket.socketErrorListener (node:_http_client:518:5)
          at Socket.emit (node:events:518:28)
          at emitErrorNT (node:internal/streams/destroy:170:8)
          at emitErrorCloseNT (node:internal/streams/destroy:129:3)
          at processTicksAndRejections (node:internal/process/task_queues:90:21) {
        type: 'XMLHttpRequest'
      }

      at VirtualConsole.<anonymous> 
(node_modules/.pnpm/jest-environment-jsdom@29.7.0/node_modules/jest-environment-jsdom/build/index.js:63:23)
      at Object.dispatchError (node_modules/.pnpm/jsdom@20.0.3/node_modules/jsdom/lib/jsdom/living/xhr/xhr-utils.js:66:53)
      at Request.<anonymous> (node_modules/.pnpm/jsdom@20.0.3/node_modules/jsdom/lib/jsdom/living/xhr/XMLHttpRequest-impl.js:655:18)
      at ClientRequest.<anonymous> 
(node_modules/.pnpm/jsdom@20.0.3/node_modules/jsdom/lib/jsdom/living/helpers/http-request.js:121:14)

    console.error
       Error de red en /api/germinacion/1/tabla/1/valores/inia: TypeError: Network request failed
          at C:\Users\Usuario\Documents\GitHub\INIA\inia-frontend-jc\node_modules\.pnpm\whatwg-fetch@3.6.20\node_modules\whatwg-fetch
\dist\fetch.umd.js:567:18
          at Timeout.task [as _onTimeout] (C:\Users\Usuario\Documents\GitHub\INIA\inia-frontend-jc\node_modules\.pnpm\jsdom@20.0.3\no
de_modules\jsdom\lib\jsdom\browser\Window.js:520:19)
          at listOnTimeout (node:internal/timers:594:17)
          at processTimers (node:internal/timers:529:7)

    [0m [90m 57 |[39m     [36mreturn[39m contentType[33m?[39m[33m.[39mincludes([32m"application/json"[39m) [33m?[39m 
res[33m.[39mjson() [33m:[39m res[33m.[39mtext()[33m;[39m
     [90m 58 |[39m   } [36mcatch[39m (error) {
    [31m[1m>[22m[39m[90m 59 |[39m     console[33m.[39merror([32m` Error de red en ${endpoint}:`[39m[33m,[39m 
error)[33m;[39m
     [90m    |[39m             [31m[1m^[22m[39m
     [90m 60 |[39m     [36mthrow[39m error[33m;[39m
     [90m 61 |[39m   }
     [90m 62 |[39m }[0m

      at error (app/services/api.ts:59:13)
      at components/germinacion/tablas-germinacion-section.tsx:1170:35

    console.log
       API Call: /api/germinacion/1/tabla/1/valores/inase

      at log (app/services/api.ts:10:11)

    console.log
       URL completa: http://localhost:8080/api/germinacion/1/tabla/1/valores/inase

      at log (app/services/api.ts:11:11)

    console.log
       Headers enviados: { 'Content-Type': 'application/json' }

      at log (app/services/api.ts:19:11)

    console.error
      Error: AggregateError
          at Object.dispatchError (C:\Users\Usuario\Documents\GitHub\INIA\inia-frontend-jc\node_modules\.pnpm\jsdom@20.0.3\node_modul
es\jsdom\lib\jsdom\living\xhr\xhr-utils.js:63:19)
          at Request.<anonymous> (C:\Users\Usuario\Documents\GitHub\INIA\inia-frontend-jc\node_modules\.pnpm\jsdom@20.0.3\node_module
s\jsdom\lib\jsdom\living\xhr\XMLHttpRequest-impl.js:655:18)
          at Request.emit (node:events:530:35)
          at ClientRequest.<anonymous> (C:\Users\Usuario\Documents\GitHub\INIA\inia-frontend-jc\node_modules\.pnpm\jsdom@20.0.3\node_
modules\jsdom\lib\jsdom\living\helpers\http-request.js:121:14)
          at ClientRequest.emit (node:events:518:28)
          at emitErrorEvent (node:_http_client:104:11)
          at Socket.socketErrorListener (node:_http_client:518:5)
          at Socket.emit (node:events:518:28)
          at emitErrorNT (node:internal/streams/destroy:170:8)
          at emitErrorCloseNT (node:internal/streams/destroy:129:3)
          at processTicksAndRejections (node:internal/process/task_queues:90:21) {
        type: 'XMLHttpRequest'
      }

      at VirtualConsole.<anonymous> 
(node_modules/.pnpm/jest-environment-jsdom@29.7.0/node_modules/jest-environment-jsdom/build/index.js:63:23)
      at Object.dispatchError (node_modules/.pnpm/jsdom@20.0.3/node_modules/jsdom/lib/jsdom/living/xhr/xhr-utils.js:66:53)
      at Request.<anonymous> (node_modules/.pnpm/jsdom@20.0.3/node_modules/jsdom/lib/jsdom/living/xhr/XMLHttpRequest-impl.js:655:18)
      at ClientRequest.<anonymous> 
(node_modules/.pnpm/jsdom@20.0.3/node_modules/jsdom/lib/jsdom/living/helpers/http-request.js:121:14)

    console.error
       Error de red en /api/germinacion/1/tabla/1/repeticion: TypeError: Network request failed
          at C:\Users\Usuario\Documents\GitHub\INIA\inia-frontend-jc\node_modules\.pnpm\whatwg-fetch@3.6.20\node_modules\whatwg-fetch
\dist\fetch.umd.js:567:18
          at Timeout.task [as _onTimeout] (C:\Users\Usuario\Documents\GitHub\INIA\inia-frontend-jc\node_modules\.pnpm\jsdom@20.0.3\no
de_modules\jsdom\lib\jsdom\browser\Window.js:520:19)
          at listOnTimeout (node:internal/timers:594:17)
          at processTimers (node:internal/timers:529:7)

    [0m [90m 57 |[39m     [36mreturn[39m contentType[33m?[39m[33m.[39mincludes([32m"application/json"[39m) [33m?[39m 
res[33m.[39mjson() [33m:[39m res[33m.[39mtext()[33m;[39m
     [90m 58 |[39m   } [36mcatch[39m (error) {
    [31m[1m>[22m[39m[90m 59 |[39m     console[33m.[39merror([32m` Error de red en ${endpoint}:`[39m[33m,[39m 
error)[33m;[39m
     [90m    |[39m             [31m[1m^[22m[39m
     [90m 60 |[39m     [36mthrow[39m error[33m;[39m
     [90m 61 |[39m   }
     [90m 62 |[39m }[0m

      at error (app/services/api.ts:59:13)
      at cargarRepeticiones (components/germinacion/repeticiones-manager-v2.tsx:44:20)

    console.error
      Error cargando repeticiones: TypeError: Network request failed
          at C:\Users\Usuario\Documents\GitHub\INIA\inia-frontend-jc\node_modules\.pnpm\whatwg-fetch@3.6.20\node_modules\whatwg-fetch
\dist\fetch.umd.js:567:18
          at Timeout.task [as _onTimeout] (C:\Users\Usuario\Documents\GitHub\INIA\inia-frontend-jc\node_modules\.pnpm\jsdom@20.0.3\no
de_modules\jsdom\lib\jsdom\browser\Window.js:520:19)
          at listOnTimeout (node:internal/timers:594:17)
          at processTimers (node:internal/timers:529:7)

    [0m [90m 55 |[39m       onRepeticionesUpdated(data)
     [90m 56 |[39m     } [36mcatch[39m (err[33m:[39m any) {
    [31m[1m>[22m[39m[90m 57 |[39m       console[33m.[39merror([32m"Error cargando repeticiones:"[39m[33m,[39m err)
     [90m    |[39m               [31m[1m^[22m[39m
     [90m 58 |[39m       setError(err[33m?[39m[33m.[39mmessage [33m||[39m [32m"Error al cargar repeticiones"[39m)
     [90m 59 |[39m     } [36mfinally[39m {
     [90m 60 |[39m       setLoading([36mfalse[39m)[0m

      at error (components/germinacion/repeticiones-manager-v2.tsx:57:15)

    console.error
      Error: AggregateError
          at Object.dispatchError (C:\Users\Usuario\Documents\GitHub\INIA\inia-frontend-jc\node_modules\.pnpm\jsdom@20.0.3\node_modul
es\jsdom\lib\jsdom\living\xhr\xhr-utils.js:63:19)
          at Request.<anonymous> (C:\Users\Usuario\Documents\GitHub\INIA\inia-frontend-jc\node_modules\.pnpm\jsdom@20.0.3\node_module
s\jsdom\lib\jsdom\living\xhr\XMLHttpRequest-impl.js:655:18)
          at Request.emit (node:events:530:35)
          at ClientRequest.<anonymous> (C:\Users\Usuario\Documents\GitHub\INIA\inia-frontend-jc\node_modules\.pnpm\jsdom@20.0.3\node_
modules\jsdom\lib\jsdom\living\helpers\http-request.js:121:14)
          at ClientRequest.emit (node:events:518:28)
          at emitErrorEvent (node:_http_client:104:11)
          at Socket.socketErrorListener (node:_http_client:518:5)
          at Socket.emit (node:events:518:28)
          at emitErrorNT (node:internal/streams/destroy:170:8)
          at emitErrorCloseNT (node:internal/streams/destroy:129:3)
          at processTicksAndRejections (node:internal/process/task_queues:90:21) {
        type: 'XMLHttpRequest'
      }

      at VirtualConsole.<anonymous> 
(node_modules/.pnpm/jest-environment-jsdom@29.7.0/node_modules/jest-environment-jsdom/build/index.js:63:23)
      at Object.dispatchError (node_modules/.pnpm/jsdom@20.0.3/node_modules/jsdom/lib/jsdom/living/xhr/xhr-utils.js:66:53)
      at Request.<anonymous> (node_modules/.pnpm/jsdom@20.0.3/node_modules/jsdom/lib/jsdom/living/xhr/XMLHttpRequest-impl.js:655:18)
      at ClientRequest.<anonymous> 
(node_modules/.pnpm/jsdom@20.0.3/node_modules/jsdom/lib/jsdom/living/helpers/http-request.js:121:14)

    console.error
       Error de red en /api/germinacion/1/tabla/1/valores/inase: TypeError: Network request failed
          at C:\Users\Usuario\Documents\GitHub\INIA\inia-frontend-jc\node_modules\.pnpm\whatwg-fetch@3.6.20\node_modules\whatwg-fetch
\dist\fetch.umd.js:567:18
          at Timeout.task [as _onTimeout] (C:\Users\Usuario\Documents\GitHub\INIA\inia-frontend-jc\node_modules\.pnpm\jsdom@20.0.3\no
de_modules\jsdom\lib\jsdom\browser\Window.js:520:19)
          at listOnTimeout (node:internal/timers:594:17)
          at processTimers (node:internal/timers:529:7)

    [0m [90m 57 |[39m     [36mreturn[39m contentType[33m?[39m[33m.[39mincludes([32m"application/json"[39m) [33m?[39m 
res[33m.[39mjson() [33m:[39m res[33m.[39mtext()[33m;[39m
     [90m 58 |[39m   } [36mcatch[39m (error) {
    [31m[1m>[22m[39m[90m 59 |[39m     console[33m.[39merror([32m` Error de red en ${endpoint}:`[39m[33m,[39m 
error)[33m;[39m
     [90m    |[39m             [31m[1m^[22m[39m
     [90m 60 |[39m     [36mthrow[39m error[33m;[39m
     [90m 61 |[39m   }
     [90m 62 |[39m }[0m

      at error (app/services/api.ts:59:13)
      at components/germinacion/tablas-germinacion-section.tsx:1187:36

    console.log
       Cargando repeticiones para tabla 1...

      at log (components/germinacion/repeticiones-manager-v2.tsx:43:15)

    console.log
       API Call: /api/germinacion/1/tabla/1/repeticion

      at log (app/services/api.ts:10:11)

    console.log
       URL completa: http://localhost:8080/api/germinacion/1/tabla/1/repeticion

      at log (app/services/api.ts:11:11)

    console.log
       Headers enviados: { 'Content-Type': 'application/json' }

      at log (app/services/api.ts:19:11)

    console.error
      Error: AggregateError
          at Object.dispatchError (C:\Users\Usuario\Documents\GitHub\INIA\inia-frontend-jc\node_modules\.pnpm\jsdom@20.0.3\node_modul
es\jsdom\lib\jsdom\living\xhr\xhr-utils.js:63:19)
          at Request.<anonymous> (C:\Users\Usuario\Documents\GitHub\INIA\inia-frontend-jc\node_modules\.pnpm\jsdom@20.0.3\node_module
s\jsdom\lib\jsdom\living\xhr\XMLHttpRequest-impl.js:655:18)
          at Request.emit (node:events:530:35)
          at ClientRequest.<anonymous> (C:\Users\Usuario\Documents\GitHub\INIA\inia-frontend-jc\node_modules\.pnpm\jsdom@20.0.3\node_
modules\jsdom\lib\jsdom\living\helpers\http-request.js:121:14)
          at ClientRequest.emit (node:events:518:28)
          at emitErrorEvent (node:_http_client:104:11)
          at Socket.socketErrorListener (node:_http_client:518:5)
          at Socket.emit (node:events:518:28)
          at emitErrorNT (node:internal/streams/destroy:170:8)
          at emitErrorCloseNT (node:internal/streams/destroy:129:3)
          at processTicksAndRejections (node:internal/process/task_queues:90:21) {
        type: 'XMLHttpRequest'
      }

      at VirtualConsole.<anonymous> 
(node_modules/.pnpm/jest-environment-jsdom@29.7.0/node_modules/jest-environment-jsdom/build/index.js:63:23)
      at Object.dispatchError (node_modules/.pnpm/jsdom@20.0.3/node_modules/jsdom/lib/jsdom/living/xhr/xhr-utils.js:66:53)
      at Request.<anonymous> (node_modules/.pnpm/jsdom@20.0.3/node_modules/jsdom/lib/jsdom/living/xhr/XMLHttpRequest-impl.js:655:18)
      at ClientRequest.<anonymous> 
(node_modules/.pnpm/jsdom@20.0.3/node_modules/jsdom/lib/jsdom/living/helpers/http-request.js:121:14)

    console.error
       Error de red en /api/germinacion/1/tabla/1/repeticion: TypeError: Network request failed
          at C:\Users\Usuario\Documents\GitHub\INIA\inia-frontend-jc\node_modules\.pnpm\whatwg-fetch@3.6.20\node_modules\whatwg-fetch
\dist\fetch.umd.js:567:18
          at Timeout.task [as _onTimeout] (C:\Users\Usuario\Documents\GitHub\INIA\inia-frontend-jc\node_modules\.pnpm\jsdom@20.0.3\no
de_modules\jsdom\lib\jsdom\browser\Window.js:520:19)
          at listOnTimeout (node:internal/timers:594:17)
          at processTimers (node:internal/timers:529:7)

    [0m [90m 57 |[39m     [36mreturn[39m contentType[33m?[39m[33m.[39mincludes([32m"application/json"[39m) [33m?[39m 
res[33m.[39mjson() [33m:[39m res[33m.[39mtext()[33m;[39m
     [90m 58 |[39m   } [36mcatch[39m (error) {
    [31m[1m>[22m[39m[90m 59 |[39m     console[33m.[39merror([32m` Error de red en ${endpoint}:`[39m[33m,[39m 
error)[33m;[39m
     [90m    |[39m             [31m[1m^[22m[39m
     [90m 60 |[39m     [36mthrow[39m error[33m;[39m
     [90m 61 |[39m   }
     [90m 62 |[39m }[0m

      at error (app/services/api.ts:59:13)
      at cargarRepeticiones (components/germinacion/repeticiones-manager-v2.tsx:44:20)

    console.error
      Error cargando repeticiones: TypeError: Network request failed
          at C:\Users\Usuario\Documents\GitHub\INIA\inia-frontend-jc\node_modules\.pnpm\whatwg-fetch@3.6.20\node_modules\whatwg-fetch
\dist\fetch.umd.js:567:18
          at Timeout.task [as _onTimeout] (C:\Users\Usuario\Documents\GitHub\INIA\inia-frontend-jc\node_modules\.pnpm\jsdom@20.0.3\no
de_modules\jsdom\lib\jsdom\browser\Window.js:520:19)
          at listOnTimeout (node:internal/timers:594:17)
          at processTimers (node:internal/timers:529:7)

    [0m [90m 55 |[39m       onRepeticionesUpdated(data)
     [90m 56 |[39m     } [36mcatch[39m (err[33m:[39m any) {
    [31m[1m>[22m[39m[90m 57 |[39m       console[33m.[39merror([32m"Error cargando repeticiones:"[39m[33m,[39m err)
     [90m    |[39m               [31m[1m^[22m[39m
     [90m 58 |[39m       setError(err[33m?[39m[33m.[39mmessage [33m||[39m [32m"Error al cargar repeticiones"[39m)
     [90m 59 |[39m     } [36mfinally[39m {
     [90m 60 |[39m       setLoading([36mfalse[39m)[0m

      at error (components/germinacion/repeticiones-manager-v2.tsx:57:15)

    console.log
       Cargando repeticiones para tabla 1...

      at log (components/germinacion/repeticiones-manager-v2.tsx:43:15)

    console.log
       API Call: /api/germinacion/1/tabla/1/repeticion

      at log (app/services/api.ts:10:11)

    console.log
       URL completa: http://localhost:8080/api/germinacion/1/tabla/1/repeticion

      at log (app/services/api.ts:11:11)

    console.log
       Headers enviados: { 'Content-Type': 'application/json' }

      at log (app/services/api.ts:19:11)

    console.error
      Error: AggregateError
          at Object.dispatchError (C:\Users\Usuario\Documents\GitHub\INIA\inia-frontend-jc\node_modules\.pnpm\jsdom@20.0.3\node_modul
es\jsdom\lib\jsdom\living\xhr\xhr-utils.js:63:19)
          at Request.<anonymous> (C:\Users\Usuario\Documents\GitHub\INIA\inia-frontend-jc\node_modules\.pnpm\jsdom@20.0.3\node_module
s\jsdom\lib\jsdom\living\xhr\XMLHttpRequest-impl.js:655:18)
          at Request.emit (node:events:530:35)
          at ClientRequest.<anonymous> (C:\Users\Usuario\Documents\GitHub\INIA\inia-frontend-jc\node_modules\.pnpm\jsdom@20.0.3\node_
modules\jsdom\lib\jsdom\living\helpers\http-request.js:121:14)
          at ClientRequest.emit (node:events:518:28)
          at emitErrorEvent (node:_http_client:104:11)
          at Socket.socketErrorListener (node:_http_client:518:5)
          at Socket.emit (node:events:518:28)
          at emitErrorNT (node:internal/streams/destroy:170:8)
          at emitErrorCloseNT (node:internal/streams/destroy:129:3)
          at processTicksAndRejections (node:internal/process/task_queues:90:21) {
        type: 'XMLHttpRequest'
      }

      at VirtualConsole.<anonymous> 
(node_modules/.pnpm/jest-environment-jsdom@29.7.0/node_modules/jest-environment-jsdom/build/index.js:63:23)
      at Object.dispatchError (node_modules/.pnpm/jsdom@20.0.3/node_modules/jsdom/lib/jsdom/living/xhr/xhr-utils.js:66:53)
      at Request.<anonymous> (node_modules/.pnpm/jsdom@20.0.3/node_modules/jsdom/lib/jsdom/living/xhr/XMLHttpRequest-impl.js:655:18)
      at ClientRequest.<anonymous> 
(node_modules/.pnpm/jsdom@20.0.3/node_modules/jsdom/lib/jsdom/living/helpers/http-request.js:121:14)

    console.error
       Error de red en /api/germinacion/1/tabla/1/repeticion: TypeError: Network request failed
          at C:\Users\Usuario\Documents\GitHub\INIA\inia-frontend-jc\node_modules\.pnpm\whatwg-fetch@3.6.20\node_modules\whatwg-fetch
\dist\fetch.umd.js:567:18
          at Timeout.task [as _onTimeout] (C:\Users\Usuario\Documents\GitHub\INIA\inia-frontend-jc\node_modules\.pnpm\jsdom@20.0.3\no
de_modules\jsdom\lib\jsdom\browser\Window.js:520:19)
          at listOnTimeout (node:internal/timers:594:17)
          at processTimers (node:internal/timers:529:7)

    [0m [90m 57 |[39m     [36mreturn[39m contentType[33m?[39m[33m.[39mincludes([32m"application/json"[39m) [33m?[39m 
res[33m.[39mjson() [33m:[39m res[33m.[39mtext()[33m;[39m
     [90m 58 |[39m   } [36mcatch[39m (error) {
    [31m[1m>[22m[39m[90m 59 |[39m     console[33m.[39merror([32m` Error de red en ${endpoint}:`[39m[33m,[39m 
error)[33m;[39m
     [90m    |[39m             [31m[1m^[22m[39m
     [90m 60 |[39m     [36mthrow[39m error[33m;[39m
     [90m 61 |[39m   }
     [90m 62 |[39m }[0m

      at error (app/services/api.ts:59:13)
      at cargarRepeticiones (components/germinacion/repeticiones-manager-v2.tsx:44:20)

    console.error
      Error cargando repeticiones: TypeError: Network request failed
          at C:\Users\Usuario\Documents\GitHub\INIA\inia-frontend-jc\node_modules\.pnpm\whatwg-fetch@3.6.20\node_modules\whatwg-fetch
\dist\fetch.umd.js:567:18
          at Timeout.task [as _onTimeout] (C:\Users\Usuario\Documents\GitHub\INIA\inia-frontend-jc\node_modules\.pnpm\jsdom@20.0.3\no
de_modules\jsdom\lib\jsdom\browser\Window.js:520:19)
          at listOnTimeout (node:internal/timers:594:17)
          at processTimers (node:internal/timers:529:7)

    [0m [90m 55 |[39m       onRepeticionesUpdated(data)
     [90m 56 |[39m     } [36mcatch[39m (err[33m:[39m any) {
    [31m[1m>[22m[39m[90m 57 |[39m       console[33m.[39merror([32m"Error cargando repeticiones:"[39m[33m,[39m err)
     [90m    |[39m               [31m[1m^[22m[39m
     [90m 58 |[39m       setError(err[33m?[39m[33m.[39mmessage [33m||[39m [32m"Error al cargar repeticiones"[39m)
     [90m 59 |[39m     } [36mfinally[39m {
     [90m 60 |[39m       setLoading([36mfalse[39m)[0m

      at error (components/germinacion/repeticiones-manager-v2.tsx:57:15)

    console.log
       Cargando repeticiones para tabla 1...

      at log (components/germinacion/repeticiones-manager-v2.tsx:43:15)

    console.log
       API Call: /api/germinacion/1/tabla/1/repeticion

      at log (app/services/api.ts:10:11)

    console.log
       URL completa: http://localhost:8080/api/germinacion/1/tabla/1/repeticion

      at log (app/services/api.ts:11:11)

    console.log
       Headers enviados: { 'Content-Type': 'application/json' }

      at log (app/services/api.ts:19:11)

    console.error
      Error: AggregateError
          at Object.dispatchError (C:\Users\Usuario\Documents\GitHub\INIA\inia-frontend-jc\node_modules\.pnpm\jsdom@20.0.3\node_modul
es\jsdom\lib\jsdom\living\xhr\xhr-utils.js:63:19)
          at Request.<anonymous> (C:\Users\Usuario\Documents\GitHub\INIA\inia-frontend-jc\node_modules\.pnpm\jsdom@20.0.3\node_module
s\jsdom\lib\jsdom\living\xhr\XMLHttpRequest-impl.js:655:18)
          at Request.emit (node:events:530:35)
          at ClientRequest.<anonymous> (C:\Users\Usuario\Documents\GitHub\INIA\inia-frontend-jc\node_modules\.pnpm\jsdom@20.0.3\node_
modules\jsdom\lib\jsdom\living\helpers\http-request.js:121:14)
          at ClientRequest.emit (node:events:518:28)
          at emitErrorEvent (node:_http_client:104:11)
          at Socket.socketErrorListener (node:_http_client:518:5)
          at Socket.emit (node:events:518:28)
          at emitErrorNT (node:internal/streams/destroy:170:8)
          at emitErrorCloseNT (node:internal/streams/destroy:129:3)
          at processTicksAndRejections (node:internal/process/task_queues:90:21) {
        type: 'XMLHttpRequest'
      }

      at VirtualConsole.<anonymous> 
(node_modules/.pnpm/jest-environment-jsdom@29.7.0/node_modules/jest-environment-jsdom/build/index.js:63:23)
      at Object.dispatchError (node_modules/.pnpm/jsdom@20.0.3/node_modules/jsdom/lib/jsdom/living/xhr/xhr-utils.js:66:53)
      at Request.<anonymous> (node_modules/.pnpm/jsdom@20.0.3/node_modules/jsdom/lib/jsdom/living/xhr/XMLHttpRequest-impl.js:655:18)
      at ClientRequest.<anonymous> 
(node_modules/.pnpm/jsdom@20.0.3/node_modules/jsdom/lib/jsdom/living/helpers/http-request.js:121:14)

    console.error
       Error de red en /api/germinacion/1/tabla/1/repeticion: TypeError: Network request failed
          at C:\Users\Usuario\Documents\GitHub\INIA\inia-frontend-jc\node_modules\.pnpm\whatwg-fetch@3.6.20\node_modules\whatwg-fetch
\dist\fetch.umd.js:567:18
          at Timeout.task [as _onTimeout] (C:\Users\Usuario\Documents\GitHub\INIA\inia-frontend-jc\node_modules\.pnpm\jsdom@20.0.3\no
de_modules\jsdom\lib\jsdom\browser\Window.js:520:19)
          at listOnTimeout (node:internal/timers:594:17)
          at processTimers (node:internal/timers:529:7)

    [0m [90m 57 |[39m     [36mreturn[39m contentType[33m?[39m[33m.[39mincludes([32m"application/json"[39m) [33m?[39m 
res[33m.[39mjson() [33m:[39m res[33m.[39mtext()[33m;[39m
     [90m 58 |[39m   } [36mcatch[39m (error) {
    [31m[1m>[22m[39m[90m 59 |[39m     console[33m.[39merror([32m` Error de red en ${endpoint}:`[39m[33m,[39m 
error)[33m;[39m
     [90m    |[39m             [31m[1m^[22m[39m
     [90m 60 |[39m     [36mthrow[39m error[33m;[39m
     [90m 61 |[39m   }
     [90m 62 |[39m }[0m

      at error (app/services/api.ts:59:13)
      at cargarRepeticiones (components/germinacion/repeticiones-manager-v2.tsx:44:20)

    console.error
      Error cargando repeticiones: TypeError: Network request failed
          at C:\Users\Usuario\Documents\GitHub\INIA\inia-frontend-jc\node_modules\.pnpm\whatwg-fetch@3.6.20\node_modules\whatwg-fetch
\dist\fetch.umd.js:567:18
          at Timeout.task [as _onTimeout] (C:\Users\Usuario\Documents\GitHub\INIA\inia-frontend-jc\node_modules\.pnpm\jsdom@20.0.3\no
de_modules\jsdom\lib\jsdom\browser\Window.js:520:19)
          at listOnTimeout (node:internal/timers:594:17)
          at processTimers (node:internal/timers:529:7)

    [0m [90m 55 |[39m       onRepeticionesUpdated(data)
     [90m 56 |[39m     } [36mcatch[39m (err[33m:[39m any) {
    [31m[1m>[22m[39m[90m 57 |[39m       console[33m.[39merror([32m"Error cargando repeticiones:"[39m[33m,[39m err)
     [90m    |[39m               [31m[1m^[22m[39m
     [90m 58 |[39m       setError(err[33m?[39m[33m.[39mmessage [33m||[39m [32m"Error al cargar repeticiones"[39m)
     [90m 59 |[39m     } [36mfinally[39m {
     [90m 60 |[39m       setLoading([36mfalse[39m)[0m

      at error (components/germinacion/repeticiones-manager-v2.tsx:57:15)

    console.log
       Cargando repeticiones para tabla 1...

      at log (components/germinacion/repeticiones-manager-v2.tsx:43:15)

    console.log
       API Call: /api/germinacion/1/tabla/1/repeticion

      at log (app/services/api.ts:10:11)

    console.log
       URL completa: http://localhost:8080/api/germinacion/1/tabla/1/repeticion

      at log (app/services/api.ts:11:11)

    console.log
       Headers enviados: { 'Content-Type': 'application/json' }

      at log (app/services/api.ts:19:11)

    console.error
      Error: AggregateError
          at Object.dispatchError (C:\Users\Usuario\Documents\GitHub\INIA\inia-frontend-jc\node_modules\.pnpm\jsdom@20.0.3\node_modul
es\jsdom\lib\jsdom\living\xhr\xhr-utils.js:63:19)
          at Request.<anonymous> (C:\Users\Usuario\Documents\GitHub\INIA\inia-frontend-jc\node_modules\.pnpm\jsdom@20.0.3\node_module
s\jsdom\lib\jsdom\living\xhr\XMLHttpRequest-impl.js:655:18)
          at Request.emit (node:events:530:35)
          at ClientRequest.<anonymous> (C:\Users\Usuario\Documents\GitHub\INIA\inia-frontend-jc\node_modules\.pnpm\jsdom@20.0.3\node_
modules\jsdom\lib\jsdom\living\helpers\http-request.js:121:14)
          at ClientRequest.emit (node:events:518:28)
          at emitErrorEvent (node:_http_client:104:11)
          at Socket.socketErrorListener (node:_http_client:518:5)
          at Socket.emit (node:events:518:28)
          at emitErrorNT (node:internal/streams/destroy:170:8)
          at emitErrorCloseNT (node:internal/streams/destroy:129:3)
          at processTicksAndRejections (node:internal/process/task_queues:90:21) {
        type: 'XMLHttpRequest'
      }

      at VirtualConsole.<anonymous> 
(node_modules/.pnpm/jest-environment-jsdom@29.7.0/node_modules/jest-environment-jsdom/build/index.js:63:23)
      at Object.dispatchError (node_modules/.pnpm/jsdom@20.0.3/node_modules/jsdom/lib/jsdom/living/xhr/xhr-utils.js:66:53)
      at Request.<anonymous> (node_modules/.pnpm/jsdom@20.0.3/node_modules/jsdom/lib/jsdom/living/xhr/XMLHttpRequest-impl.js:655:18)
      at ClientRequest.<anonymous> 
(node_modules/.pnpm/jsdom@20.0.3/node_modules/jsdom/lib/jsdom/living/helpers/http-request.js:121:14)

PASS __tests__/app/listado/analisis/germinacion/[id]/page.test.tsx (7.016 s)
  ÔùÅ Console

    console.error
      Error fetching germinacion: Error: Error de red
          at Object.<anonymous> 
(C:\Users\Usuario\Documents\GitHub\INIA\inia-frontend-jc\__tests__\app\listado\analisis\germinacion\[id]\page.test.tsx:132:55)
          at Promise.then.completed (C:\Users\Usuario\Documents\GitHub\INIA\inia-frontend-jc\node_modules\.pnpm\jest-circus@29.7.0\no
de_modules\jest-circus\build\utils.js:298:28)
          at new Promise (<anonymous>)
          at callAsyncCircusFn (C:\Users\Usuario\Documents\GitHub\INIA\inia-frontend-jc\node_modules\.pnpm\jest-circus@29.7.0\node_mo
dules\jest-circus\build\utils.js:231:10)
          at _callCircusTest (C:\Users\Usuario\Documents\GitHub\INIA\inia-frontend-jc\node_modules\.pnpm\jest-circus@29.7.0\node_modu
les\jest-circus\build\run.js:316:40)
          at processTicksAndRejections (node:internal/process/task_queues:105:5)
          at _runTest (C:\Users\Usuario\Documents\GitHub\INIA\inia-frontend-jc\node_modules\.pnpm\jest-circus@29.7.0\node_modules\jes
t-circus\build\run.js:252:3)
          at _runTestsForDescribeBlock (C:\Users\Usuario\Documents\GitHub\INIA\inia-frontend-jc\node_modules\.pnpm\jest-circus@29.7.0
\node_modules\jest-circus\build\run.js:126:9)
          at _runTestsForDescribeBlock (C:\Users\Usuario\Documents\GitHub\INIA\inia-frontend-jc\node_modules\.pnpm\jest-circus@29.7.0
\node_modules\jest-circus\build\run.js:121:9)
          at _runTestsForDescribeBlock (C:\Users\Usuario\Documents\GitHub\INIA\inia-frontend-jc\node_modules\.pnpm\jest-circus@29.7.0
\node_modules\jest-circus\build\run.js:121:9)
          at run (C:\Users\Usuario\Documents\GitHub\INIA\inia-frontend-jc\node_modules\.pnpm\jest-circus@29.7.0\node_modules\jest-cir
cus\build\run.js:71:3)
          at runAndTransformResultsToJestFormat (C:\Users\Usuario\Documents\GitHub\INIA\inia-frontend-jc\node_modules\.pnpm\jest-circ
us@29.7.0\node_modules\jest-circus\build\legacy-code-todo-rewrite\jestAdapterInit.js:122:21)
          at jestAdapter (C:\Users\Usuario\Documents\GitHub\INIA\inia-frontend-jc\node_modules\.pnpm\jest-circus@29.7.0\node_modules\
jest-circus\build\legacy-code-todo-rewrite\jestAdapter.js:79:19)
          at runTestInternal (C:\Users\Usuario\Documents\GitHub\INIA\inia-frontend-jc\node_modules\.pnpm\jest-runner@29.7.0\node_modu
les\jest-runner\build\runTest.js:367:16)
          at runTest (C:\Users\Usuario\Documents\GitHub\INIA\inia-frontend-jc\node_modules\.pnpm\jest-runner@29.7.0\node_modules\jest
-runner\build\runTest.js:444:34)
          at Object.worker (C:\Users\Usuario\Documents\GitHub\INIA\inia-frontend-jc\node_modules\.pnpm\jest-runner@29.7.0\node_module
s\jest-runner\build\testWorker.js:106:12)

    [0m [90m 81 |[39m       } [36mcatch[39m (err) {
     [90m 82 |[39m         setError([32m"Error al cargar los detalles del an├ílisis de germinaci├│n"[39m)
    [31m[1m>[22m[39m[90m 83 |[39m         console[33m.[39merror([32m"Error fetching germinacion:"[39m[33m,[39m err)
     [90m    |[39m                 [31m[1m^[22m[39m
     [90m 84 |[39m       } [36mfinally[39m {
     [90m 85 |[39m         setLoading([36mfalse[39m)
     [90m 86 |[39m       }[0m

      at error (app/listado/analisis/germinacion/[id]/page.tsx:83:17)

    console.error
      Error fetching germinacion: Error: Error
          at Object.<anonymous> 
(C:\Users\Usuario\Documents\GitHub\INIA\inia-frontend-jc\__tests__\app\listado\analisis\germinacion\[id]\page.test.tsx:155:55)
          at Promise.then.completed (C:\Users\Usuario\Documents\GitHub\INIA\inia-frontend-jc\node_modules\.pnpm\jest-circus@29.7.0\no
de_modules\jest-circus\build\utils.js:298:28)
          at new Promise (<anonymous>)
          at callAsyncCircusFn (C:\Users\Usuario\Documents\GitHub\INIA\inia-frontend-jc\node_modules\.pnpm\jest-circus@29.7.0\node_mo
dules\jest-circus\build\utils.js:231:10)
          at _callCircusTest (C:\Users\Usuario\Documents\GitHub\INIA\inia-frontend-jc\node_modules\.pnpm\jest-circus@29.7.0\node_modu
les\jest-circus\build\run.js:316:40)
          at _runTest (C:\Users\Usuario\Documents\GitHub\INIA\inia-frontend-jc\node_modules\.pnpm\jest-circus@29.7.0\node_modules\jes
t-circus\build\run.js:252:3)
          at _runTestsForDescribeBlock (C:\Users\Usuario\Documents\GitHub\INIA\inia-frontend-jc\node_modules\.pnpm\jest-circus@29.7.0
\node_modules\jest-circus\build\run.js:126:9)
          at _runTestsForDescribeBlock (C:\Users\Usuario\Documents\GitHub\INIA\inia-frontend-jc\node_modules\.pnpm\jest-circus@29.7.0
\node_modules\jest-circus\build\run.js:121:9)
          at _runTestsForDescribeBlock (C:\Users\Usuario\Documents\GitHub\INIA\inia-frontend-jc\node_modules\.pnpm\jest-circus@29.7.0
\node_modules\jest-circus\build\run.js:121:9)
          at run (C:\Users\Usuario\Documents\GitHub\INIA\inia-frontend-jc\node_modules\.pnpm\jest-circus@29.7.0\node_modules\jest-cir
cus\build\run.js:71:3)
          at runAndTransformResultsToJestFormat (C:\Users\Usuario\Documents\GitHub\INIA\inia-frontend-jc\node_modules\.pnpm\jest-circ
us@29.7.0\node_modules\jest-circus\build\legacy-code-todo-rewrite\jestAdapterInit.js:122:21)
          at jestAdapter (C:\Users\Usuario\Documents\GitHub\INIA\inia-frontend-jc\node_modules\.pnpm\jest-circus@29.7.0\node_modules\
jest-circus\build\legacy-code-todo-rewrite\jestAdapter.js:79:19)
          at runTestInternal (C:\Users\Usuario\Documents\GitHub\INIA\inia-frontend-jc\node_modules\.pnpm\jest-runner@29.7.0\node_modu
les\jest-runner\build\runTest.js:367:16)
          at runTest (C:\Users\Usuario\Documents\GitHub\INIA\inia-frontend-jc\node_modules\.pnpm\jest-runner@29.7.0\node_modules\jest
-runner\build\runTest.js:444:34)
          at Object.worker (C:\Users\Usuario\Documents\GitHub\INIA\inia-frontend-jc\node_modules\.pnpm\jest-runner@29.7.0\node_module
s\jest-runner\build\testWorker.js:106:12)

    [0m [90m 81 |[39m       } [36mcatch[39m (err) {
     [90m 82 |[39m         setError([32m"Error al cargar los detalles del an├ílisis de germinaci├│n"[39m)
    [31m[1m>[22m[39m[90m 83 |[39m         console[33m.[39merror([32m"Error fetching germinacion:"[39m[33m,[39m err)
     [90m    |[39m                 [31m[1m^[22m[39m
     [90m 84 |[39m       } [36mfinally[39m {
     [90m 85 |[39m         setLoading([36mfalse[39m)
     [90m 86 |[39m       }[0m

      at error (app/listado/analisis/germinacion/[id]/page.tsx:83:17)

PASS __tests__/lib/api-client.test.ts
  ÔùÅ Console

    console.debug
       API Call: /lotes/1

      at debug (lib/api-client.ts:43:17)

    console.debug
       Token:  No encontrado

      at debug (lib/api-client.ts:44:17)

    console.debug
       Response status: 200

      at debug (lib/api-client.ts:63:21)

    console.debug
       API Call: /lotes/999

      at debug (lib/api-client.ts:43:17)

    console.debug
       Token:  No encontrado

      at debug (lib/api-client.ts:44:17)

    console.debug
       Response status: 404

      at debug (lib/api-client.ts:63:21)

    console.debug
       API Call: /lotes

      at debug (lib/api-client.ts:43:17)

    console.debug
       Token:  No encontrado

      at debug (lib/api-client.ts:44:17)

    console.debug
       Response status: 200

      at debug (lib/api-client.ts:63:21)

    console.debug
       API Call: /lotes

      at debug (lib/api-client.ts:43:17)

    console.debug
       Token:  No encontrado

      at debug (lib/api-client.ts:44:17)

    console.debug
       Response status: 400

      at debug (lib/api-client.ts:63:21)

    console.debug
       API Call: /protected-route

      at debug (lib/api-client.ts:43:17)

    console.debug
       Token:  Presente

      at debug (lib/api-client.ts:44:17)

    console.debug
       Response status: 200

      at debug (lib/api-client.ts:63:21)

    console.debug
       API Call: /protected-route

      at debug (lib/api-client.ts:43:17)

    console.debug
       Token:  Presente

      at debug (lib/api-client.ts:44:17)

    console.debug
       Response status: 401

      at debug (lib/api-client.ts:63:21)

    console.debug
       API Call: /admin-route

      at debug (lib/api-client.ts:43:17)

    console.debug
       Token:  Presente

      at debug (lib/api-client.ts:44:17)

    console.debug
       Response status: 403

      at debug (lib/api-client.ts:63:21)

    console.debug
       API Call: /error-endpoint

      at debug (lib/api-client.ts:43:17)

    console.debug
       Token:  Presente

      at debug (lib/api-client.ts:44:17)

    console.debug
       Response status: 500

      at debug (lib/api-client.ts:63:21)

    console.debug
       API Call: /any-route

      at debug (lib/api-client.ts:43:17)

    console.debug
       Token:  Presente

      at debug (lib/api-client.ts:44:17)

PASS __tests__/app/services/auth-2fa-service.test.ts
  ÔùÅ Console

    console.log
      ­ƒöÉ [Auth2FA] Iniciando login con 2FA...

      at log (app/services/auth-2fa-service.ts:136:11)

    console.log
      ­ƒôº [Auth2FA] Usuario: test@test.com

      at log (app/services/auth-2fa-service.ts:137:11)

    console.log
      ­ƒöæ [Auth2FA] Tiene c├│digo TOTP: false

      at log (app/services/auth-2fa-service.ts:138:11)

    console.log
      ­ƒô▒ [Auth2FA] Tiene fingerprint: false

      at log (app/services/auth-2fa-service.ts:139:11)

    console.log
      ­ƒôí [Auth2FA] Status de respuesta: 200

      at log (app/services/auth-2fa-service.ts:153:13)

    console.log
      Ô£à [Auth2FA] Login exitoso

      at log (app/services/auth-2fa-service.ts:158:15)

    console.log
      ­ƒæñ [Auth2FA] Usuario: Test User

      at log (app/services/auth-2fa-service.ts:159:15)

    console.log
      ­ƒöÉ [Auth2FA] Tiene 2FA habilitado: false

      at log (app/services/auth-2fa-service.ts:160:15)

    console.log
      ­ƒöÉ [Auth2FA] Iniciando login con 2FA...

      at log (app/services/auth-2fa-service.ts:136:11)

    console.log
      ­ƒôº [Auth2FA] Usuario: test@test.com

      at log (app/services/auth-2fa-service.ts:137:11)

    console.log
      ­ƒöæ [Auth2FA] Tiene c├│digo TOTP: false

      at log (app/services/auth-2fa-service.ts:138:11)

    console.log
      ­ƒô▒ [Auth2FA] Tiene fingerprint: false

      at log (app/services/auth-2fa-service.ts:139:11)

    console.log
      ­ƒôí [Auth2FA] Status de respuesta: 401

      at log (app/services/auth-2fa-service.ts:153:13)

    console.log
      ­ƒôä [Auth2FA] Respuesta error: {"error":"Credenciales inv├ílidas"}

      at log (app/services/auth-2fa-service.ts:215:13)

    console.error
      ÔØî [Auth2FA] Error: Credenciales inv├ílidas

    [0m [90m 221 |[39m     [36mtry[39m {
     [90m 222 |[39m       [36mconst[39m errorData[33m:[39m [33mErrorResponse[39m [33m=[39m 
[33mJSON[39m[33m.[39mparse(responseText)[33m;[39m
    [31m[1m>[22m[39m[90m 223 |[39m       console[33m.[39merror([32m'ÔØî [Auth2FA] Error:'[39m[33m,[39m 
errorData[33m.[39merror)[33m;[39m
     [90m     |[39m               [31m[1m^[22m[39m
     [90m 224 |[39m       [36mthrow[39m [36mnew[39m [33mError[39m(errorData[33m.[39merror [33m||[39m [32m'Error de 
autenticaci├│n'[39m)[33m;[39m
     [90m 225 |[39m     } [36mcatch[39m (parseError) {
     [90m 226 |[39m       console[33m.[39merror([32m'ÔØî [Auth2FA] Error parseando respuesta:'[39m[33m,[39m 
parseError)[33m;[39m[0m

      at error (app/services/auth-2fa-service.ts:223:15)
      at Object.<anonymous> (__tests__/app/services/auth-2fa-service.test.ts:83:7)

    console.error
      ÔØî [Auth2FA] Error parseando respuesta: Error: Credenciales inv├ílidas
          at login2FA (C:\Users\Usuario\Documents\GitHub\INIA\inia-frontend-jc\app\services\auth-2fa-service.ts:224:13)
          at processTicksAndRejections (node:internal/process/task_queues:105:5)
          at Object.<anonymous> 
(C:\Users\Usuario\Documents\GitHub\INIA\inia-frontend-jc\__tests__\app\services\auth-2fa-service.test.ts:83:7)

    [0m [90m 224 |[39m       [36mthrow[39m [36mnew[39m [33mError[39m(errorData[33m.[39merror [33m||[39m [32m'Error de 
autenticaci├│n'[39m)[33m;[39m
     [90m 225 |[39m     } [36mcatch[39m (parseError) {
    [31m[1m>[22m[39m[90m 226 |[39m       console[33m.[39merror([32m'ÔØî [Auth2FA] Error parseando 
respuesta:'[39m[33m,[39m parseError)[33m;[39m
     [90m     |[39m               [31m[1m^[22m[39m
     [90m 227 |[39m       [36mthrow[39m [36mnew[39m [33mError[39m(responseText [33m||[39m [32m'Error de 
autenticaci├│n'[39m)[33m;[39m
     [90m 228 |[39m     }
     [90m 229 |[39m   } [36mcatch[39m (error[33m:[39m any) {[0m

      at error (app/services/auth-2fa-service.ts:226:15)
      at Object.<anonymous> (__tests__/app/services/auth-2fa-service.test.ts:83:7)

    console.log
      ­ƒöÉ [Auth2FA] Iniciando login con 2FA...

      at log (app/services/auth-2fa-service.ts:136:11)

    console.log
      ­ƒôº [Auth2FA] Usuario: test@test.com

      at log (app/services/auth-2fa-service.ts:137:11)

    console.log
      ­ƒöæ [Auth2FA] Tiene c├│digo TOTP: false

      at log (app/services/auth-2fa-service.ts:138:11)

    console.log
      ­ƒô▒ [Auth2FA] Tiene fingerprint: false

      at log (app/services/auth-2fa-service.ts:139:11)

    console.log
      ­ƒôí [Auth2FA] Status de respuesta: 403

      at log (app/services/auth-2fa-service.ts:153:13)

    console.log
      ­ƒôä [Auth2FA] Respuesta 403: {"requires2FA":true,"mensaje":"Se requiere c├│digo de autenticaci├│n","userId":1}

      at log (app/services/auth-2fa-service.ts:167:15)

    console.log
      ­ƒöÉ [Auth2FA] Se requiere c├│digo 2FA

      at log (app/services/auth-2fa-service.ts:193:19)

    console.log
      ­ƒæñ [Auth2FA] User ID: 1

      at log (app/services/auth-2fa-service.ts:194:19)

    console.log
      ­ƒöÉ [Auth2FA] Iniciando login con 2FA...

      at log (app/services/auth-2fa-service.ts:136:11)

    console.log
      ­ƒôº [Auth2FA] Usuario: test@test.com

      at log (app/services/auth-2fa-service.ts:137:11)

    console.log
      ­ƒöæ [Auth2FA] Tiene c├│digo TOTP: true

      at log (app/services/auth-2fa-service.ts:138:11)

    console.log
      ­ƒô▒ [Auth2FA] Tiene fingerprint: true

      at log (app/services/auth-2fa-service.ts:139:11)

    console.log
      ­ƒôí [Auth2FA] Status de respuesta: 200

      at log (app/services/auth-2fa-service.ts:153:13)

    console.log
      Ô£à [Auth2FA] Login exitoso

      at log (app/services/auth-2fa-service.ts:158:15)

    console.log
      ­ƒæñ [Auth2FA] Usuario: Test User

      at log (app/services/auth-2fa-service.ts:159:15)

    console.log
      ­ƒöÉ [Auth2FA] Tiene 2FA habilitado: true

      at log (app/services/auth-2fa-service.ts:160:15)

    console.log
      ­ƒöÉ [Auth2FA] Iniciando login con 2FA...

      at log (app/services/auth-2fa-service.ts:136:11)

    console.log
      ­ƒôº [Auth2FA] Usuario: test@test.com

      at log (app/services/auth-2fa-service.ts:137:11)

    console.log
      ­ƒöæ [Auth2FA] Tiene c├│digo TOTP: false

      at log (app/services/auth-2fa-service.ts:138:11)

    console.log
      ­ƒô▒ [Auth2FA] Tiene fingerprint: false

      at log (app/services/auth-2fa-service.ts:139:11)

    console.warn
      ÔÜá´©Å [Auth2FA] Error de red, intentando login tradicional

    [0m [90m 230 |[39m     [90m// Si es error de red o endpoint no disponible, usar login tradicional[39m
     [90m 231 |[39m     [36mif[39m (error[33m.[39mmessage[33m?[39m[33m.[39mincludes([32m'fetch'[39m) [33m||[39m 
error[33m.[39mmessage[33m?[39m[33m.[39mincludes([32m'NetworkError'[39m)) {
    [31m[1m>[22m[39m[90m 232 |[39m       console[33m.[39mwarn([32m'ÔÜá´©Å [Auth2FA] Error de red, intentando login 
tradicional'[39m)[33m;[39m
     [90m     |[39m               [31m[1m^[22m[39m
     [90m 233 |[39m       [36mreturn[39m [36mawait[39m loginTradicional(credentials[33m.[39musuario[33m,[39m 
credentials[33m.[39mpassword)[33m;[39m
     [90m 234 |[39m     }
     [90m 235 |[39m     [36mthrow[39m error[33m;[39m[0m

      at warn (app/services/auth-2fa-service.ts:232:15)
      at Object.<anonymous> (__tests__/app/services/auth-2fa-service.test.ts:171:22)

    console.log
      ­ƒöä [Auth2FA] Usando login tradicional

      at log (app/services/auth-2fa-service.ts:243:11)

    console.log
      ­ƒöÉ [Auth2FA] Setup inicial de 2FA para: test@test.com

      at log (app/services/auth-2fa-service.ts:432:11)

    console.log
      ­ƒôí [Auth2FA] Status de respuesta: 200

      at log (app/services/auth-2fa-service.ts:444:11)

    console.log
      Ô£à [Auth2FA] Setup inicial exitoso

      at log (app/services/auth-2fa-service.ts:448:13)

    console.log
      ­ƒöÉ [Auth2FA] Setup inicial de 2FA para: test@test.com

      at log (app/services/auth-2fa-service.ts:432:11)

    console.log
      ­ƒôí [Auth2FA] Status de respuesta: 401

      at log (app/services/auth-2fa-service.ts:444:11)

    console.log
      ­ƒôä [Auth2FA] Respuesta error: {"error":"Credenciales inv├ílidas"}

      at log (app/services/auth-2fa-service.ts:454:11)

    console.error
      ÔØî [Auth2FA] Error: Credenciales inv├ílidas

    [0m [90m 460 |[39m   [36mtry[39m {
     [90m 461 |[39m     [36mconst[39m errorData[33m:[39m [33mErrorResponse[39m [33m=[39m 
[33mJSON[39m[33m.[39mparse(responseText)[33m;[39m
    [31m[1m>[22m[39m[90m 462 |[39m     console[33m.[39merror([32m'ÔØî [Auth2FA] Error:'[39m[33m,[39m 
errorData[33m.[39merror)[33m;[39m
     [90m     |[39m             [31m[1m^[22m[39m
     [90m 463 |[39m     [36mthrow[39m [36mnew[39m [33mError[39m(errorData[33m.[39merror [33m||[39m [32m'Error al 
iniciar setup 2FA'[39m)[33m;[39m
     [90m 464 |[39m   } [36mcatch[39m (parseError) {
     [90m 465 |[39m     console[33m.[39merror([32m'ÔØî [Auth2FA] Error parseando respuesta:'[39m[33m,[39m 
parseError)[33m;[39m[0m

      at error (app/services/auth-2fa-service.ts:462:13)
      at Object.<anonymous> (__tests__/app/services/auth-2fa-service.test.ts:222:7)

    console.error
      ÔØî [Auth2FA] Error parseando respuesta: Error: Credenciales inv├ílidas
          at setupInitial2FA (C:\Users\Usuario\Documents\GitHub\INIA\inia-frontend-jc\app\services\auth-2fa-service.ts:463:11)
          at processTicksAndRejections (node:internal/process/task_queues:105:5)
          at Object.<anonymous> 
(C:\Users\Usuario\Documents\GitHub\INIA\inia-frontend-jc\__tests__\app\services\auth-2fa-service.test.ts:222:7)

    [0m [90m 463 |[39m     [36mthrow[39m [36mnew[39m [33mError[39m(errorData[33m.[39merror [33m||[39m [32m'Error al 
iniciar setup 2FA'[39m)[33m;[39m
     [90m 464 |[39m   } [36mcatch[39m (parseError) {
    [31m[1m>[22m[39m[90m 465 |[39m     console[33m.[39merror([32m'ÔØî [Auth2FA] Error parseando respuesta:'[39m[33m,[39m 
parseError)[33m;[39m
     [90m     |[39m             [31m[1m^[22m[39m
     [90m 466 |[39m     [36mthrow[39m [36mnew[39m [33mError[39m(responseText [33m||[39m [32m'Error al iniciar setup 
2FA'[39m)[33m;[39m
     [90m 467 |[39m   }
     [90m 468 |[39m }[0m

      at error (app/services/auth-2fa-service.ts:465:13)
      at Object.<anonymous> (__tests__/app/services/auth-2fa-service.test.ts:222:7)

    console.log
      ­ƒöÉ [Auth2FA] Verificando c├│digo inicial para: test@test.com

      at log (app/services/auth-2fa-service.ts:495:11)

    console.log
      ­ƒôí [Auth2FA] Status de respuesta: 200

      at log (app/services/auth-2fa-service.ts:507:11)

    console.log
      Ô£à [Auth2FA] Verificaci├│n inicial exitosa

      at log (app/services/auth-2fa-service.ts:511:13)

    console.log
      ­ƒÄ½ [Auth2FA] C├│digos de respaldo recibidos: 10

      at log (app/services/auth-2fa-service.ts:512:13)

    console.log
      ­ƒöÉ [Auth2FA] Verificando c├│digo inicial para: test@test.com

      at log (app/services/auth-2fa-service.ts:495:11)

    console.log
      ­ƒôí [Auth2FA] Status de respuesta: 400

      at log (app/services/auth-2fa-service.ts:507:11)

    console.log
      ­ƒôä [Auth2FA] Respuesta error: {"error":"C├│digo TOTP inv├ílido"}

      at log (app/services/auth-2fa-service.ts:518:11)

    console.error
      ÔØî [Auth2FA] Error: C├│digo TOTP inv├ílido

    [0m [90m 524 |[39m   [36mtry[39m {
     [90m 525 |[39m     [36mconst[39m errorData[33m:[39m [33mErrorResponse[39m [33m=[39m 
[33mJSON[39m[33m.[39mparse(responseText)[33m;[39m
    [31m[1m>[22m[39m[90m 526 |[39m     console[33m.[39merror([32m'ÔØî [Auth2FA] Error:'[39m[33m,[39m 
errorData[33m.[39merror)[33m;[39m
     [90m     |[39m             [31m[1m^[22m[39m
     [90m 527 |[39m     [36mthrow[39m [36mnew[39m [33mError[39m(errorData[33m.[39merror [33m||[39m [32m'Error al 
verificar c├│digo'[39m)[33m;[39m
     [90m 528 |[39m   } [36mcatch[39m (parseError) {
     [90m 529 |[39m     console[33m.[39merror([32m'ÔØî [Auth2FA] Error parseando respuesta:'[39m[33m,[39m 
parseError)[33m;[39m[0m

      at error (app/services/auth-2fa-service.ts:526:13)
      at Object.<anonymous> (__tests__/app/services/auth-2fa-service.test.ts:277:7)

    console.error
      ÔØî [Auth2FA] Error parseando respuesta: Error: C├│digo TOTP inv├ílido
          at verifyInitial2FA (C:\Users\Usuario\Documents\GitHub\INIA\inia-frontend-jc\app\services\auth-2fa-service.ts:527:11)
          at processTicksAndRejections (node:internal/process/task_queues:105:5)
          at Object.<anonymous> 
(C:\Users\Usuario\Documents\GitHub\INIA\inia-frontend-jc\__tests__\app\services\auth-2fa-service.test.ts:277:7)

    [0m [90m 527 |[39m     [36mthrow[39m [36mnew[39m [33mError[39m(errorData[33m.[39merror [33m||[39m [32m'Error al 
verificar c├│digo'[39m)[33m;[39m
     [90m 528 |[39m   } [36mcatch[39m (parseError) {
    [31m[1m>[22m[39m[90m 529 |[39m     console[33m.[39merror([32m'ÔØî [Auth2FA] Error parseando respuesta:'[39m[33m,[39m 
parseError)[33m;[39m
     [90m     |[39m             [31m[1m^[22m[39m
     [90m 530 |[39m     [36mthrow[39m [36mnew[39m [33mError[39m(responseText [33m||[39m [32m'Error al verificar 
c├│digo'[39m)[33m;[39m
     [90m 531 |[39m   }
     [90m 532 |[39m }[0m

      at error (app/services/auth-2fa-service.ts:529:13)
      at Object.<anonymous> (__tests__/app/services/auth-2fa-service.test.ts:277:7)

    console.log
      ­ƒôº [Auth2FA] Solicitando c├│digo de recuperaci├│n para: test@test.com

      at log (app/services/auth-2fa-service.ts:305:11)

    console.log
      ­ƒôí [Auth2FA] Status de respuesta: 200

      at log (app/services/auth-2fa-service.ts:317:11)

    console.log
      Ô£à [Auth2FA] C├│digo de recuperaci├│n enviado

      at log (app/services/auth-2fa-service.ts:321:13)

    console.log
      ­ƒô¿ [Auth2FA] C├│digo de recuperaci├│n enviado por email

      at log (app/services/auth-2fa-service.ts:322:13)

    console.log
      ­ƒôº [Auth2FA] Solicitando c├│digo de recuperaci├│n para: noexiste@test.com

      at log (app/services/auth-2fa-service.ts:305:11)

    console.log
      ­ƒôí [Auth2FA] Status de respuesta: 404

      at log (app/services/auth-2fa-service.ts:317:11)

    console.log
      ­ƒôä [Auth2FA] Respuesta error: {"error":"Usuario no encontrado"}

      at log (app/services/auth-2fa-service.ts:328:11)

    console.error
      ÔØî [Auth2FA] Error: Usuario no encontrado

    [0m [90m 334 |[39m   [36mtry[39m {
     [90m 335 |[39m     [36mconst[39m errorData[33m:[39m [33mErrorResponse[39m [33m=[39m 
[33mJSON[39m[33m.[39mparse(responseText)[33m;[39m
    [31m[1m>[22m[39m[90m 336 |[39m     console[33m.[39merror([32m'ÔØî [Auth2FA] Error:'[39m[33m,[39m 
errorData[33m.[39merror)[33m;[39m
     [90m     |[39m             [31m[1m^[22m[39m
     [90m 337 |[39m     [36mthrow[39m [36mnew[39m [33mError[39m(errorData[33m.[39merror [33m||[39m [32m'Error al 
solicitar c├│digo de recuperaci├│n'[39m)[33m;[39m
     [90m 338 |[39m   } [36mcatch[39m (parseError) {
     [90m 339 |[39m     console[33m.[39merror([32m'ÔØî [Auth2FA] Error parseando respuesta:'[39m[33m,[39m 
parseError)[33m;[39m[0m

      at error (app/services/auth-2fa-service.ts:336:13)
      at Object.<anonymous> (__tests__/app/services/auth-2fa-service.test.ts:315:7)

    console.error
      ÔØî [Auth2FA] Error parseando respuesta: Error: Usuario no encontrado
          at forgotPassword (C:\Users\Usuario\Documents\GitHub\INIA\inia-frontend-jc\app\services\auth-2fa-service.ts:337:11)
          at processTicksAndRejections (node:internal/process/task_queues:105:5)
          at Object.<anonymous> 
(C:\Users\Usuario\Documents\GitHub\INIA\inia-frontend-jc\__tests__\app\services\auth-2fa-service.test.ts:315:7)

    [0m [90m 337 |[39m     [36mthrow[39m [36mnew[39m [33mError[39m(errorData[33m.[39merror [33m||[39m [32m'Error al 
solicitar c├│digo de recuperaci├│n'[39m)[33m;[39m
     [90m 338 |[39m   } [36mcatch[39m (parseError) {
    [31m[1m>[22m[39m[90m 339 |[39m     console[33m.[39merror([32m'ÔØî [Auth2FA] Error parseando respuesta:'[39m[33m,[39m 
parseError)[33m;[39m
     [90m     |[39m             [31m[1m^[22m[39m
     [90m 340 |[39m     [36mthrow[39m [36mnew[39m [33mError[39m(responseText [33m||[39m [32m'Error al solicitar c├│digo 
de recuperaci├│n'[39m)[33m;[39m
     [90m 341 |[39m   }
     [90m 342 |[39m }[0m

      at error (app/services/auth-2fa-service.ts:339:13)
      at Object.<anonymous> (__tests__/app/services/auth-2fa-service.test.ts:315:7)

    console.log
      ­ƒöÉ [Auth2FA] Reseteando contrase├▒a para: test@test.com

      at log (app/services/auth-2fa-service.ts:367:11)

    console.log
      ­ƒöæ [Auth2FA] C├│digo de recuperaci├│n: ABCD****

      at log (app/services/auth-2fa-service.ts:368:11)

    console.log
      ­ƒöÉ [Auth2FA] C├│digo TOTP proporcionado: true

      at log (app/services/auth-2fa-service.ts:369:11)

    console.log
      ­ƒôí [Auth2FA] Status de respuesta: 200

      at log (app/services/auth-2fa-service.ts:381:11)

    console.log
      Ô£à [Auth2FA] Contrase├▒a actualizada exitosamente

      at log (app/services/auth-2fa-service.ts:385:13)

    console.log
      ­ƒöÆ [Auth2FA] Todos los dispositivos de confianza fueron revocados

      at log (app/services/auth-2fa-service.ts:386:13)

    console.log
      ­ƒöÉ [Auth2FA] Reseteando contrase├▒a para: test@test.com

      at log (app/services/auth-2fa-service.ts:367:11)

    console.log
      ­ƒöæ [Auth2FA] C├│digo de recuperaci├│n: WRON****

      at log (app/services/auth-2fa-service.ts:368:11)

    console.log
      ­ƒöÉ [Auth2FA] C├│digo TOTP proporcionado: true

      at log (app/services/auth-2fa-service.ts:369:11)

    console.log
      ­ƒôí [Auth2FA] Status de respuesta: 400

      at log (app/services/auth-2fa-service.ts:381:11)

    console.error
      ÔØî [Auth2FA] Error: C├│digo de recuperaci├│n inv├ílido o expirado

    [0m [90m 390 |[39m   [90m// Error[39m
     [90m 391 |[39m   [36mconst[39m errorData[33m:[39m [33mErrorResponse[39m [33m=[39m [36mawait[39m 
response[33m.[39mjson()[33m;[39m
    [31m[1m>[22m[39m[90m 392 |[39m   console[33m.[39merror([32m'ÔØî [Auth2FA] Error:'[39m[33m,[39m 
errorData[33m.[39merror)[33m;[39m
     [90m     |[39m           [31m[1m^[22m[39m
     [90m 393 |[39m   
     [90m 394 |[39m   [90m// Personalizar mensajes de error[39m
     [90m 395 |[39m   [36mlet[39m errorMessage [33m=[39m errorData[33m.[39merror [33m||[39m [32m'Error al resetear 
contrase├▒a'[39m[33m;[39m[0m

      at error (app/services/auth-2fa-service.ts:392:11)
      at Object.<anonymous> (__tests__/app/services/auth-2fa-service.test.ts:350:7)

    console.log
      ­ƒöÉ [Auth2FA] Reseteando contrase├▒a para: test@test.com

      at log (app/services/auth-2fa-service.ts:367:11)

    console.log
      ­ƒöæ [Auth2FA] C├│digo de recuperaci├│n: ABCD****

      at log (app/services/auth-2fa-service.ts:368:11)

    console.log
      ­ƒöÉ [Auth2FA] C├│digo TOTP proporcionado: true

      at log (app/services/auth-2fa-service.ts:369:11)

    console.log
      ­ƒôí [Auth2FA] Status de respuesta: 400

      at log (app/services/auth-2fa-service.ts:381:11)

    console.error
      ÔØî [Auth2FA] Error: C├│digo de autenticaci├│n inv├ílido

    [0m [90m 390 |[39m   [90m// Error[39m
     [90m 391 |[39m   [36mconst[39m errorData[33m:[39m [33mErrorResponse[39m [33m=[39m [36mawait[39m 
response[33m.[39mjson()[33m;[39m
    [31m[1m>[22m[39m[90m 392 |[39m   console[33m.[39merror([32m'ÔØî [Auth2FA] Error:'[39m[33m,[39m 
errorData[33m.[39merror)[33m;[39m
     [90m     |[39m           [31m[1m^[22m[39m
     [90m 393 |[39m   
     [90m 394 |[39m   [90m// Personalizar mensajes de error[39m
     [90m 395 |[39m   [36mlet[39m errorMessage [33m=[39m errorData[33m.[39merror [33m||[39m [32m'Error al resetear 
contrase├▒a'[39m[33m;[39m[0m

      at error (app/services/auth-2fa-service.ts:392:11)
      at Object.<anonymous> (__tests__/app/services/auth-2fa-service.test.ts:367:7)

    console.log
      ­ƒöä [Auth2FA] Regenerando c├│digos de respaldo...

      at log (app/services/auth-2fa-service.ts:554:11)

    console.log
      ­ƒôí [Auth2FA] Status de respuesta: 200

      at log (app/services/auth-2fa-service.ts:566:11)

    console.log
      Ô£à [Auth2FA] C├│digos regenerados: 10

      at log (app/services/auth-2fa-service.ts:570:13)

    console.log
      ­ƒöä [Auth2FA] Regenerando c├│digos de respaldo...

      at log (app/services/auth-2fa-service.ts:554:11)

    console.log
      ­ƒôí [Auth2FA] Status de respuesta: 400

      at log (app/services/auth-2fa-service.ts:566:11)

    console.log
      ­ƒôä [Auth2FA] Respuesta error: {"error":"C├│digo TOTP inv├ílido"}

      at log (app/services/auth-2fa-service.ts:576:11)

    console.error
      ÔØî [Auth2FA] Error: C├│digo TOTP inv├ílido

    [0m [90m 582 |[39m   [36mtry[39m {
     [90m 583 |[39m     [36mconst[39m errorData[33m:[39m [33mErrorResponse[39m [33m=[39m 
[33mJSON[39m[33m.[39mparse(responseText)[33m;[39m
    [31m[1m>[22m[39m[90m 584 |[39m     console[33m.[39merror([32m'ÔØî [Auth2FA] Error:'[39m[33m,[39m 
errorData[33m.[39merror)[33m;[39m
     [90m     |[39m             [31m[1m^[22m[39m
     [90m 585 |[39m     [36mthrow[39m [36mnew[39m [33mError[39m(errorData[33m.[39merror [33m||[39m [32m'Error al 
regenerar c├│digos de respaldo'[39m)[33m;[39m
     [90m 586 |[39m   } [36mcatch[39m (parseError) {
     [90m 587 |[39m     console[33m.[39merror([32m'ÔØî [Auth2FA] Error parseando respuesta:'[39m[33m,[39m 
parseError)[33m;[39m[0m

      at error (app/services/auth-2fa-service.ts:584:13)
      at Object.<anonymous> (__tests__/app/services/auth-2fa-service.test.ts:425:7)

    console.error
      ÔØî [Auth2FA] Error parseando respuesta: Error: C├│digo TOTP inv├ílido
          at regenerateBackupCodes (C:\Users\Usuario\Documents\GitHub\INIA\inia-frontend-jc\app\services\auth-2fa-service.ts:585:11)
          at processTicksAndRejections (node:internal/process/task_queues:105:5)
          at Object.<anonymous> 
(C:\Users\Usuario\Documents\GitHub\INIA\inia-frontend-jc\__tests__\app\services\auth-2fa-service.test.ts:425:7)

    [0m [90m 585 |[39m     [36mthrow[39m [36mnew[39m [33mError[39m(errorData[33m.[39merror [33m||[39m [32m'Error al 
regenerar c├│digos de respaldo'[39m)[33m;[39m
     [90m 586 |[39m   } [36mcatch[39m (parseError) {
    [31m[1m>[22m[39m[90m 587 |[39m     console[33m.[39merror([32m'ÔØî [Auth2FA] Error parseando respuesta:'[39m[33m,[39m 
parseError)[33m;[39m
     [90m     |[39m             [31m[1m^[22m[39m
     [90m 588 |[39m     [36mthrow[39m [36mnew[39m [33mError[39m(responseText [33m||[39m [32m'Error al regenerar c├│digos 
de respaldo'[39m)[33m;[39m
     [90m 589 |[39m   }
     [90m 590 |[39m }[0m

      at error (app/services/auth-2fa-service.ts:587:13)
      at Object.<anonymous> (__tests__/app/services/auth-2fa-service.test.ts:425:7)

    console.log
      ­ƒöó [Auth2FA] Obteniendo conteo de c├│digos de respaldo...

      at log (app/services/auth-2fa-service.ts:601:11)

    console.log
      ­ƒôí [Auth2FA] Status de respuesta: 200

      at log (app/services/auth-2fa-service.ts:611:11)

    console.log
      Ô£à [Auth2FA] C├│digos disponibles: 8

      at log (app/services/auth-2fa-service.ts:615:13)

    console.log
      ­ƒöó [Auth2FA] Obteniendo conteo de c├│digos de respaldo...

      at log (app/services/auth-2fa-service.ts:601:11)

    console.log
      ­ƒôí [Auth2FA] Status de respuesta: 200

      at log (app/services/auth-2fa-service.ts:611:11)

    console.log
      Ô£à [Auth2FA] C├│digos disponibles: 2

      at log (app/services/auth-2fa-service.ts:615:13)

    console.warn
      ÔÜá´©Å [Auth2FA] Quedan pocos c├│digos de respaldo

    [0m [90m 615 |[39m     console[33m.[39mlog([32m'Ô£à [Auth2FA] C├│digos disponibles:'[39m[33m,[39m 
data[33m.[39mavailableCodes)[33m;[39m
     [90m 616 |[39m     [36mif[39m (data[33m.[39mwarning) {
    [31m[1m>[22m[39m[90m 617 |[39m       console[33m.[39mwarn([32m'ÔÜá´©Å [Auth2FA]'[39m[33m,[39m 
data[33m.[39mwarning)[33m;[39m
     [90m     |[39m               [31m[1m^[22m[39m
     [90m 618 |[39m     }
     [90m 619 |[39m     [36mreturn[39m data[33m;[39m
     [90m 620 |[39m   }[0m

      at warn (app/services/auth-2fa-service.ts:617:15)
      at Object.<anonymous> (__tests__/app/services/auth-2fa-service.test.ts:460:22)

    console.log
      ­ƒöÉ [Auth2FA] Completando configuraci├│n inicial del admin...

      at log (app/services/auth-2fa-service.ts:790:11)

    console.log
      ­ƒôí [Auth2FA] Status de respuesta: 200

      at log (app/services/auth-2fa-service.ts:802:11)

    console.log
      Ô£à [Auth2FA] Configuraci├│n completada exitosamente

      at log (app/services/auth-2fa-service.ts:806:13)

    console.log
      ­ƒöÉ [Auth2FA] 2FA activado

      at log (app/services/auth-2fa-service.ts:807:13)

    console.log
      ­ƒöæ [Auth2FA] C├│digos de respaldo generados: 10

      at log (app/services/auth-2fa-service.ts:808:13)

    console.log
      ­ƒÄ½ [Auth2FA] Obteniendo datos de configuraci├│n con token...

      at log (app/services/auth-2fa-service.ts:827:11)

    console.log
      ­ƒôí [Auth2FA] Status de respuesta: 200

      at log (app/services/auth-2fa-service.ts:837:11)

    console.log
      Ô£à [Auth2FA] Datos de configuraci├│n obtenidos

      at log (app/services/auth-2fa-service.ts:841:13)

    console.log
      ­ƒÄ½ [Auth2FA] Obteniendo datos de configuraci├│n con token...

      at log (app/services/auth-2fa-service.ts:827:11)

    console.log
      ­ƒôí [Auth2FA] Status de respuesta: 401

      at log (app/services/auth-2fa-service.ts:837:11)

    console.error
      ÔØî [Auth2FA] Error: Token inv├ílido o expirado

    [0m [90m 845 |[39m   [90m// Error[39m
     [90m 846 |[39m   [36mconst[39m errorData[33m:[39m [33mErrorResponse[39m [33m=[39m [36mawait[39m 
response[33m.[39mjson()[33m;[39m
    [31m[1m>[22m[39m[90m 847 |[39m   console[33m.[39merror([32m'ÔØî [Auth2FA] Error:'[39m[33m,[39m 
errorData[33m.[39merror)[33m;[39m
     [90m     |[39m           [31m[1m^[22m[39m
     [90m 848 |[39m   [36mthrow[39m [36mnew[39m [33mError[39m(errorData[33m.[39merror [33m||[39m [32m'Token inv├ílido o 
expirado'[39m)[33m;[39m
     [90m 849 |[39m }
     [90m 850 |[39m[0m

      at error (app/services/auth-2fa-service.ts:847:11)
      at Object.<anonymous> (__tests__/app/services/auth-2fa-service.test.ts:533:7)

    console.log
      ­ƒöÉ [Auth2FA] Iniciando login con 2FA...

      at log (app/services/auth-2fa-service.ts:136:11)

    console.log
      ­ƒôº [Auth2FA] Usuario: admin@test.com

      at log (app/services/auth-2fa-service.ts:137:11)

    console.log
      ­ƒöæ [Auth2FA] Tiene c├│digo TOTP: false

      at log (app/services/auth-2fa-service.ts:138:11)

    console.log
      ­ƒô▒ [Auth2FA] Tiene fingerprint: false

      at log (app/services/auth-2fa-service.ts:139:11)

    console.log
      ­ƒôí [Auth2FA] Status de respuesta: 403

      at log (app/services/auth-2fa-service.ts:153:13)

    console.log
      ­ƒôä [Auth2FA] Respuesta 403: {"requiresCredentialChange":true,"userId":1,"mensaje":"Debe cambiar credenciales"}

      at log (app/services/auth-2fa-service.ts:167:15)

    console.log
      ÔÜá´©Å [Auth2FA] Requiere cambio de credenciales (admin)

      at log (app/services/auth-2fa-service.ts:179:19)

    console.log
      ­ƒæñ [Auth2FA] User ID: 1

      at log (app/services/auth-2fa-service.ts:180:19)

    console.log
      ­ƒöÉ [Auth2FA] Iniciando login con 2FA...

      at log (app/services/auth-2fa-service.ts:136:11)

    console.log
      ­ƒôº [Auth2FA] Usuario: user@test.com

      at log (app/services/auth-2fa-service.ts:137:11)

    console.log
      ­ƒöæ [Auth2FA] Tiene c├│digo TOTP: false

      at log (app/services/auth-2fa-service.ts:138:11)

    console.log
      ­ƒô▒ [Auth2FA] Tiene fingerprint: false

      at log (app/services/auth-2fa-service.ts:139:11)

    console.log
      ­ƒôí [Auth2FA] Status de respuesta: 403

      at log (app/services/auth-2fa-service.ts:153:13)

    console.log
      ­ƒôä [Auth2FA] Respuesta 403: {"requires2FASetup":true,"userId":2,"mensaje":"Debe configurar 2FA"}

      at log (app/services/auth-2fa-service.ts:167:15)

    console.log
      ÔÜá´©Å [Auth2FA] Requiere setup de 2FA

      at log (app/services/auth-2fa-service.ts:186:19)

    console.log
      ­ƒæñ [Auth2FA] User ID: 2

      at log (app/services/auth-2fa-service.ts:187:19)

    console.log
      ­ƒöÉ [Auth2FA] Iniciando login con 2FA...

      at log (app/services/auth-2fa-service.ts:136:11)

    console.log
      ­ƒôº [Auth2FA] Usuario: test@test.com

      at log (app/services/auth-2fa-service.ts:137:11)

    console.log
      ­ƒöæ [Auth2FA] Tiene c├│digo TOTP: false

      at log (app/services/auth-2fa-service.ts:138:11)

    console.log
      ­ƒô▒ [Auth2FA] Tiene fingerprint: false

      at log (app/services/auth-2fa-service.ts:139:11)

    console.log
      ­ƒôí [Auth2FA] Status de respuesta: 403

      at log (app/services/auth-2fa-service.ts:153:13)

    console.log
      ­ƒôä [Auth2FA] Respuesta 403:

      at log (app/services/auth-2fa-service.ts:167:15)

    console.error
      ÔØî [Auth2FA] Respuesta vac├¡a del backend en 403

    [0m [90m 168 |[39m       
     [90m 169 |[39m       [36mif[39m ([33m![39mresponseText [33m||[39m responseText[33m.[39mtrim() [33m===[39m 
[32m''[39m) {
    [31m[1m>[22m[39m[90m 170 |[39m         console[33m.[39merror([32m'ÔØî [Auth2FA] Respuesta vac├¡a del backend en 
403'[39m)[33m;[39m
     [90m     |[39m                 [31m[1m^[22m[39m
     [90m 171 |[39m         [36mthrow[39m [36mnew[39m [33mError[39m([32m'Error del servidor: respuesta vac├¡a. Verifica que 
el backend tenga el endpoint /api/v1/auth/login-2fa implementado correctamente.'[39m)[33m;[39m
     [90m 172 |[39m       }
     [90m 173 |[39m       [0m

      at error (app/services/auth-2fa-service.ts:170:17)
      at Object.<anonymous> (__tests__/app/services/auth-2fa-service.test.ts:695:7)

    console.log
      ­ƒöÉ [Auth2FA] Iniciando login con 2FA...

      at log (app/services/auth-2fa-service.ts:136:11)

    console.log
      ­ƒôº [Auth2FA] Usuario: test@test.com

      at log (app/services/auth-2fa-service.ts:137:11)

    console.log
      ­ƒöæ [Auth2FA] Tiene c├│digo TOTP: false

      at log (app/services/auth-2fa-service.ts:138:11)

    console.log
      ­ƒô▒ [Auth2FA] Tiene fingerprint: false

      at log (app/services/auth-2fa-service.ts:139:11)

    console.log
      ­ƒôí [Auth2FA] Status de respuesta: 403

      at log (app/services/auth-2fa-service.ts:153:13)

    console.log
      ­ƒôä [Auth2FA] Respuesta 403: Invalid JSON {

      at log (app/services/auth-2fa-service.ts:167:15)

    console.error
      ÔØî [Auth2FA] Error parseando JSON 403: SyntaxError: Unexpected token 'I', "Invalid JSON {" is not valid JSON
          at JSON.parse (<anonymous>)
          at parse (C:\Users\Usuario\Documents\GitHub\INIA\inia-frontend-jc\app\services\auth-2fa-service.ts:175:27)
          at processTicksAndRejections (node:internal/process/task_queues:105:5)
          at Object.<anonymous> 
(C:\Users\Usuario\Documents\GitHub\INIA\inia-frontend-jc\__tests__\app\services\auth-2fa-service.test.ts:710:7)

    [0m [90m 200 |[39m         [36mthrow[39m [36mnew[39m [33mError[39m([32m'Respuesta inesperada del 
servidor'[39m)[33m;[39m
     [90m 201 |[39m       } [36mcatch[39m (parseError) {
    [31m[1m>[22m[39m[90m 202 |[39m         console[33m.[39merror([32m'ÔØî [Auth2FA] Error parseando JSON 
403:'[39m[33m,[39m parseError)[33m;[39m
     [90m     |[39m                 [31m[1m^[22m[39m
     [90m 203 |[39m         [36mthrow[39m [36mnew[39m [33mError[39m([32m'Error del servidor: respuesta 
inv├ílida'[39m)[33m;[39m
     [90m 204 |[39m       }
     [90m 205 |[39m     }[0m

      at error (app/services/auth-2fa-service.ts:202:17)
      at Object.<anonymous> (__tests__/app/services/auth-2fa-service.test.ts:710:7)

    console.log
      ­ƒöÉ [Auth2FA] Iniciando login con 2FA...

      at log (app/services/auth-2fa-service.ts:136:11)

    console.log
      ­ƒôº [Auth2FA] Usuario: test@test.com

      at log (app/services/auth-2fa-service.ts:137:11)

    console.log
      ­ƒöæ [Auth2FA] Tiene c├│digo TOTP: false

      at log (app/services/auth-2fa-service.ts:138:11)

    console.log
      ­ƒô▒ [Auth2FA] Tiene fingerprint: false

      at log (app/services/auth-2fa-service.ts:139:11)

    console.log
      ­ƒôí [Auth2FA] Status de respuesta: 403

      at log (app/services/auth-2fa-service.ts:153:13)

    console.log
      ­ƒôä [Auth2FA] Respuesta 403: {"unknown":true}

      at log (app/services/auth-2fa-service.ts:167:15)

    console.error
      ÔØî [Auth2FA] Respuesta 403 desconocida: { unknown: true }

    [0m [90m 197 |[39m         
     [90m 198 |[39m         [90m// Si no coincide con ning├║n tipo conocido[39m
    [31m[1m>[22m[39m[90m 199 |[39m         console[33m.[39merror([32m'ÔØî [Auth2FA] Respuesta 403 
desconocida:'[39m[33m,[39m data)[33m;[39m
     [90m     |[39m                 [31m[1m^[22m[39m
     [90m 200 |[39m         [36mthrow[39m [36mnew[39m [33mError[39m([32m'Respuesta inesperada del servidor'[39m)[33m;[39m
     [90m 201 |[39m       } [36mcatch[39m (parseError) {
     [90m 202 |[39m         console[33m.[39merror([32m'ÔØî [Auth2FA] Error parseando JSON 403:'[39m[33m,[39m 
parseError)[33m;[39m[0m

      at error (app/services/auth-2fa-service.ts:199:17)
      at Object.<anonymous> (__tests__/app/services/auth-2fa-service.test.ts:725:7)

    console.error
      ÔØî [Auth2FA] Error parseando JSON 403: Error: Respuesta inesperada del servidor
          at login2FA (C:\Users\Usuario\Documents\GitHub\INIA\inia-frontend-jc\app\services\auth-2fa-service.ts:200:15)
          at processTicksAndRejections (node:internal/process/task_queues:105:5)
          at Object.<anonymous> 
(C:\Users\Usuario\Documents\GitHub\INIA\inia-frontend-jc\__tests__\app\services\auth-2fa-service.test.ts:725:7)

    [0m [90m 200 |[39m         [36mthrow[39m [36mnew[39m [33mError[39m([32m'Respuesta inesperada del 
servidor'[39m)[33m;[39m
     [90m 201 |[39m       } [36mcatch[39m (parseError) {
    [31m[1m>[22m[39m[90m 202 |[39m         console[33m.[39merror([32m'ÔØî [Auth2FA] Error parseando JSON 
403:'[39m[33m,[39m parseError)[33m;[39m
     [90m     |[39m                 [31m[1m^[22m[39m
     [90m 203 |[39m         [36mthrow[39m [36mnew[39m [33mError[39m([32m'Error del servidor: respuesta 
inv├ílida'[39m)[33m;[39m
     [90m 204 |[39m       }
     [90m 205 |[39m     }[0m

      at error (app/services/auth-2fa-service.ts:202:17)
      at Object.<anonymous> (__tests__/app/services/auth-2fa-service.test.ts:725:7)

    console.log
      ­ƒöÉ [Auth2FA] Iniciando login con 2FA...

      at log (app/services/auth-2fa-service.ts:136:11)

    console.log
      ­ƒôº [Auth2FA] Usuario: test@test.com

      at log (app/services/auth-2fa-service.ts:137:11)

    console.log
      ­ƒöæ [Auth2FA] Tiene c├│digo TOTP: false

      at log (app/services/auth-2fa-service.ts:138:11)

    console.log
      ­ƒô▒ [Auth2FA] Tiene fingerprint: false

      at log (app/services/auth-2fa-service.ts:139:11)

    console.log
      ­ƒôí [Auth2FA] Status de respuesta: 404

      at log (app/services/auth-2fa-service.ts:153:13)

    console.warn
      ÔÜá´©Å [Auth2FA] Endpoint /api/v1/auth/login-2fa no encontrado, usando login tradicional

    [0m [90m 207 |[39m     [90m// Si es 404, el endpoint no existe, usar fallback[39m
     [90m 208 |[39m     [36mif[39m (response[33m.[39mstatus [33m===[39m [35m404[39m) {
    [31m[1m>[22m[39m[90m 209 |[39m       console[33m.[39mwarn([32m'ÔÜá´©Å [Auth2FA] Endpoint /api/v1/auth/login-2fa no 
encontrado, usando login tradicional'[39m)[33m;[39m
     [90m     |[39m               [31m[1m^[22m[39m
     [90m 210 |[39m       [36mreturn[39m [36mawait[39m loginTradicional(credentials[33m.[39musuario[33m,[39m 
credentials[33m.[39mpassword)[33m;[39m
     [90m 211 |[39m     }
     [90m 212 |[39m[0m

      at warn (app/services/auth-2fa-service.ts:209:15)
      at Object.<anonymous> (__tests__/app/services/auth-2fa-service.test.ts:759:22)

    console.log
      ­ƒöä [Auth2FA] Usando login tradicional

      at log (app/services/auth-2fa-service.ts:243:11)

    console.log
      ­ƒöÉ [Auth2FA] Iniciando login con 2FA...

      at log (app/services/auth-2fa-service.ts:136:11)

    console.log
      ­ƒôº [Auth2FA] Usuario: test@test.com

      at log (app/services/auth-2fa-service.ts:137:11)

    console.log
      ­ƒöæ [Auth2FA] Tiene c├│digo TOTP: false

      at log (app/services/auth-2fa-service.ts:138:11)

    console.log
      ­ƒô▒ [Auth2FA] Tiene fingerprint: false

      at log (app/services/auth-2fa-service.ts:139:11)

    console.warn
      ÔÜá´©Å [Auth2FA] Error de red, intentando login tradicional

    [0m [90m 230 |[39m     [90m// Si es error de red o endpoint no disponible, usar login tradicional[39m
     [90m 231 |[39m     [36mif[39m (error[33m.[39mmessage[33m?[39m[33m.[39mincludes([32m'fetch'[39m) [33m||[39m 
error[33m.[39mmessage[33m?[39m[33m.[39mincludes([32m'NetworkError'[39m)) {
    [31m[1m>[22m[39m[90m 232 |[39m       console[33m.[39mwarn([32m'ÔÜá´©Å [Auth2FA] Error de red, intentando login 
tradicional'[39m)[33m;[39m
     [90m     |[39m               [31m[1m^[22m[39m
     [90m 233 |[39m       [36mreturn[39m [36mawait[39m loginTradicional(credentials[33m.[39musuario[33m,[39m 
credentials[33m.[39mpassword)[33m;[39m
     [90m 234 |[39m     }
     [90m 235 |[39m     [36mthrow[39m error[33m;[39m[0m

      at warn (app/services/auth-2fa-service.ts:232:15)
      at Object.<anonymous> (__tests__/app/services/auth-2fa-service.test.ts:789:22)

    console.log
      ­ƒöä [Auth2FA] Usando login tradicional

      at log (app/services/auth-2fa-service.ts:243:11)

    console.log
      ­ƒöÉ [Auth2FA] Iniciando login con 2FA...

      at log (app/services/auth-2fa-service.ts:136:11)

    console.log
      ­ƒôº [Auth2FA] Usuario: test@test.com

      at log (app/services/auth-2fa-service.ts:137:11)

    console.log
      ­ƒöæ [Auth2FA] Tiene c├│digo TOTP: false

      at log (app/services/auth-2fa-service.ts:138:11)

    console.log
      ­ƒô▒ [Auth2FA] Tiene fingerprint: false

      at log (app/services/auth-2fa-service.ts:139:11)

    console.log
      ­ƒôí [Auth2FA] Status de respuesta: 404

      at log (app/services/auth-2fa-service.ts:153:13)

    console.warn
      ÔÜá´©Å [Auth2FA] Endpoint /api/v1/auth/login-2fa no encontrado, usando login tradicional

    [0m [90m 207 |[39m     [90m// Si es 404, el endpoint no existe, usar fallback[39m
     [90m 208 |[39m     [36mif[39m (response[33m.[39mstatus [33m===[39m [35m404[39m) {
    [31m[1m>[22m[39m[90m 209 |[39m       console[33m.[39mwarn([32m'ÔÜá´©Å [Auth2FA] Endpoint /api/v1/auth/login-2fa no 
encontrado, usando login tradicional'[39m)[33m;[39m
     [90m     |[39m               [31m[1m^[22m[39m
     [90m 210 |[39m       [36mreturn[39m [36mawait[39m loginTradicional(credentials[33m.[39musuario[33m,[39m 
credentials[33m.[39mpassword)[33m;[39m
     [90m 211 |[39m     }
     [90m 212 |[39m[0m

      at warn (app/services/auth-2fa-service.ts:209:15)
      at Object.<anonymous> (__tests__/app/services/auth-2fa-service.test.ts:810:7)

    console.log
      ­ƒöä [Auth2FA] Usando login tradicional

      at log (app/services/auth-2fa-service.ts:243:11)

    console.log
      ­ƒöÉ [Auth2FA] Iniciando login con 2FA...

      at log (app/services/auth-2fa-service.ts:136:11)

    console.log
      ­ƒôº [Auth2FA] Usuario: test@test.com

      at log (app/services/auth-2fa-service.ts:137:11)

    console.log
      ­ƒöæ [Auth2FA] Tiene c├│digo TOTP: false

      at log (app/services/auth-2fa-service.ts:138:11)

    console.log
      ­ƒô▒ [Auth2FA] Tiene fingerprint: false

      at log (app/services/auth-2fa-service.ts:139:11)

    console.log
      ­ƒôí [Auth2FA] Status de respuesta: 404

      at log (app/services/auth-2fa-service.ts:153:13)

    console.warn
      ÔÜá´©Å [Auth2FA] Endpoint /api/v1/auth/login-2fa no encontrado, usando login tradicional

    [0m [90m 207 |[39m     [90m// Si es 404, el endpoint no existe, usar fallback[39m
     [90m 208 |[39m     [36mif[39m (response[33m.[39mstatus [33m===[39m [35m404[39m) {
    [31m[1m>[22m[39m[90m 209 |[39m       console[33m.[39mwarn([32m'ÔÜá´©Å [Auth2FA] Endpoint /api/v1/auth/login-2fa no 
encontrado, usando login tradicional'[39m)[33m;[39m
     [90m     |[39m               [31m[1m^[22m[39m
     [90m 210 |[39m       [36mreturn[39m [36mawait[39m loginTradicional(credentials[33m.[39musuario[33m,[39m 
credentials[33m.[39mpassword)[33m;[39m
     [90m 211 |[39m     }
     [90m 212 |[39m[0m

      at warn (app/services/auth-2fa-service.ts:209:15)
      at Object.<anonymous> (__tests__/app/services/auth-2fa-service.test.ts:831:7)

    console.log
      ­ƒöä [Auth2FA] Usando login tradicional

      at log (app/services/auth-2fa-service.ts:243:11)

    console.log
      ­ƒöÉ [Auth2FA] Iniciando login con 2FA...

      at log (app/services/auth-2fa-service.ts:136:11)

    console.log
      ­ƒôº [Auth2FA] Usuario: test@test.com

      at log (app/services/auth-2fa-service.ts:137:11)

    console.log
      ­ƒöæ [Auth2FA] Tiene c├│digo TOTP: false

      at log (app/services/auth-2fa-service.ts:138:11)

    console.log
      ­ƒô▒ [Auth2FA] Tiene fingerprint: false

      at log (app/services/auth-2fa-service.ts:139:11)

    console.log
      ­ƒôí [Auth2FA] Status de respuesta: 404

      at log (app/services/auth-2fa-service.ts:153:13)

    console.warn
      ÔÜá´©Å [Auth2FA] Endpoint /api/v1/auth/login-2fa no encontrado, usando login tradicional

    [0m [90m 207 |[39m     [90m// Si es 404, el endpoint no existe, usar fallback[39m
     [90m 208 |[39m     [36mif[39m (response[33m.[39mstatus [33m===[39m [35m404[39m) {
    [31m[1m>[22m[39m[90m 209 |[39m       console[33m.[39mwarn([32m'ÔÜá´©Å [Auth2FA] Endpoint /api/v1/auth/login-2fa no 
encontrado, usando login tradicional'[39m)[33m;[39m
     [90m     |[39m               [31m[1m^[22m[39m
     [90m 210 |[39m       [36mreturn[39m [36mawait[39m loginTradicional(credentials[33m.[39musuario[33m,[39m 
credentials[33m.[39mpassword)[33m;[39m
     [90m 211 |[39m     }
     [90m 212 |[39m[0m

      at warn (app/services/auth-2fa-service.ts:209:15)
      at Object.<anonymous> (__tests__/app/services/auth-2fa-service.test.ts:852:7)

    console.log
      ­ƒöä [Auth2FA] Usando login tradicional

      at log (app/services/auth-2fa-service.ts:243:11)

    console.log
      ­ƒöÉ [Auth2FA] Iniciando login con 2FA...

      at log (app/services/auth-2fa-service.ts:136:11)

    console.log
      ­ƒôº [Auth2FA] Usuario: test@test.com

      at log (app/services/auth-2fa-service.ts:137:11)

    console.log
      ­ƒöæ [Auth2FA] Tiene c├│digo TOTP: false

      at log (app/services/auth-2fa-service.ts:138:11)

    console.log
      ­ƒô▒ [Auth2FA] Tiene fingerprint: false

      at log (app/services/auth-2fa-service.ts:139:11)

    console.log
      ­ƒôí [Auth2FA] Status de respuesta: 401

      at log (app/services/auth-2fa-service.ts:153:13)

    console.log
      ­ƒôä [Auth2FA] Respuesta error:

      at log (app/services/auth-2fa-service.ts:215:13)

    console.log
      ­ƒöÉ [Auth2FA] Iniciando login con 2FA...

      at log (app/services/auth-2fa-service.ts:136:11)

    console.log
      ­ƒôº [Auth2FA] Usuario: test@test.com

      at log (app/services/auth-2fa-service.ts:137:11)

    console.log
      ­ƒöæ [Auth2FA] Tiene c├│digo TOTP: false

      at log (app/services/auth-2fa-service.ts:138:11)

    console.log
      ­ƒô▒ [Auth2FA] Tiene fingerprint: false

      at log (app/services/auth-2fa-service.ts:139:11)

    console.log
      ­ƒôí [Auth2FA] Status de respuesta: 500

      at log (app/services/auth-2fa-service.ts:153:13)

    console.log
      ­ƒôä [Auth2FA] Respuesta error: Plain text error

      at log (app/services/auth-2fa-service.ts:215:13)

    console.error
      ÔØî [Auth2FA] Error parseando respuesta: SyntaxError: Unexpected token 'P', "Plain text error" is not valid JSON
          at JSON.parse (<anonymous>)
          at parse (C:\Users\Usuario\Documents\GitHub\INIA\inia-frontend-jc\app\services\auth-2fa-service.ts:222:45)
          at processTicksAndRejections (node:internal/process/task_queues:105:5)
          at Object.<anonymous> 
(C:\Users\Usuario\Documents\GitHub\INIA\inia-frontend-jc\__tests__\app\services\auth-2fa-service.test.ts:884:7)

    [0m [90m 224 |[39m       [36mthrow[39m [36mnew[39m [33mError[39m(errorData[33m.[39merror [33m||[39m [32m'Error de 
autenticaci├│n'[39m)[33m;[39m
     [90m 225 |[39m     } [36mcatch[39m (parseError) {
    [31m[1m>[22m[39m[90m 226 |[39m       console[33m.[39merror([32m'ÔØî [Auth2FA] Error parseando 
respuesta:'[39m[33m,[39m parseError)[33m;[39m
     [90m     |[39m               [31m[1m^[22m[39m
     [90m 227 |[39m       [36mthrow[39m [36mnew[39m [33mError[39m(responseText [33m||[39m [32m'Error de 
autenticaci├│n'[39m)[33m;[39m
     [90m 228 |[39m     }
     [90m 229 |[39m   } [36mcatch[39m (error[33m:[39m any) {[0m

      at error (app/services/auth-2fa-service.ts:226:15)
      at Object.<anonymous> (__tests__/app/services/auth-2fa-service.test.ts:884:7)

    console.log
      ­ƒôº [Auth2FA] Solicitando c├│digo de recuperaci├│n para: test@test.com

      at log (app/services/auth-2fa-service.ts:305:11)

    console.log
      ­ƒôí [Auth2FA] Status de respuesta: 500

      at log (app/services/auth-2fa-service.ts:317:11)

    console.log
      ­ƒôä [Auth2FA] Respuesta error:

      at log (app/services/auth-2fa-service.ts:328:11)

    console.log
      ­ƒôº [Auth2FA] Solicitando c├│digo de recuperaci├│n para: test@test.com

      at log (app/services/auth-2fa-service.ts:305:11)

    console.log
      ­ƒôí [Auth2FA] Status de respuesta: 500

      at log (app/services/auth-2fa-service.ts:317:11)

    console.log
      ­ƒôä [Auth2FA] Respuesta error: Server error occurred

      at log (app/services/auth-2fa-service.ts:328:11)

    console.error
      ÔØî [Auth2FA] Error parseando respuesta: SyntaxError: Unexpected token 'S', "Server err"... is not valid JSON
          at JSON.parse (<anonymous>)
          at parse (C:\Users\Usuario\Documents\GitHub\INIA\inia-frontend-jc\app\services\auth-2fa-service.ts:335:43)
          at processTicksAndRejections (node:internal/process/task_queues:105:5)
          at Object.<anonymous> 
(C:\Users\Usuario\Documents\GitHub\INIA\inia-frontend-jc\__tests__\app\services\auth-2fa-service.test.ts:906:7)

    [0m [90m 337 |[39m     [36mthrow[39m [36mnew[39m [33mError[39m(errorData[33m.[39merror [33m||[39m [32m'Error al 
solicitar c├│digo de recuperaci├│n'[39m)[33m;[39m
     [90m 338 |[39m   } [36mcatch[39m (parseError) {
    [31m[1m>[22m[39m[90m 339 |[39m     console[33m.[39merror([32m'ÔØî [Auth2FA] Error parseando respuesta:'[39m[33m,[39m 
parseError)[33m;[39m
     [90m     |[39m             [31m[1m^[22m[39m
     [90m 340 |[39m     [36mthrow[39m [36mnew[39m [33mError[39m(responseText [33m||[39m [32m'Error al solicitar c├│digo 
de recuperaci├│n'[39m)[33m;[39m
     [90m 341 |[39m   }
     [90m 342 |[39m }[0m

      at error (app/services/auth-2fa-service.ts:339:13)
      at Object.<anonymous> (__tests__/app/services/auth-2fa-service.test.ts:906:7)

    console.log
      ­ƒöÉ [Auth2FA] Reseteando contrase├▒a para: test@test.com

      at log (app/services/auth-2fa-service.ts:367:11)

    console.log
      ­ƒöæ [Auth2FA] C├│digo de recuperaci├│n: WRON****

      at log (app/services/auth-2fa-service.ts:368:11)

    console.log
      ­ƒöÉ [Auth2FA] C├│digo TOTP proporcionado: true

      at log (app/services/auth-2fa-service.ts:369:11)

    console.log
      ­ƒôí [Auth2FA] Status de respuesta: 400

      at log (app/services/auth-2fa-service.ts:381:11)

    console.error
      ÔØî [Auth2FA] Error: c├│digo de recuperaci├│n inv├ílido

    [0m [90m 390 |[39m   [90m// Error[39m
     [90m 391 |[39m   [36mconst[39m errorData[33m:[39m [33mErrorResponse[39m [33m=[39m [36mawait[39m 
response[33m.[39mjson()[33m;[39m
    [31m[1m>[22m[39m[90m 392 |[39m   console[33m.[39merror([32m'ÔØî [Auth2FA] Error:'[39m[33m,[39m 
errorData[33m.[39merror)[33m;[39m
     [90m     |[39m           [31m[1m^[22m[39m
     [90m 393 |[39m   
     [90m 394 |[39m   [90m// Personalizar mensajes de error[39m
     [90m 395 |[39m   [36mlet[39m errorMessage [33m=[39m errorData[33m.[39merror [33m||[39m [32m'Error al resetear 
contrase├▒a'[39m[33m;[39m[0m

      at error (app/services/auth-2fa-service.ts:392:11)
      at Object.<anonymous> (__tests__/app/services/auth-2fa-service.test.ts:918:7)

    console.log
      ­ƒöÉ [Auth2FA] Reseteando contrase├▒a para: test@test.com

      at log (app/services/auth-2fa-service.ts:367:11)

    console.log
      ­ƒöæ [Auth2FA] C├│digo de recuperaci├│n: ABCD****

      at log (app/services/auth-2fa-service.ts:368:11)

    console.log
      ­ƒöÉ [Auth2FA] C├│digo TOTP proporcionado: true

      at log (app/services/auth-2fa-service.ts:369:11)

    console.log
      ­ƒôí [Auth2FA] Status de respuesta: 400

      at log (app/services/auth-2fa-service.ts:381:11)

    console.error
      ÔØî [Auth2FA] Error: El c├│digo ha expirado

    [0m [90m 390 |[39m   [90m// Error[39m
     [90m 391 |[39m   [36mconst[39m errorData[33m:[39m [33mErrorResponse[39m [33m=[39m [36mawait[39m 
response[33m.[39mjson()[33m;[39m
    [31m[1m>[22m[39m[90m 392 |[39m   console[33m.[39merror([32m'ÔØî [Auth2FA] Error:'[39m[33m,[39m 
errorData[33m.[39merror)[33m;[39m
     [90m     |[39m           [31m[1m^[22m[39m
     [90m 393 |[39m   
     [90m 394 |[39m   [90m// Personalizar mensajes de error[39m
     [90m 395 |[39m   [36mlet[39m errorMessage [33m=[39m errorData[33m.[39merror [33m||[39m [32m'Error al resetear 
contrase├▒a'[39m[33m;[39m[0m

      at error (app/services/auth-2fa-service.ts:392:11)
      at Object.<anonymous> (__tests__/app/services/auth-2fa-service.test.ts:933:7)

    console.log
      ­ƒöÉ [Auth2FA] Reseteando contrase├▒a para: test@test.com

      at log (app/services/auth-2fa-service.ts:367:11)

    console.log
      ­ƒöæ [Auth2FA] C├│digo de recuperaci├│n: ABCD****

      at log (app/services/auth-2fa-service.ts:368:11)

    console.log
      ­ƒöÉ [Auth2FA] C├│digo TOTP proporcionado: true

      at log (app/services/auth-2fa-service.ts:369:11)

    console.log
      ­ƒôí [Auth2FA] Status de respuesta: 400

      at log (app/services/auth-2fa-service.ts:381:11)

    console.error
      ÔØî [Auth2FA] Error: c├│digo de autenticaci├│n inv├ílido

    [0m [90m 390 |[39m   [90m// Error[39m
     [90m 391 |[39m   [36mconst[39m errorData[33m:[39m [33mErrorResponse[39m [33m=[39m [36mawait[39m 
response[33m.[39mjson()[33m;[39m
    [31m[1m>[22m[39m[90m 392 |[39m   console[33m.[39merror([32m'ÔØî [Auth2FA] Error:'[39m[33m,[39m 
errorData[33m.[39merror)[33m;[39m
     [90m     |[39m           [31m[1m^[22m[39m
     [90m 393 |[39m   
     [90m 394 |[39m   [90m// Personalizar mensajes de error[39m
     [90m 395 |[39m   [36mlet[39m errorMessage [33m=[39m errorData[33m.[39merror [33m||[39m [32m'Error al resetear 
contrase├▒a'[39m[33m;[39m[0m

      at error (app/services/auth-2fa-service.ts:392:11)
      at Object.<anonymous> (__tests__/app/services/auth-2fa-service.test.ts:948:7)

    console.log
      ­ƒöÉ [Auth2FA] Reseteando contrase├▒a para: test@test.com

      at log (app/services/auth-2fa-service.ts:367:11)

    console.log
      ­ƒöæ [Auth2FA] C├│digo de recuperaci├│n: ABCD****

      at log (app/services/auth-2fa-service.ts:368:11)

    console.log
      ­ƒöÉ [Auth2FA] C├│digo TOTP proporcionado: true

      at log (app/services/auth-2fa-service.ts:369:11)

    console.log
      ­ƒôí [Auth2FA] Status de respuesta: 400

      at log (app/services/auth-2fa-service.ts:381:11)

    console.error
      ÔØî [Auth2FA] Error: La contrase├▒a es muy d├®bil

    [0m [90m 390 |[39m   [90m// Error[39m
     [90m 391 |[39m   [36mconst[39m errorData[33m:[39m [33mErrorResponse[39m [33m=[39m [36mawait[39m 
response[33m.[39mjson()[33m;[39m
    [31m[1m>[22m[39m[90m 392 |[39m   console[33m.[39merror([32m'ÔØî [Auth2FA] Error:'[39m[33m,[39m 
errorData[33m.[39merror)[33m;[39m
     [90m     |[39m           [31m[1m^[22m[39m
     [90m 393 |[39m   
     [90m 394 |[39m   [90m// Personalizar mensajes de error[39m
     [90m 395 |[39m   [36mlet[39m errorMessage [33m=[39m errorData[33m.[39merror [33m||[39m [32m'Error al resetear 
contrase├▒a'[39m[33m;[39m[0m

      at error (app/services/auth-2fa-service.ts:392:11)
      at Object.<anonymous> (__tests__/app/services/auth-2fa-service.test.ts:963:7)

    console.log
      ­ƒöÉ [Auth2FA] Reseteando contrase├▒a para: test@test.com

      at log (app/services/auth-2fa-service.ts:367:11)

    console.log
      ­ƒöæ [Auth2FA] C├│digo de recuperaci├│n: ABCD****

      at log (app/services/auth-2fa-service.ts:368:11)

    console.log
      ­ƒöÉ [Auth2FA] C├│digo TOTP proporcionado: true

      at log (app/services/auth-2fa-service.ts:369:11)

    console.log
      ­ƒôí [Auth2FA] Status de respuesta: 500

      at log (app/services/auth-2fa-service.ts:381:11)

    console.error
      ÔØî [Auth2FA] Error: Error desconocido del servidor

    [0m [90m 390 |[39m   [90m// Error[39m
     [90m 391 |[39m   [36mconst[39m errorData[33m:[39m [33mErrorResponse[39m [33m=[39m [36mawait[39m 
response[33m.[39mjson()[33m;[39m
    [31m[1m>[22m[39m[90m 392 |[39m   console[33m.[39merror([32m'ÔØî [Auth2FA] Error:'[39m[33m,[39m 
errorData[33m.[39merror)[33m;[39m
     [90m     |[39m           [31m[1m^[22m[39m
     [90m 393 |[39m   
     [90m 394 |[39m   [90m// Personalizar mensajes de error[39m
     [90m 395 |[39m   [36mlet[39m errorMessage [33m=[39m errorData[33m.[39merror [33m||[39m [32m'Error al resetear 
contrase├▒a'[39m[33m;[39m[0m

      at error (app/services/auth-2fa-service.ts:392:11)
      at Object.<anonymous> (__tests__/app/services/auth-2fa-service.test.ts:978:7)

    console.log
      ­ƒöÉ [Auth2FA] Setup inicial de 2FA para: test@test.com

      at log (app/services/auth-2fa-service.ts:432:11)

    console.log
      ­ƒôí [Auth2FA] Status de respuesta: 500

      at log (app/services/auth-2fa-service.ts:444:11)

    console.log
      ­ƒôä [Auth2FA] Respuesta error:

      at log (app/services/auth-2fa-service.ts:454:11)

    console.log
      ­ƒöó [Auth2FA] Obteniendo conteo de c├│digos de respaldo...

      at log (app/services/auth-2fa-service.ts:601:11)

    console.log
      ­ƒôí [Auth2FA] Status de respuesta: 500

      at log (app/services/auth-2fa-service.ts:611:11)

    console.log
      ­ƒôä [Auth2FA] Respuesta error:

      at log (app/services/auth-2fa-service.ts:624:11)

    console.log
      ­ƒöó [Auth2FA] Obteniendo conteo de c├│digos de respaldo...

      at log (app/services/auth-2fa-service.ts:601:11)

    console.log
      ­ƒôí [Auth2FA] Status de respuesta: 401

      at log (app/services/auth-2fa-service.ts:611:11)

    console.log
      ­ƒôä [Auth2FA] Respuesta error: No autorizado

      at log (app/services/auth-2fa-service.ts:624:11)

    console.error
      ÔØî [Auth2FA] Error parseando respuesta: SyntaxError: Unexpected token 'N', "No autorizado" is not valid JSON
          at JSON.parse (<anonymous>)
          at parse (C:\Users\Usuario\Documents\GitHub\INIA\inia-frontend-jc\app\services\auth-2fa-service.ts:631:43)
          at processTicksAndRejections (node:internal/process/task_queues:105:5)
          at Object.<anonymous> 
(C:\Users\Usuario\Documents\GitHub\INIA\inia-frontend-jc\__tests__\app\services\auth-2fa-service.test.ts:1019:7)

    [0m [90m 633 |[39m     [36mthrow[39m [36mnew[39m [33mError[39m(errorData[33m.[39merror [33m||[39m [32m'Error al 
obtener conteo de c├│digos'[39m)[33m;[39m
     [90m 634 |[39m   } [36mcatch[39m (parseError) {
    [31m[1m>[22m[39m[90m 635 |[39m     console[33m.[39merror([32m'ÔØî [Auth2FA] Error parseando respuesta:'[39m[33m,[39m 
parseError)[33m;[39m
     [90m     |[39m             [31m[1m^[22m[39m
     [90m 636 |[39m     [36mthrow[39m [36mnew[39m [33mError[39m(responseText [33m||[39m [32m'Error al obtener conteo de 
c├│digos'[39m)[33m;[39m
     [90m 637 |[39m   }
     [90m 638 |[39m }[0m

      at error (app/services/auth-2fa-service.ts:635:13)
      at Object.<anonymous> (__tests__/app/services/auth-2fa-service.test.ts:1019:7)

    console.log
      ­ƒöÉ [Auth2FA] Completando configuraci├│n inicial del admin...

      at log (app/services/auth-2fa-service.ts:790:11)

    console.log
      ­ƒôí [Auth2FA] Status de respuesta: 400

      at log (app/services/auth-2fa-service.ts:802:11)

    console.error
      ÔØî [Auth2FA] Error: undefined

    [0m [90m 812 |[39m   [90m// Error[39m
     [90m 813 |[39m   [36mconst[39m errorData[33m:[39m [33mErrorResponse[39m [33m=[39m [36mawait[39m 
response[33m.[39mjson()[33m;[39m
    [31m[1m>[22m[39m[90m 814 |[39m   console[33m.[39merror([32m'ÔØî [Auth2FA] Error:'[39m[33m,[39m 
errorData[33m.[39merror)[33m;[39m
     [90m     |[39m           [31m[1m^[22m[39m
     [90m 815 |[39m   [36mthrow[39m [36mnew[39m [33mError[39m(errorData[33m.[39merror [33m||[39m [32m'Error al 
completar configuraci├│n'[39m)[33m;[39m
     [90m 816 |[39m }
     [90m 817 |[39m[0m

      at error (app/services/auth-2fa-service.ts:814:11)
      at Object.<anonymous> (__tests__/app/services/auth-2fa-service.test.ts:1118:7)

FAIL __tests__/app/listado/analisis/germinacion/[id]/editar/page.test.tsx (18.907 s)
  ÔùÅ GerminacionEditPage ÔÇ║ Carga inicial y estados de loading ÔÇ║ propaga errores no 404 en tablas

    Unable to find an element with the text: /No se pudo cargar la informaci├│n del an├ílisis/i. This could be because the text is 
broken up by multiple elements. In this case, you can provide a function for your text matcher to make your matcher more flexible.

    Ignored nodes: comments, script, style
    [36m<body>[39m
      [36m<div>[39m
        [36m<div[39m
          [33mclass[39m=[32m"p-6 space-y-6"[39m
        [36m>[39m
          [36m<div[39m
            [33mdata-testid[39m=[32m"header"[39m
          [36m>[39m
            [36m<span>[39m
              [0mAn├ílisis de [0m
              [0mGerminaci├│n[0m
            [36m</span>[39m
            [36m<span>[39m
              [0mID: [0m
              [0m123[0m
            [36m</span>[39m
            [36m<span>[39m
              [0mEstado: [0m
              [0mEN_PROCESO[0m
            [36m</span>[39m
          [36m</div>[39m
          [36m<div[39m
            [33mclass[39m=[32m"text-card-foreground flex flex-col gap-6 rounded-xl border py-6 shadow-sm border-red-200 
bg-red-50"[39m
            [33mdata-slot[39m=[32m"card"[39m
          [36m>[39m
            [36m<div[39m
              [33mclass[39m=[32m"p-4"[39m
              [33mdata-slot[39m=[32m"card-content"[39m
            [36m>[39m
              [36m<p[39m
                [33mclass[39m=[32m"text-red-600"[39m
              [36m>[39m
                [0mError servidor[0m
              [36m</p>[39m
            [36m</div>[39m
          [36m</div>[39m
          [36m<div[39m
            [33mclass[39m=[32m"bg-card text-card-foreground flex flex-col gap-6 rounded-xl border py-6 shadow-sm"[39m
            [33mdata-slot[39m=[32m"card"[39m
          [36m>[39m
            [36m<div[39m
              [33mclass[39m=[32m"@container/card-header grid auto-rows-min grid-rows-[auto_auto] items-start gap-1.5 px-6 
has-data-[slot=card-action]:grid-cols-[1fr_auto] [.border-b]:pb-6"[39m
              [33mdata-slot[39m=[32m"card-header"[39m
            [36m>[39m
              [36m<div[39m
                [33mclass[39m=[32m"flex items-center justify-between"[39m
              [36m>[39m
                [36m<div[39m
                  [33mclass[39m=[32m"flex items-center gap-2"[39m
                [36m>[39m
                  [36m<svg[39m
                    [33mclass[39m=[32m"lucide lucide-beaker h-5 w-5"[39m
                    [33mfill[39m=[32m"none"[39m
                    [33mheight[39m=[32m"24"[39m
                    [33mstroke[39m=[32m"currentColor"[39m
                    [33mstroke-linecap[39m=[32m"round"[39m
                    [33mstroke-linejoin[39m=[32m"round"[39m
                    [33mstroke-width[39m=[32m"2"[39m
                    [33mviewBox[39m=[32m"0 0 24 24"[39m
                    [33mwidth[39m=[32m"24"[39m
                    [33mxmlns[39m=[32m"http://www.w3.org/2000/svg"[39m
                  [36m>[39m
                    [36m<path[39m
                      [33md[39m=[32m"M4.5 3h15"[39m
                    [36m/>[39m
                    [36m<path[39m
                      [33md[39m=[32m"M6 3v16a2 2 0 0 0 2 2h8a2 2 0 0 0 2-2V3"[39m
                    [36m/>[39m
                    [36m<path[39m
                      [33md[39m=[32m"M6 14h12"[39m
                    [36m/>[39m
                  [36m</svg>[39m
                  [36m<div[39m
                    [33mclass[39m=[32m"leading-none font-semibold"[39m
                    [33mdata-slot[39m=[32m"card-title"[39m
                  [36m>[39m
                    [0mInformaci├│n del An├ílisis[0m
                  [36m</div>[39m
                [36m</div>[39m
                [36m<div[39m
                  [33mclass[39m=[32m"flex items-center gap-2"[39m
                [36m>[39m
                  [36m<button[39m
                    [33mdata-testid[39m=[32m"tolerancias-btn"[39m
                  [36m>[39m
                    [0mVer Tolerancias[0m
                  [36m</button>[39m
                  [36m<button[39m
                    [33mclass[39m=[32m"inline-flex items-center justify-center whitespace-nowrap text-sm font-medium 
transition-all disabled:pointer-events-none disabled:opacity-50 [&_svg]:pointer-events-none [&_svg:not([class*='size-'])]:size-4 
shrink-0 [&_svg]:shrink-0 outline-none focus-visible:border-ring focus-visible:ring-ring/50 focus-visible:ring-[3px] 
aria-invalid:ring-destructive/20 dark:aria-invalid:ring-destructive/40 aria-invalid:border-destructive border bg-background 
shadow-xs hover:bg-accent hover:text-accent-foreground dark:bg-input/30 dark:border-input dark:hover:bg-input/50 h-8 rounded-md 
gap-1.5 px-3 has-[>svg]:px-2.5 min-w-fit"[39m
                    [33mdata-slot[39m=[32m"button"[39m
                  [36m>[39m
                    [36m<svg[39m
                      [33mclass[39m=[32m"lucide lucide-square-pen h-4 w-4 mr-1"[39m
                      [33mfill[39m=[32m"none"[39m
                      [33mheight[39m=[32m"24"[39m
                      [33mstroke[39m=[32m"currentColor"[39m
                      [33mstroke-linecap[39m=[32m"round"[39m
                      [33mstroke-linejoin[39m=[32m"round"[39m
                      [33mstroke-width[39m=[32m"2"[39m
                      [33mviewBox[39m=[32m"0 0 24 24"[39m
                      [33mwidth[39m=[32m"24"[39m
                      [33mxmlns[39m=[32m"http://www.w3.org/2000/svg"[39m
                    [36m>[39m
                      [36m<path[39m
                        [33md[39m=[32m"M12 3H5a2 2 0 0 0-2 2v14a2 2 0 0 0 2 2h14a2 2 0 0 0 2-2v-7"[39m
                      [36m/>[39m
                      [36m<path[39m
                        [33md[39m=[32m"M18.375 2.625a1 1 0 0 1 3 3l-9.013 9.014a2 2 0 0 1-.853.505l-2.873.84a.5.5 0 0 
1-.62-.62l.84-2.873a2 2 0 0 1 .506-.852z"[39m
                      [36m/>[39m
                    [36m</svg>[39m
                    [0mEditar[0m
                  [36m</button>[39m
                [36m</div>[39m
              [36m</div>[39m
            [36m</div>[39m
            [36m<div[39m
              [33mclass[39m=[32m"px-6"[39m
              [33mdata-slot[39m=[32m"card-content"[39m
            [36m>[39m
              [36m<div[39m
                [33mclass[39m=[32m"grid grid-cols-1 md:grid-cols-3 gap-4"[39m
              [36m>[39m
                [36m<div>[39m
                  [36m<p[39m
                    [33mclass[39m=[32m"text-sm font-medium text-muted-foreground"[39m
                  [36m>[39m
                    [0mID An├ílisis[0m
                  [36m</p>[39m
                  [36m<p[39m
                    [33mclass[39m=[32m"font-semibold"[39m
                  [36m>[39m
                    [0m123[0m
                  [36m</p>[39m
                [36m</div>[39m
                [36m<div>[39m
                  [36m<p[39m
                    [33mclass[39m=[32m"text-sm font-medium text-muted-foreground"[39m
                  [36m>[39m
                    [0mLote[0m
                  [36m</p>[39m
                  [36m<p[39m
                    [33mclass[39m=[32m"font-semibold"[39m
                  [36m>[39m
                    [0mTrigo Baguette 10[0m
                  [36m</p>[39m
                [36m</div>[39m
                [36m<div>[39m
                  [36m<p[39m
                    [33mclass[39m=[32m"text-sm font-medium text-muted-foreground"[39m
                  [36m>[39m
                    [0mEstado[0m
                  [36m</p>[39m
                  [36m<p[39m
                    [33mclass[39m=[32m"font-semibold"[39m
                  [36m>[39m
                    [0mEN_PROCESO[0m
                  [36m</p>[39m
                [36m</div>[39m
                [36m<div>[39m
                  [36m<p[39m
                    [33mclass[39m=[32m"text-sm font-medium text-muted-foreground"[39m
                  [36m>[39m
                    [0mFecha de Creaci├│n[0m
                  [36m</p>[39m
                  [36m<p[39m
                    [33mclass[39m=[32m"font-semibold flex items-center gap-1"[39m
                  [36m>[39m
                    [36m<svg[39m
                      [33mclass[39m=[32m"lucide lucide-calendar-days h-4 w-4"[39m
                      [33mfill[39m=[32m"none"[39m
                      [33mheight[39m=[32m"24"[39m
                      [33mstroke[39m=[32m"currentColor"[39m
                      [33mstroke-linecap[39m=[32m"round"[39m
                      [33mstroke-linejoin[39m=[32m"round"[39m
                      [33mstroke-width[39m=[32m"2"[39m
                      [33mviewBox[39m=[32m"0 0 24 24"[39m
                      [33mwidth[39m=[32m"24"[39m
                      [33mxmlns[39m=[32m"http://www.w3.org/2000/svg"[39m
                    [36m>[39m
                      [36m<path[39m
                        [33md[39m=[32m"M8 2v4"[39m
                      [36m/>[39m
                      [36m<path[39m
                        [33md[39m=[32m"M16 2v4"[39m
                      [36m/>[39m
                      [36m<rect[39m
                        [33mheight[39m=[32m"18"[39m
                        [33mrx[39m=[32m"2"[39m
                        [33mwidth[39m=[32m"18"[39m
                        [33mx[39m=[32m"3"[39m
                        [33my[39m=[32m"4"[39m
                      [36m/>[39m
                      [36m<path[39m
                        [33md[39m=[32m"M3 10h18"[39m
                      [36m/>[39m
                      [36m<path[39m
                        [33md[39m=[32m"M8 14h.01"[39m
                      [36m/>[39m
                      [36m<path[39m
                        [33md[39m=[32m"M12 14h.01"[39m
                      [36m/>[39m
                      [36m<path[39m
                        [33md[39m=[32m"M16 14h.01"[39m
                      [36m/>[39m
                      [36m<path[39m
                        [33md[39m=[32m"M8 18h.01"[39m
                      [36m/>[39m
                      [36m<path[39m
                        [33md[39m=[32m"M12 18h.01"[39m
                      [36m/>[39m
                      [36m<path[39m
                        [33md[39m=[32m"M16 18h.01"[39m
                      [36m/>[39m
                    [36m</svg>[39m
                    [0m01/03/2024, 10:00 a.┬ám.[0m
                  [36m</p>[39m
                [36m</div>[39m
                [36m<div[39m
                  [33mclass[39m=[32m"md:col-span-3"[39m
                [36m>[39m
                  [36m<p[39m
                    [33mclass[39m=[32m"text-sm font-medium text-muted-foreground"[39m
                  [36m>[39m
                    [0mComentarios[0m
                  [36m</p>[39m
                  [36m<p[39m
                    [33mclass[39m=[32m"font-semibold"[39m
                  [36m>[39m
                    [0mComentario inicial[0m
                  [36m</p>[39m
                [36m</div>[39m
              [36m</div>[39m
            [36m</div>[39m
          [36m</div>[39m
          [36m<div[39m
            [33mdata-testid[39m=[32m"tablas-section"[39m
          [36m>[39m
            [36m<span>[39m
              [0mTablas: [0m
              [0m0[0m
            [36m</span>[39m
            [36m<button>[39m
              [0mRecargar Tablas[0m
            [36m</button>[39m
            [36m<button>[39m
              [0mFinalizar An├ílisis[0m
            [36m</button>[39m
          [36m</div>[39m
          [36m<div[39m
            [33mdata-testid[39m=[32m"acciones-card"[39m
          [36m>[39m
            [36m<button>[39m
              [0mFinalizar[0m
            [36m</button>[39m
            [36m<button>[39m
              [0mAprobar[0m
            [36m</button>[39m
            [36m<button>[39m
              [0mMarcar para Repetir[0m
            [36m</button>[39m
            [36m<button>[39m
              [0mFinalizar y Aprobar[0m
            [36m</button>[39m
            [36m<span>[39m
              [0mEstado: [0m
              [0mEN_PROCESO[0m
            [36m</span>[39m
          [36m</div>[39m
        [36m</div>[39m
      [36m</div>[39m
    [36m</body>[39m

    [0m [90m 185 |[39m       render([33m<[39m[33mGerminacionEditPage[39m [33m/[39m[33m>[39m)
     [90m 186 |[39m       
    [31m[1m>[22m[39m[90m 187 |[39m       [36mawait[39m waitFor(() [33m=>[39m {
     [90m     |[39m                    [31m[1m^[22m[39m
     [90m 188 |[39m         expect(screen[33m.[39mgetByText([35m/No se pudo cargar la informaci├│n del 
an├ílisis/i[39m))[33m.[39mtoBeInTheDocument()
     [90m 189 |[39m       })
     [90m 190 |[39m     })[0m

      at waitForWrapper (node_modules/.pnpm/@testing-library+dom@9.3.4/node_modules/@testing-library/dom/dist/wait-for.js:163:27)
      at Object.<anonymous> (__tests__/app/listado/analisis/germinacion/[id]/editar/page.test.tsx:187:20)

  ÔùÅ GerminacionEditPage ÔÇ║ Renderizado de componentes y datos ÔÇ║ muestra informaci├│n b├ísica del an├ílisis

    Found multiple elements with the text: /123/

    Here are the matching elements:

    Ignored nodes: comments, script, style
    [36m<span>[39m
      [0mID: [0m
      [0m123[0m
    [36m</span>[39m

    Ignored nodes: comments, script, style
    [36m<p[39m
      [33mclass[39m=[32m"font-semibold"[39m
    [36m>[39m
      [0m123[0m
    [36m</p>[39m

    (If this is intentional, then use the `*AllBy*` variant of the query (like `queryAllByText`, `getAllByText`, or 
`findAllByText`)).

    Ignored nodes: comments, script, style
    [36m<body>[39m
      [36m<div>[39m
        [36m<div[39m
          [33mclass[39m=[32m"p-6 space-y-6"[39m
        [36m>[39m
          [36m<div[39m
            [33mdata-testid[39m=[32m"header"[39m
          [36m>[39m
            [36m<span>[39m
              [0mAn├ílisis de [0m
              [0mGerminaci├│n[0m
            [36m</span>[39m
            [36m<span>[39m
              [0mID: [0m
              [0m123[0m
            [36m</span>[39m
            [36m<span>[39m
              [0mEstado: [0m
              [0mEN_PROCESO[0m
            [36m</span>[39m
          [36m</div>[39m
          [36m<div[39m
            [33mclass[39m=[32m"bg-card text-card-foreground flex flex-col gap-6 rounded-xl border py-6 shadow-sm"[39m
            [33mdata-slot[39m=[32m"card"[39m
          [36m>[39m
            [36m<div[39m
              [33mclass[39m=[32m"@container/card-header grid auto-rows-min grid-rows-[auto_auto] items-start gap-1.5 px-6 
has-data-[slot=card-action]:grid-cols-[1fr_auto] [.border-b]:pb-6"[39m
              [33mdata-slot[39m=[32m"card-header"[39m
            [36m>[39m
              [36m<div[39m
                [33mclass[39m=[32m"flex items-center justify-between"[39m
              [36m>[39m
                [36m<div[39m
                  [33mclass[39m=[32m"flex items-center gap-2"[39m
                [36m>[39m
                  [36m<svg[39m
                    [33mclass[39m=[32m"lucide lucide-beaker h-5 w-5"[39m
                    [33mfill[39m=[32m"none"[39m
                    [33mheight[39m=[32m"24"[39m
                    [33mstroke[39m=[32m"currentColor"[39m
                    [33mstroke-linecap[39m=[32m"round"[39m
                    [33mstroke-linejoin[39m=[32m"round"[39m
                    [33mstroke-width[39m=[32m"2"[39m
                    [33mviewBox[39m=[32m"0 0 24 24"[39m
                    [33mwidth[39m=[32m"24"[39m
                    [33mxmlns[39m=[32m"http://www.w3.org/2000/svg"[39m
                  [36m>[39m
                    [36m<path[39m
                      [33md[39m=[32m"M4.5 3h15"[39m
                    [36m/>[39m
                    [36m<path[39m
                      [33md[39m=[32m"M6 3v16a2 2 0 0 0 2 2h8a2 2 0 0 0 2-2V3"[39m
                    [36m/>[39m
                    [36m<path[39m
                      [33md[39m=[32m"M6 14h12"[39m
                    [36m/>[39m
                  [36m</svg>[39m
                  [36m<div[39m
                    [33mclass[39m=[32m"leading-none font-semibold"[39m
                    [33mdata-slot[39m=[32m"card-title"[39m
                  [36m>[39m
                    [0mInformaci├│n del An├ílisis[0m
                  [36m</div>[39m
                [36m</div>[39m
                [36m<div[39m
                  [33mclass[39m=[32m"flex items-center gap-2"[39m
                [36m>[39m
                  [36m<button[39m
                    [33mdata-testid[39m=[32m"tolerancias-btn"[39m
                  [36m>[39m
                    [0mVer Tolerancias[0m
                  [36m</button>[39m
                  [36m<button[39m
                    [33mclass[39m=[32m"inline-flex items-center justify-center whitespace-nowrap text-sm font-medium 
transition-all disabled:pointer-events-none disabled:opacity-50 [&_svg]:pointer-events-none [&_svg:not([class*='size-'])]:size-4 
shrink-0 [&_svg]:shrink-0 outline-none focus-visible:border-ring focus-visible:ring-ring/50 focus-visible:ring-[3px] 
aria-invalid:ring-destructive/20 dark:aria-invalid:ring-destructive/40 aria-invalid:border-destructive border bg-background 
shadow-xs hover:bg-accent hover:text-accent-foreground dark:bg-input/30 dark:border-input dark:hover:bg-input/50 h-8 rounded-md 
gap-1.5 px-3 has-[>svg]:px-2.5 min-w-fit"[39m
                    [33mdata-slot[39m=[32m"button"[39m
                  [36m>[39m
                    [36m<svg[39m
                      [33mclass[39m=[32m"lucide lucide-square-pen h-4 w-4 mr-1"[39m
                      [33mfill[39m=[32m"none"[39m
                      [33mheight[39m=[32m"24"[39m
                      [33mstroke[39m=[32m"currentColor"[39m
                      [33mstroke-linecap[39m=[32m"round"[39m
                      [33mstroke-linejoin[39m=[32m"round"[39m
                      [33mstroke-width[39m=[32m"2"[39m
                      [33mviewBox[39m=[32m"0 0 24 24"[39m
                      [33mwidth[39m=[32m"24"[39m
                      [33mxmlns[39m=[32m"http://www.w3.org/2000/svg"[39m
                    [36m>[39m
                      [36m<path[39m
                        [33md[39m=[32m"M12 3H5a2 2 0 0 0-2 2v14a2 2 0 0 0 2 2h14a2 2 0 0 0 2-2v-7"[39m
                      [36m/>[39m
                      [36m<path[39m
                        [33md[39m=[32m"M18.375 2.625a1 1 0 0 1 3 3l-9.013 9.014a2 2 0 0 1-.853.505l-2.873.84a.5.5 0 0 
1-.62-.62l.84-2.873a2 2 0 0 1 .506-.852z"[39m
                      [36m/>[39m
                    [36m</svg>[39m
                    [0mEditar[0m
                  [36m</button>[39m
                [36m</div>[39m
              [36m</div>[39m
            [36m</div>[39m
            [36m<div[39m
              [33mclass[39m=[32m"px-6"[39m
              [33mdata-slot[39m=[32m"card-content"[39m
            [36m>[39m
              [36m<div[39m
                [33mclass[39m=[32m"grid grid-cols-1 md:grid-cols-3 gap-4"[39m
              [36m>[39m
                [36m<div>[39m
                  [36m<p[39m
                    [33mclass[39m=[32m"text-sm font-medium text-muted-foreground"[39m
                  [36m>[39m
                    [0mID An├ílisis[0m
                  [36m</p>[39m
                  [36m<p[39m
                    [33mclass[39m=[32m"font-semibold"[39m
                  [36m>[39m
                    [0m123[0m
                  [36m</p>[39m
                [36m</div>[39m
                [36m<div>[39m
                  [36m<p[39m
                    [33mclass[39m=[32m"text-sm font-medium text-muted-foreground"[39m
                  [36m>[39m
                    [0mLote[0m
                  [36m</p>[39m
                  [36m<p[39m
                    [33mclass[39m=[32m"font-semibold"[39m
                  [36m>[39m
                    [0mTrigo Baguette 10[0m
                  [36m</p>[39m
                [36m</div>[39m
                [36m<div>[39m
                  [36m<p[39m
                    [33mclass[39m=[32m"text-sm font-medium text-muted-foreground"[39m
                  [36m>[39m
                    [0mEstado[0m
                  [36m</p>[39m
                  [36m<p[39m
                    [33mclass[39m=[32m"font-semibold"[39m
                  [36m>[39m
                    [0mEN_PROCESO[0m
                  [36m</p>[39m
                [36m</div>[39m
                [36m<div>[39m
                  [36m<p[39m
                    [33mclass[39m=[32m"text-sm font-medium text-muted-foreground"[39m
                  [36m>[39m
                    [0mFecha de Creaci├│n[0m
                  [36m</p>[39m
                  [36m<p[39m
                    [33mclass[39m=[32m"font-semibold flex items-center gap-1"[39m
                  [36m>[39m
                    [36m<svg[39m
                      [33mclass[39m=[32m"lucide lucide-calendar-days h-4 w-4"[39m
                      [33mfill[39m=[32m"none"[39m
                      [33mheight[39m=[32m"24"[39m
                      [33mstroke[39m=[32m"currentColor"[39m
                      [33mstroke-linecap[39m=[32m"round"[39m
                      [33mstroke-linejoin[39m=[32m"round"[39m
                      [33mstroke-width[39m=[32m"2"[39m
                      [33mviewBox[39m=[32m"0 0 24 24"[39m
                      [33mwidth[39m=[32m"24"[39m
                      [33mxmlns[39m=[32m"http://www.w3.org/2000/svg"[39m
                    [36m>[39m
                      [36m<path[39m
                        [33md[39m=[32m"M8 2v4"[39m
                      [36m/>[39m
                      [36m<path[39m
                        [33md[39m=[32m"M16 2v4"[39m
                      [36m/>[39m
                      [36m<rect[39m
                        [33mheight[39m=[32m"18"[39m
                        [33mrx[39m=[32m"2"[39m
                        [33mwidth[39m=[32m"18"[39m
                        [33mx[39m=[32m"3"[39m
                        [33my[39m=[32m"4"[39m
                      [36m/>[39m
                      [36m<path[39m
                        [33md[39m=[32m"M3 10h18"[39m
                      [36m/>[39m
                      [36m<path[39m
                        [33md[39m=[32m"M8 14h.01"[39m
                      [36m/>[39m
                      [36m<path[39m
                        [33md[39m=[32m"M12 14h.01"[39m
                      [36m/>[39m
                      [36m<path[39m
                        [33md[39m=[32m"M16 14h.01"[39m
                      [36m/>[39m
                      [36m<path[39m
                        [33md[39m=[32m"M8 18h.01"[39m
                      [36m/>[39m
                      [36m<path[39m
                        [33md[39m=[32m"M12 18h.01"[39m
                      [36m/>[39m
                      [36m<path[39m
                        [33md[39m=[32m"M16 18h.01"[39m
                      [36m/>[39m
                    [36m</svg>[39m
                    [0m01/03/2024, 10:00 a.┬ám.[0m
                  [36m</p>[39m
                [36m</div>[39m
                [36m<div[39m
                  [33mclass[39m=[32m"md:col-span-3"[39m
                [36m>[39m
                  [36m<p[39m
                    [33mclass[39m=[32m"text-sm font-medium text-muted-foreground"[39m
                  [36m>[39m
                    [0mComentarios[0m
                  [36m</p>[39m
                  [36m<p[39m
                    [33mclass[39m=[32m"font-semibold"[39m
                  [36m>[39m
                    [0mComentario inicial[0m
                  [36m</p>[39m
                [36m</div>[39m
                [36m<div[39m
                  [33mclass[39m=[32m"md:col-span-3"[39m
                [36m>[39m
                  [36m<p[39m
                    [33mclass[39m=[32m"text-sm font-medium text-muted-foreground mb-2"[39m
                  [36m>[39m
                    [0mTablas de Germinaci├│n[0m
                  [36m</p>[39m
                  [36m<p[39m
                    [33mclass[39m=[32m"text-sm text-muted-foreground"[39m
                  [36m>[39m
                    [0mEste an├ílisis tiene [0m
                    [0m1[0m
                    [0m tabla[0m
                    [0m de germinaci├│n. Los detalles de cada tabla se muestran en la secci├│n inferior.[0m
                  [36m</p>[39m
                [36m</div>[39m
              [36m</div>[39m
            [36m</div>[39m
          [36m</div>[39m
          [36m<div[39m
            [33mdata-testid[39m=[32m"tablas-section"[39m
          [36m>[39m
            [36m<span>[39m
              [0mTablas: [0m
              [0m1[0m
            [36m</span>[39m
            [36m<button>[39m
              [0mRecargar Tablas[0m
            [36m</button>[39m
            [36m<button>[39m
              [0mFinalizar An├ílisis[0m
            [36m</button>[39m
          [36m</div>[39m
          [36m<div[39m
            [33mdata-testid[39m=[32m"acciones-card"[39m
          [36m>[39m
            [36m<button>[39m
              [0mFinalizar[0m
            [36m</button>[39m
            [36m<button>[39m
              [0mAprobar[0m
            [36m</button>[39m
            [36m<button>[39m
              [0mMarcar para Repetir[0m
            [36m</button>[39m
            [36m<button>[39m
              [0mFinalizar y Aprobar[0m
            [36m</button>[39m
            [36m<span>[39m
              [0mEstado: [0m
              [0mEN_PROCESO[0m
            [36m</span>[39m
          [36m</div>[39m
        [36m</div>[39m
      [36m</div>[39m
    [36m</body>[39m

    [0m [90m 216 |[39m       render([33m<[39m[33mGerminacionEditPage[39m [33m/[39m[33m>[39m)
     [90m 217 |[39m       
    [31m[1m>[22m[39m[90m 218 |[39m       [36mawait[39m waitFor(() [33m=>[39m {
     [90m     |[39m                    [31m[1m^[22m[39m
     [90m 219 |[39m         expect(screen[33m.[39mgetByText([35m/123/[39m))[33m.[39mtoBeInTheDocument()
     [90m 220 |[39m         expect(screen[33m.[39mgetByText([35m/Trigo Baguette 10/i[39m))[33m.[39mtoBeInTheDocument()
     [90m 221 |[39m         expect(screen[33m.[39mgetByText([35m/EN_PROCESO/i[39m))[33m.[39mtoBeInTheDocument()[0m

      at waitForWrapper (node_modules/.pnpm/@testing-library+dom@9.3.4/node_modules/@testing-library/dom/dist/wait-for.js:163:27)
      at Object.<anonymous> (__tests__/app/listado/analisis/germinacion/[id]/editar/page.test.tsx:218:20)

  ÔùÅ GerminacionEditPage ÔÇ║ Modo edici├│n de informaci├│n b├ísica ÔÇ║ detecta cambios en el formulario

    Found multiple elements with the text: /Guardar Cambios/i

    Here are the matching elements:

    Ignored nodes: comments, script, style
    [36m<button[39m
      [33mclass[39m=[32m"inline-flex items-center justify-center gap-2 whitespace-nowrap rounded-md text-sm font-medium 
transition-all disabled:pointer-events-none disabled:opacity-50 [&_svg]:pointer-events-none [&_svg:not([class*='size-'])]:size-4 
shrink-0 [&_svg]:shrink-0 outline-none focus-visible:border-ring focus-visible:ring-ring/50 focus-visible:ring-[3px] 
aria-invalid:ring-destructive/20 dark:aria-invalid:ring-destructive/40 aria-invalid:border-destructive text-primary-foreground 
shadow-xs h-9 px-4 py-2 has-[>svg]:px-3 bg-green-600 hover:bg-green-700 min-w-32"[39m
      [33mdata-slot[39m=[32m"button"[39m
    [36m>[39m
      [0mGuardar Cambios[0m
    [36m</button>[39m

    Ignored nodes: comments, script, style
    [36m<button>[39m
      [0mGuardar Cambios[0m
    [36m</button>[39m

    (If this is intentional, then use the `*AllBy*` variant of the query (like `queryAllByText`, `getAllByText`, or 
`findAllByText`)).

    Ignored nodes: comments, script, style
    [36m<body>[39m
      [36m<div>[39m
        [36m<div[39m
          [33mclass[39m=[32m"p-6 space-y-6"[39m
        [36m>[39m
          [36m<div[39m
            [33mdata-testid[39m=[32m"header"[39m
          [36m>[39m
            [36m<span>[39m
              [0mAn├ílisis de [0m
              [0mGerminaci├│n[0m
            [36m</span>[39m
            [36m<span>[39m
              [0mID: [0m
              [0m123[0m
            [36m</span>[39m
            [36m<span>[39m
              [0mEstado: [0m
              [0mEN_PROCESO[0m
            [36m</span>[39m
          [36m</div>[39m
          [36m<div[39m
            [33mclass[39m=[32m"bg-card text-card-foreground flex flex-col gap-6 rounded-xl border py-6 shadow-sm"[39m
            [33mdata-slot[39m=[32m"card"[39m
          [36m>[39m
            [36m<div[39m
              [33mclass[39m=[32m"@container/card-header grid auto-rows-min grid-rows-[auto_auto] items-start gap-1.5 px-6 
has-data-[slot=card-action]:grid-cols-[1fr_auto] [.border-b]:pb-6"[39m
              [33mdata-slot[39m=[32m"card-header"[39m
            [36m>[39m
              [36m<div[39m
                [33mclass[39m=[32m"flex items-center justify-between"[39m
              [36m>[39m
                [36m<div[39m
                  [33mclass[39m=[32m"flex items-center gap-2"[39m
                [36m>[39m
                  [36m<svg[39m
                    [33mclass[39m=[32m"lucide lucide-beaker h-5 w-5"[39m
                    [33mfill[39m=[32m"none"[39m
                    [33mheight[39m=[32m"24"[39m
                    [33mstroke[39m=[32m"currentColor"[39m
                    [33mstroke-linecap[39m=[32m"round"[39m
                    [33mstroke-linejoin[39m=[32m"round"[39m
                    [33mstroke-width[39m=[32m"2"[39m
                    [33mviewBox[39m=[32m"0 0 24 24"[39m
                    [33mwidth[39m=[32m"24"[39m
                    [33mxmlns[39m=[32m"http://www.w3.org/2000/svg"[39m
                  [36m>[39m
                    [36m<path[39m
                      [33md[39m=[32m"M4.5 3h15"[39m
                    [36m/>[39m
                    [36m<path[39m
                      [33md[39m=[32m"M6 3v16a2 2 0 0 0 2 2h8a2 2 0 0 0 2-2V3"[39m
                    [36m/>[39m
                    [36m<path[39m
                      [33md[39m=[32m"M6 14h12"[39m
                    [36m/>[39m
                  [36m</svg>[39m
                  [36m<div[39m
                    [33mclass[39m=[32m"leading-none font-semibold"[39m
                    [33mdata-slot[39m=[32m"card-title"[39m
                  [36m>[39m
                    [0mInformaci├│n del An├ílisis[0m
                  [36m</div>[39m
                [36m</div>[39m
                [36m<div[39m
                  [33mclass[39m=[32m"flex items-center gap-2"[39m
                [36m>[39m
                  [36m<button[39m
                    [33mdata-testid[39m=[32m"tolerancias-btn"[39m
                  [36m>[39m
                    [0mVer Tolerancias[0m
                  [36m</button>[39m
                [36m</div>[39m
              [36m</div>[39m
            [36m</div>[39m
            [36m<div[39m
              [33mclass[39m=[32m"px-6"[39m
              [33mdata-slot[39m=[32m"card-content"[39m
            [36m>[39m
              [36m<div[39m
                [33mclass[39m=[32m"space-y-6"[39m
              [36m>[39m
                [36m<div[39m
                  [33mclass[39m=[32m"text-sm text-blue-700 bg-blue-50 border border-blue-200 rounded-lg p-3"[39m
                [36m>[39m
                  [36m<p>[39m
                    [36m<strong>[39m
                      [0mModo de Edici├│n:[0m
                    [36m</strong>[39m
                    [0m Solo se pueden modificar los campos que se muestran a continuaci├│n. Los datos como fechas, n├║mero de 
d├¡as y repeticiones no son editables una vez creado el an├ílisis.[0m
                  [36m</p>[39m
                [36m</div>[39m
                [36m<div[39m
                  [33mclass[39m=[32m"grid grid-cols-1 lg:grid-cols-2 gap-6"[39m
                [36m>[39m
                  [36m<div[39m
                    [33mclass[39m=[32m"space-y-4"[39m
                  [36m>[39m
                    [36m<div[39m
                      [33mclass[39m=[32m"space-y-2"[39m
                    [36m>[39m
                      [36m<label[39m
                        [33mclass[39m=[32m"flex items-center gap-2 select-none group-data-[disabled=true]:pointer-events-none 
group-data-[disabled=true]:opacity-50 peer-disabled:cursor-not-allowed peer-disabled:opacity-50 text-sm font-medium"[39m
                        [33mdata-slot[39m=[32m"label"[39m
                      [36m>[39m
                        [0mLote Asociado *[0m
                      [36m</label>[39m
                      [36m<button[39m
                        [33maria-autocomplete[39m=[32m"none"[39m
                        [33maria-controls[39m=[32m"radix-:rc:"[39m
                        [33maria-expanded[39m=[32m"false"[39m
                        [33mclass[39m=[32m"border-input data-[placeholder]:text-muted-foreground 
[&_svg:not([class*='text-'])]:text-muted-foreground focus-visible:border-ring focus-visible:ring-ring/50 
aria-invalid:ring-destructive/20 dark:aria-invalid:ring-destructive/40 aria-invalid:border-destructive dark:bg-input/30 
dark:hover:bg-input/50 flex w-fit items-center justify-between gap-2 rounded-md border bg-transparent px-3 py-2 text-sm 
whitespace-nowrap shadow-xs transition-[color,box-shadow] outline-none focus-visible:ring-[3px] disabled:cursor-not-allowed 
disabled:opacity-50 data-[size=default]:h-9 data-[size=sm]:h-8 *:data-[slot=select-value]:line-clamp-1 
*:data-[slot=select-value]:flex *:data-[slot=select-value]:items-center *:data-[slot=select-value]:gap-2 [&_svg]:pointer-events-none 
[&_svg]:shrink-0 [&_svg:not([class*='size-'])]:size-4 h-11"[39m
                        [33mdata-size[39m=[32m"default"[39m
                        [33mdata-slot[39m=[32m"select-trigger"[39m
                        [33mdata-state[39m=[32m"closed"[39m
                        [33mdir[39m=[32m"ltr"[39m
                        [33mrole[39m=[32m"combobox"[39m
                        [33mtype[39m=[32m"button"[39m
                      [36m>[39m
                        [36m<span[39m
                          [33mdata-slot[39m=[32m"select-value"[39m
                          [33mstyle[39m=[32m"pointer-events: none;"[39m
                        [36m>[39m
                          [0mL001[0m
                          [0m (ID: [0m
                          [0m1[0m
                          [0m)[0m
                        [36m</span>[39m
                        [36m<svg[39m
                          [33maria-hidden[39m=[32m"true"[39m
                          [33mclass[39m=[32m"lucide lucide-chevron-down size-4 opacity-50"[39m
                          [33mfill[39m=[32m"none"[39m
                          [33mheight[39m=[32m"24"[39m
                          [33mstroke[39m=[32m"currentColor"[39m
                          [33mstroke-linecap[39m=[32m"round"[39m
                          [33mstroke-linejoin[39m=[32m"round"[39m
                          [33mstroke-width[39m=[32m"2"[39m
       ...

    [0m [90m 361 |[39m       })
     [90m 362 |[39m       
    [31m[1m>[22m[39m[90m 363 |[39m       [36mawait[39m waitFor(() [33m=>[39m {
     [90m     |[39m                    [31m[1m^[22m[39m
     [90m 364 |[39m         [36mconst[39m guardarBtn [33m=[39m screen[33m.[39mgetByText([35m/Guardar Cambios/i[39m)
     [90m 365 |[39m         expect(guardarBtn)[33m.[39mnot[33m.[39mtoBeDisabled()
     [90m 366 |[39m       })[0m

      at waitForWrapper (node_modules/.pnpm/@testing-library+dom@9.3.4/node_modules/@testing-library/dom/dist/wait-for.js:163:27)
      at Object.<anonymous> (__tests__/app/listado/analisis/germinacion/[id]/editar/page.test.tsx:363:20)

  ÔùÅ GerminacionEditPage ÔÇ║ Modo edici├│n de informaci├│n b├ísica ÔÇ║ guarda cambios correctamente

    Found multiple elements with the text: /Guardar Cambios/i

    Here are the matching elements:

    Ignored nodes: comments, script, style
    [36m<button[39m
      [33mclass[39m=[32m"inline-flex items-center justify-center gap-2 whitespace-nowrap rounded-md text-sm font-medium 
transition-all disabled:pointer-events-none disabled:opacity-50 [&_svg]:pointer-events-none [&_svg:not([class*='size-'])]:size-4 
shrink-0 [&_svg]:shrink-0 outline-none focus-visible:border-ring focus-visible:ring-ring/50 focus-visible:ring-[3px] 
aria-invalid:ring-destructive/20 dark:aria-invalid:ring-destructive/40 aria-invalid:border-destructive text-primary-foreground 
shadow-xs h-9 px-4 py-2 has-[>svg]:px-3 bg-green-600 hover:bg-green-700 min-w-32"[39m
      [33mdata-slot[39m=[32m"button"[39m
    [36m>[39m
      [0mGuardar Cambios[0m
    [36m</button>[39m

    Ignored nodes: comments, script, style
    [36m<button>[39m
      [0mGuardar Cambios[0m
    [36m</button>[39m

    (If this is intentional, then use the `*AllBy*` variant of the query (like `queryAllByText`, `getAllByText`, or 
`findAllByText`)).

    Ignored nodes: comments, script, style
    [36m<body>[39m
      [36m<div>[39m
        [36m<div[39m
          [33mclass[39m=[32m"p-6 space-y-6"[39m
        [36m>[39m
          [36m<div[39m
            [33mdata-testid[39m=[32m"header"[39m
          [36m>[39m
            [36m<span>[39m
              [0mAn├ílisis de [0m
              [0mGerminaci├│n[0m
            [36m</span>[39m
            [36m<span>[39m
              [0mID: [0m
              [0m123[0m
            [36m</span>[39m
            [36m<span>[39m
              [0mEstado: [0m
              [0mEN_PROCESO[0m
            [36m</span>[39m
          [36m</div>[39m
          [36m<div[39m
            [33mclass[39m=[32m"bg-card text-card-foreground flex flex-col gap-6 rounded-xl border py-6 shadow-sm"[39m
            [33mdata-slot[39m=[32m"card"[39m
          [36m>[39m
            [36m<div[39m
              [33mclass[39m=[32m"@container/card-header grid auto-rows-min grid-rows-[auto_auto] items-start gap-1.5 px-6 
has-data-[slot=card-action]:grid-cols-[1fr_auto] [.border-b]:pb-6"[39m
              [33mdata-slot[39m=[32m"card-header"[39m
            [36m>[39m
              [36m<div[39m
                [33mclass[39m=[32m"flex items-center justify-between"[39m
              [36m>[39m
                [36m<div[39m
                  [33mclass[39m=[32m"flex items-center gap-2"[39m
                [36m>[39m
                  [36m<svg[39m
                    [33mclass[39m=[32m"lucide lucide-beaker h-5 w-5"[39m
                    [33mfill[39m=[32m"none"[39m
                    [33mheight[39m=[32m"24"[39m
                    [33mstroke[39m=[32m"currentColor"[39m
                    [33mstroke-linecap[39m=[32m"round"[39m
                    [33mstroke-linejoin[39m=[32m"round"[39m
                    [33mstroke-width[39m=[32m"2"[39m
                    [33mviewBox[39m=[32m"0 0 24 24"[39m
                    [33mwidth[39m=[32m"24"[39m
                    [33mxmlns[39m=[32m"http://www.w3.org/2000/svg"[39m
                  [36m>[39m
                    [36m<path[39m
                      [33md[39m=[32m"M4.5 3h15"[39m
                    [36m/>[39m
                    [36m<path[39m
                      [33md[39m=[32m"M6 3v16a2 2 0 0 0 2 2h8a2 2 0 0 0 2-2V3"[39m
                    [36m/>[39m
                    [36m<path[39m
                      [33md[39m=[32m"M6 14h12"[39m
                    [36m/>[39m
                  [36m</svg>[39m
                  [36m<div[39m
                    [33mclass[39m=[32m"leading-none font-semibold"[39m
                    [33mdata-slot[39m=[32m"card-title"[39m
                  [36m>[39m
                    [0mInformaci├│n del An├ílisis[0m
                  [36m</div>[39m
                [36m</div>[39m
                [36m<div[39m
                  [33mclass[39m=[32m"flex items-center gap-2"[39m
                [36m>[39m
                  [36m<button[39m
                    [33mdata-testid[39m=[32m"tolerancias-btn"[39m
                  [36m>[39m
                    [0mVer Tolerancias[0m
                  [36m</button>[39m
                [36m</div>[39m
              [36m</div>[39m
            [36m</div>[39m
            [36m<div[39m
              [33mclass[39m=[32m"px-6"[39m
              [33mdata-slot[39m=[32m"card-content"[39m
            [36m>[39m
              [36m<div[39m
                [33mclass[39m=[32m"space-y-6"[39m
              [36m>[39m
                [36m<div[39m
                  [33mclass[39m=[32m"text-sm text-blue-700 bg-blue-50 border border-blue-200 rounded-lg p-3"[39m
                [36m>[39m
                  [36m<p>[39m
                    [36m<strong>[39m
                      [0mModo de Edici├│n:[0m
                    [36m</strong>[39m
                    [0m Solo se pueden modificar los campos que se muestran a continuaci├│n. Los datos como fechas, n├║mero de 
d├¡as y repeticiones no son editables una vez creado el an├ílisis.[0m
                  [36m</p>[39m
                [36m</div>[39m
                [36m<div[39m
                  [33mclass[39m=[32m"grid grid-cols-1 lg:grid-cols-2 gap-6"[39m
                [36m>[39m
                  [36m<div[39m
                    [33mclass[39m=[32m"space-y-4"[39m
                  [36m>[39m
                    [36m<div[39m
                      [33mclass[39m=[32m"space-y-2"[39m
                    [36m>[39m
                      [36m<label[39m
                        [33mclass[39m=[32m"flex items-center gap-2 select-none group-data-[disabled=true]:pointer-events-none 
group-data-[disabled=true]:opacity-50 peer-disabled:cursor-not-allowed peer-disabled:opacity-50 text-sm font-medium"[39m
                        [33mdata-slot[39m=[32m"label"[39m
                      [36m>[39m
                        [0mLote Asociado *[0m
                      [36m</label>[39m
                      [36m<button[39m
                        [33maria-autocomplete[39m=[32m"none"[39m
                        [33maria-controls[39m=[32m"radix-:ri:"[39m
                        [33maria-expanded[39m=[32m"false"[39m
                        [33mclass[39m=[32m"border-input data-[placeholder]:text-muted-foreground 
[&_svg:not([class*='text-'])]:text-muted-foreground focus-visible:border-ring focus-visible:ring-ring/50 
aria-invalid:ring-destructive/20 dark:aria-invalid:ring-destructive/40 aria-invalid:border-destructive dark:bg-input/30 
dark:hover:bg-input/50 flex w-fit items-center justify-between gap-2 rounded-md border bg-transparent px-3 py-2 text-sm 
whitespace-nowrap shadow-xs transition-[color,box-shadow] outline-none focus-visible:ring-[3px] disabled:cursor-not-allowed 
disabled:opacity-50 data-[size=default]:h-9 data-[size=sm]:h-8 *:data-[slot=select-value]:line-clamp-1 
*:data-[slot=select-value]:flex *:data-[slot=select-value]:items-center *:data-[slot=select-value]:gap-2 [&_svg]:pointer-events-none 
[&_svg]:shrink-0 [&_svg:not([class*='size-'])]:size-4 h-11"[39m
                        [33mdata-size[39m=[32m"default"[39m
                        [33mdata-slot[39m=[32m"select-trigger"[39m
                        [33mdata-state[39m=[32m"closed"[39m
                        [33mdir[39m=[32m"ltr"[39m
                        [33mrole[39m=[32m"combobox"[39m
                        [33mtype[39m=[32m"button"[39m
                      [36m>[39m
                        [36m<span[39m
                          [33mdata-slot[39m=[32m"select-value"[39m
                          [33mstyle[39m=[32m"pointer-events: none;"[39m
                        [36m>[39m
                          [0mL001[0m
                          [0m (ID: [0m
                          [0m1[0m
                          [0m)[0m
                        [36m</span>[39m
                        [36m<svg[39m
                          [33maria-hidden[39m=[32m"true"[39m
                          [33mclass[39m=[32m"lucide lucide-chevron-down size-4 opacity-50"[39m
                          [33mfill[39m=[32m"none"[39m
                          [33mheight[39m=[32m"24"[39m
                          [33mstroke[39m=[32m"currentColor"[39m
                          [33mstroke-linecap[39m=[32m"round"[39m
                          [33mstroke-linejoin[39m=[32m"round"[39m
                          [33mstroke-width[39m=[32m"2"[39m
       ...

    [0m [90m 393 |[39m       })
     [90m 394 |[39m       
    [31m[1m>[22m[39m[90m 395 |[39m       [36mawait[39m waitFor(() [33m=>[39m 
fireEvent[33m.[39mclick(screen[33m.[39mgetByText([35m/Guardar Cambios/i[39m)))
     [90m     |[39m                    [31m[1m^[22m[39m
     [90m 396 |[39m       
     [90m 397 |[39m       [36mawait[39m waitFor(() [33m=>[39m {
     [90m 398 |[39m         expect(mockActualizar)[33m.[39mtoHaveBeenCalledWith([35m123[39m[33m,[39m {[0m

      at waitForWrapper (node_modules/.pnpm/@testing-library+dom@9.3.4/node_modules/@testing-library/dom/dist/wait-for.js:163:27)
      at Object.<anonymous> (__tests__/app/listado/analisis/germinacion/[id]/editar/page.test.tsx:395:20)

  ÔùÅ GerminacionEditPage ÔÇ║ Modo edici├│n de informaci├│n b├ísica ÔÇ║ maneja error al guardar

    Found multiple elements with the text: /Guardar Cambios/i

    Here are the matching elements:

    Ignored nodes: comments, script, style
    [36m<button[39m
      [33mclass[39m=[32m"inline-flex items-center justify-center gap-2 whitespace-nowrap rounded-md text-sm font-medium 
transition-all disabled:pointer-events-none disabled:opacity-50 [&_svg]:pointer-events-none [&_svg:not([class*='size-'])]:size-4 
shrink-0 [&_svg]:shrink-0 outline-none focus-visible:border-ring focus-visible:ring-ring/50 focus-visible:ring-[3px] 
aria-invalid:ring-destructive/20 dark:aria-invalid:ring-destructive/40 aria-invalid:border-destructive text-primary-foreground 
shadow-xs h-9 px-4 py-2 has-[>svg]:px-3 bg-green-600 hover:bg-green-700 min-w-32"[39m
      [33mdata-slot[39m=[32m"button"[39m
    [36m>[39m
      [0mGuardar Cambios[0m
    [36m</button>[39m

    Ignored nodes: comments, script, style
    [36m<button>[39m
      [0mGuardar Cambios[0m
    [36m</button>[39m

    (If this is intentional, then use the `*AllBy*` variant of the query (like `queryAllByText`, `getAllByText`, or 
`findAllByText`)).

    Ignored nodes: comments, script, style
    [36m<body>[39m
      [36m<div>[39m
        [36m<div[39m
          [33mclass[39m=[32m"p-6 space-y-6"[39m
        [36m>[39m
          [36m<div[39m
            [33mdata-testid[39m=[32m"header"[39m
          [36m>[39m
            [36m<span>[39m
              [0mAn├ílisis de [0m
              [0mGerminaci├│n[0m
            [36m</span>[39m
            [36m<span>[39m
              [0mID: [0m
              [0m123[0m
            [36m</span>[39m
            [36m<span>[39m
              [0mEstado: [0m
              [0mEN_PROCESO[0m
            [36m</span>[39m
          [36m</div>[39m
          [36m<div[39m
            [33mclass[39m=[32m"bg-card text-card-foreground flex flex-col gap-6 rounded-xl border py-6 shadow-sm"[39m
            [33mdata-slot[39m=[32m"card"[39m
          [36m>[39m
            [36m<div[39m
              [33mclass[39m=[32m"@container/card-header grid auto-rows-min grid-rows-[auto_auto] items-start gap-1.5 px-6 
has-data-[slot=card-action]:grid-cols-[1fr_auto] [.border-b]:pb-6"[39m
              [33mdata-slot[39m=[32m"card-header"[39m
            [36m>[39m
              [36m<div[39m
                [33mclass[39m=[32m"flex items-center justify-between"[39m
              [36m>[39m
                [36m<div[39m
                  [33mclass[39m=[32m"flex items-center gap-2"[39m
                [36m>[39m
                  [36m<svg[39m
                    [33mclass[39m=[32m"lucide lucide-beaker h-5 w-5"[39m
                    [33mfill[39m=[32m"none"[39m
                    [33mheight[39m=[32m"24"[39m
                    [33mstroke[39m=[32m"currentColor"[39m
                    [33mstroke-linecap[39m=[32m"round"[39m
                    [33mstroke-linejoin[39m=[32m"round"[39m
                    [33mstroke-width[39m=[32m"2"[39m
                    [33mviewBox[39m=[32m"0 0 24 24"[39m
                    [33mwidth[39m=[32m"24"[39m
                    [33mxmlns[39m=[32m"http://www.w3.org/2000/svg"[39m
                  [36m>[39m
                    [36m<path[39m
                      [33md[39m=[32m"M4.5 3h15"[39m
                    [36m/>[39m
                    [36m<path[39m
                      [33md[39m=[32m"M6 3v16a2 2 0 0 0 2 2h8a2 2 0 0 0 2-2V3"[39m
                    [36m/>[39m
                    [36m<path[39m
                      [33md[39m=[32m"M6 14h12"[39m
                    [36m/>[39m
                  [36m</svg>[39m
                  [36m<div[39m
                    [33mclass[39m=[32m"leading-none font-semibold"[39m
                    [33mdata-slot[39m=[32m"card-title"[39m
                  [36m>[39m
                    [0mInformaci├│n del An├ílisis[0m
                  [36m</div>[39m
                [36m</div>[39m
                [36m<div[39m
                  [33mclass[39m=[32m"flex items-center gap-2"[39m
                [36m>[39m
                  [36m<button[39m
                    [33mdata-testid[39m=[32m"tolerancias-btn"[39m
                  [36m>[39m
                    [0mVer Tolerancias[0m
                  [36m</button>[39m
                [36m</div>[39m
              [36m</div>[39m
            [36m</div>[39m
            [36m<div[39m
              [33mclass[39m=[32m"px-6"[39m
              [33mdata-slot[39m=[32m"card-content"[39m
            [36m>[39m
              [36m<div[39m
                [33mclass[39m=[32m"space-y-6"[39m
              [36m>[39m
                [36m<div[39m
                  [33mclass[39m=[32m"text-sm text-blue-700 bg-blue-50 border border-blue-200 rounded-lg p-3"[39m
                [36m>[39m
                  [36m<p>[39m
                    [36m<strong>[39m
                      [0mModo de Edici├│n:[0m
                    [36m</strong>[39m
                    [0m Solo se pueden modificar los campos que se muestran a continuaci├│n. Los datos como fechas, n├║mero de 
d├¡as y repeticiones no son editables una vez creado el an├ílisis.[0m
                  [36m</p>[39m
                [36m</div>[39m
                [36m<div[39m
                  [33mclass[39m=[32m"grid grid-cols-1 lg:grid-cols-2 gap-6"[39m
                [36m>[39m
                  [36m<div[39m
                    [33mclass[39m=[32m"space-y-4"[39m
                  [36m>[39m
                    [36m<div[39m
                      [33mclass[39m=[32m"space-y-2"[39m
                    [36m>[39m
                      [36m<label[39m
                        [33mclass[39m=[32m"flex items-center gap-2 select-none group-data-[disabled=true]:pointer-events-none 
group-data-[disabled=true]:opacity-50 peer-disabled:cursor-not-allowed peer-disabled:opacity-50 text-sm font-medium"[39m
                        [33mdata-slot[39m=[32m"label"[39m
                      [36m>[39m
                        [0mLote Asociado *[0m
                      [36m</label>[39m
                      [36m<button[39m
                        [33maria-autocomplete[39m=[32m"none"[39m
                        [33maria-controls[39m=[32m"radix-:ro:"[39m
                        [33maria-expanded[39m=[32m"false"[39m
                        [33mclass[39m=[32m"border-input data-[placeholder]:text-muted-foreground 
[&_svg:not([class*='text-'])]:text-muted-foreground focus-visible:border-ring focus-visible:ring-ring/50 
aria-invalid:ring-destructive/20 dark:aria-invalid:ring-destructive/40 aria-invalid:border-destructive dark:bg-input/30 
dark:hover:bg-input/50 flex w-fit items-center justify-between gap-2 rounded-md border bg-transparent px-3 py-2 text-sm 
whitespace-nowrap shadow-xs transition-[color,box-shadow] outline-none focus-visible:ring-[3px] disabled:cursor-not-allowed 
disabled:opacity-50 data-[size=default]:h-9 data-[size=sm]:h-8 *:data-[slot=select-value]:line-clamp-1 
*:data-[slot=select-value]:flex *:data-[slot=select-value]:items-center *:data-[slot=select-value]:gap-2 [&_svg]:pointer-events-none 
[&_svg]:shrink-0 [&_svg:not([class*='size-'])]:size-4 h-11"[39m
                        [33mdata-size[39m=[32m"default"[39m
                        [33mdata-slot[39m=[32m"select-trigger"[39m
                        [33mdata-state[39m=[32m"closed"[39m
                        [33mdir[39m=[32m"ltr"[39m
                        [33mrole[39m=[32m"combobox"[39m
                        [33mtype[39m=[32m"button"[39m
                      [36m>[39m
                        [36m<span[39m
                          [33mdata-slot[39m=[32m"select-value"[39m
                          [33mstyle[39m=[32m"pointer-events: none;"[39m
                        [36m>[39m
                          [0mL001[0m
                          [0m (ID: [0m
                          [0m1[0m
                          [0m)[0m
                        [36m</span>[39m
                        [36m<svg[39m
                          [33maria-hidden[39m=[32m"true"[39m
                          [33mclass[39m=[32m"lucide lucide-chevron-down size-4 opacity-50"[39m
                          [33mfill[39m=[32m"none"[39m
                          [33mheight[39m=[32m"24"[39m
                          [33mstroke[39m=[32m"currentColor"[39m
                          [33mstroke-linecap[39m=[32m"round"[39m
                          [33mstroke-linejoin[39m=[32m"round"[39m
                          [33mstroke-width[39m=[32m"2"[39m
       ...

    [0m [90m 427 |[39m       })
     [90m 428 |[39m       
    [31m[1m>[22m[39m[90m 429 |[39m       [36mawait[39m waitFor(() [33m=>[39m 
fireEvent[33m.[39mclick(screen[33m.[39mgetByText([35m/Guardar Cambios/i[39m)))
     [90m     |[39m                    [31m[1m^[22m[39m
     [90m 430 |[39m       
     [90m 431 |[39m       [36mawait[39m waitFor(() [33m=>[39m {
     [90m 432 |[39m         expect(mockAlert)[33m.[39mtoHaveBeenCalledWith(expect[33m.[39mstringContaining([32m'Error al 
guardar'[39m))[0m

      at waitForWrapper (node_modules/.pnpm/@testing-library+dom@9.3.4/node_modules/@testing-library/dom/dist/wait-for.js:163:27)
      at Object.<anonymous> (__tests__/app/listado/analisis/germinacion/[id]/editar/page.test.tsx:429:20)

PASS __tests__/components/auth-provider.test.tsx
  ÔùÅ Console

    console.log
       Usuario cargado desde backend (profile): {
        id: '1',
        email: 'admin@inia.cl',
        name: 'Admin Test',
        role: 'administrador',
        department: 'Laboratorio',
        permissions: [
          'register_sample',
          'associate_analysis',
          'load_results',
          'view_pending_tasks',
          'edit_results',
          'validate_lots',
          'manage_users',
          'manage_catalogs',
          'manage_regulations',
          'generate_reports',
          'reassign_analysis',
          'view_all_data'
        ]
      }

      at log (components/auth-provider.tsx:72:15)

    console.warn
      No hay sesi├│n iniciada o error al obtener perfil Error: No autenticado
          at Object.<anonymous> 
(C:\Users\Usuario\Documents\GitHub\INIA\inia-frontend-jc\__tests__\components\auth-provider.test.tsx:70:65)
          at Promise.then.completed (C:\Users\Usuario\Documents\GitHub\INIA\inia-frontend-jc\node_modules\.pnpm\jest-circus@29.7.0\no
de_modules\jest-circus\build\utils.js:298:28)
          at new Promise (<anonymous>)
          at callAsyncCircusFn (C:\Users\Usuario\Documents\GitHub\INIA\inia-frontend-jc\node_modules\.pnpm\jest-circus@29.7.0\node_mo
dules\jest-circus\build\utils.js:231:10)
          at _callCircusHook (C:\Users\Usuario\Documents\GitHub\INIA\inia-frontend-jc\node_modules\.pnpm\jest-circus@29.7.0\node_modu
les\jest-circus\build\run.js:281:40)
          at _runTest (C:\Users\Usuario\Documents\GitHub\INIA\inia-frontend-jc\node_modules\.pnpm\jest-circus@29.7.0\node_modules\jes
t-circus\build\run.js:246:5)
          at _runTestsForDescribeBlock (C:\Users\Usuario\Documents\GitHub\INIA\inia-frontend-jc\node_modules\.pnpm\jest-circus@29.7.0
\node_modules\jest-circus\build\run.js:126:9)
          at _runTestsForDescribeBlock (C:\Users\Usuario\Documents\GitHub\INIA\inia-frontend-jc\node_modules\.pnpm\jest-circus@29.7.0
\node_modules\jest-circus\build\run.js:121:9)
          at _runTestsForDescribeBlock (C:\Users\Usuario\Documents\GitHub\INIA\inia-frontend-jc\node_modules\.pnpm\jest-circus@29.7.0
\node_modules\jest-circus\build\run.js:121:9)
          at run (C:\Users\Usuario\Documents\GitHub\INIA\inia-frontend-jc\node_modules\.pnpm\jest-circus@29.7.0\node_modules\jest-cir
cus\build\run.js:71:3)
          at runAndTransformResultsToJestFormat (C:\Users\Usuario\Documents\GitHub\INIA\inia-frontend-jc\node_modules\.pnpm\jest-circ
us@29.7.0\node_modules\jest-circus\build\legacy-code-todo-rewrite\jestAdapterInit.js:122:21)
          at jestAdapter (C:\Users\Usuario\Documents\GitHub\INIA\inia-frontend-jc\node_modules\.pnpm\jest-circus@29.7.0\node_modules\
jest-circus\build\legacy-code-todo-rewrite\jestAdapter.js:79:19)
          at runTestInternal (C:\Users\Usuario\Documents\GitHub\INIA\inia-frontend-jc\node_modules\.pnpm\jest-runner@29.7.0\node_modu
les\jest-runner\build\runTest.js:367:16)
          at runTest (C:\Users\Usuario\Documents\GitHub\INIA\inia-frontend-jc\node_modules\.pnpm\jest-runner@29.7.0\node_modules\jest
-runner\build\runTest.js:444:34)
          at Object.worker (C:\Users\Usuario\Documents\GitHub\INIA\inia-frontend-jc\node_modules\.pnpm\jest-runner@29.7.0\node_module
s\jest-runner\build\testWorker.js:106:12)

    [0m [90m 72 |[39m       console[33m.[39mlog([32m" Usuario cargado desde backend (profile):"[39m[33m,[39m mappedUser)
     [90m 73 |[39m     } [36mcatch[39m (e) {
    [31m[1m>[22m[39m[90m 74 |[39m       console[33m.[39mwarn([32m"No hay sesi├│n iniciada o error al obtener 
perfil"[39m[33m,[39m e)
     [90m    |[39m               [31m[1m^[22m[39m
     [90m 75 |[39m       setUser([36mnull[39m)
     [90m 76 |[39m     }
     [90m 77 |[39m   }[0m

      at warn (components/auth-provider.tsx:74:15)
      at init (components/auth-provider.tsx:83:7)

    console.warn
      No hay sesi├│n iniciada o error al obtener perfil Error: No autenticado
          at Object.<anonymous> 
(C:\Users\Usuario\Documents\GitHub\INIA\inia-frontend-jc\__tests__\components\auth-provider.test.tsx:70:65)
          at Promise.then.completed (C:\Users\Usuario\Documents\GitHub\INIA\inia-frontend-jc\node_modules\.pnpm\jest-circus@29.7.0\no
de_modules\jest-circus\build\utils.js:298:28)
          at new Promise (<anonymous>)
          at callAsyncCircusFn (C:\Users\Usuario\Documents\GitHub\INIA\inia-frontend-jc\node_modules\.pnpm\jest-circus@29.7.0\node_mo
dules\jest-circus\build\utils.js:231:10)
          at _callCircusHook (C:\Users\Usuario\Documents\GitHub\INIA\inia-frontend-jc\node_modules\.pnpm\jest-circus@29.7.0\node_modu
les\jest-circus\build\run.js:281:40)
          at _runTest (C:\Users\Usuario\Documents\GitHub\INIA\inia-frontend-jc\node_modules\.pnpm\jest-circus@29.7.0\node_modules\jes
t-circus\build\run.js:246:5)
          at _runTestsForDescribeBlock (C:\Users\Usuario\Documents\GitHub\INIA\inia-frontend-jc\node_modules\.pnpm\jest-circus@29.7.0
\node_modules\jest-circus\build\run.js:126:9)
          at _runTestsForDescribeBlock (C:\Users\Usuario\Documents\GitHub\INIA\inia-frontend-jc\node_modules\.pnpm\jest-circus@29.7.0
\node_modules\jest-circus\build\run.js:121:9)
          at _runTestsForDescribeBlock (C:\Users\Usuario\Documents\GitHub\INIA\inia-frontend-jc\node_modules\.pnpm\jest-circus@29.7.0
\node_modules\jest-circus\build\run.js:121:9)
          at run (C:\Users\Usuario\Documents\GitHub\INIA\inia-frontend-jc\node_modules\.pnpm\jest-circus@29.7.0\node_modules\jest-cir
cus\build\run.js:71:3)
          at runAndTransformResultsToJestFormat (C:\Users\Usuario\Documents\GitHub\INIA\inia-frontend-jc\node_modules\.pnpm\jest-circ
us@29.7.0\node_modules\jest-circus\build\legacy-code-todo-rewrite\jestAdapterInit.js:122:21)
          at jestAdapter (C:\Users\Usuario\Documents\GitHub\INIA\inia-frontend-jc\node_modules\.pnpm\jest-circus@29.7.0\node_modules\
jest-circus\build\legacy-code-todo-rewrite\jestAdapter.js:79:19)
          at runTestInternal (C:\Users\Usuario\Documents\GitHub\INIA\inia-frontend-jc\node_modules\.pnpm\jest-runner@29.7.0\node_modu
les\jest-runner\build\runTest.js:367:16)
          at runTest (C:\Users\Usuario\Documents\GitHub\INIA\inia-frontend-jc\node_modules\.pnpm\jest-runner@29.7.0\node_modules\jest
-runner\build\runTest.js:444:34)
          at Object.worker (C:\Users\Usuario\Documents\GitHub\INIA\inia-frontend-jc\node_modules\.pnpm\jest-runner@29.7.0\node_module
s\jest-runner\build\testWorker.js:106:12)

    [0m [90m 72 |[39m       console[33m.[39mlog([32m" Usuario cargado desde backend (profile):"[39m[33m,[39m mappedUser)
     [90m 73 |[39m     } [36mcatch[39m (e) {
    [31m[1m>[22m[39m[90m 74 |[39m       console[33m.[39mwarn([32m"No hay sesi├│n iniciada o error al obtener 
perfil"[39m[33m,[39m e)
     [90m    |[39m               [31m[1m^[22m[39m
     [90m 75 |[39m       setUser([36mnull[39m)
     [90m 76 |[39m     }
     [90m 77 |[39m   }[0m

      at warn (components/auth-provider.tsx:74:15)
      at init (components/auth-provider.tsx:83:7)

    console.warn
      No hay sesi├│n iniciada o error al obtener perfil Error: No autenticado
          at Object.<anonymous> 
(C:\Users\Usuario\Documents\GitHub\INIA\inia-frontend-jc\__tests__\components\auth-provider.test.tsx:70:65)
          at Promise.then.completed (C:\Users\Usuario\Documents\GitHub\INIA\inia-frontend-jc\node_modules\.pnpm\jest-circus@29.7.0\no
de_modules\jest-circus\build\utils.js:298:28)
          at new Promise (<anonymous>)
          at callAsyncCircusFn (C:\Users\Usuario\Documents\GitHub\INIA\inia-frontend-jc\node_modules\.pnpm\jest-circus@29.7.0\node_mo
dules\jest-circus\build\utils.js:231:10)
          at _callCircusHook (C:\Users\Usuario\Documents\GitHub\INIA\inia-frontend-jc\node_modules\.pnpm\jest-circus@29.7.0\node_modu
les\jest-circus\build\run.js:281:40)
          at _runTest (C:\Users\Usuario\Documents\GitHub\INIA\inia-frontend-jc\node_modules\.pnpm\jest-circus@29.7.0\node_modules\jes
t-circus\build\run.js:246:5)
          at _runTestsForDescribeBlock (C:\Users\Usuario\Documents\GitHub\INIA\inia-frontend-jc\node_modules\.pnpm\jest-circus@29.7.0
\node_modules\jest-circus\build\run.js:126:9)
          at _runTestsForDescribeBlock (C:\Users\Usuario\Documents\GitHub\INIA\inia-frontend-jc\node_modules\.pnpm\jest-circus@29.7.0
\node_modules\jest-circus\build\run.js:121:9)
          at _runTestsForDescribeBlock (C:\Users\Usuario\Documents\GitHub\INIA\inia-frontend-jc\node_modules\.pnpm\jest-circus@29.7.0
\node_modules\jest-circus\build\run.js:121:9)
          at run (C:\Users\Usuario\Documents\GitHub\INIA\inia-frontend-jc\node_modules\.pnpm\jest-circus@29.7.0\node_modules\jest-cir
cus\build\run.js:71:3)
          at runAndTransformResultsToJestFormat (C:\Users\Usuario\Documents\GitHub\INIA\inia-frontend-jc\node_modules\.pnpm\jest-circ
us@29.7.0\node_modules\jest-circus\build\legacy-code-todo-rewrite\jestAdapterInit.js:122:21)
          at jestAdapter (C:\Users\Usuario\Documents\GitHub\INIA\inia-frontend-jc\node_modules\.pnpm\jest-circus@29.7.0\node_modules\
jest-circus\build\legacy-code-todo-rewrite\jestAdapter.js:79:19)
          at runTestInternal (C:\Users\Usuario\Documents\GitHub\INIA\inia-frontend-jc\node_modules\.pnpm\jest-runner@29.7.0\node_modu
les\jest-runner\build\runTest.js:367:16)
          at runTest (C:\Users\Usuario\Documents\GitHub\INIA\inia-frontend-jc\node_modules\.pnpm\jest-runner@29.7.0\node_modules\jest
-runner\build\runTest.js:444:34)
          at Object.worker (C:\Users\Usuario\Documents\GitHub\INIA\inia-frontend-jc\node_modules\.pnpm\jest-runner@29.7.0\node_module
s\jest-runner\build\testWorker.js:106:12)

    [0m [90m 72 |[39m       console[33m.[39mlog([32m" Usuario cargado desde backend (profile):"[39m[33m,[39m mappedUser)
     [90m 73 |[39m     } [36mcatch[39m (e) {
    [31m[1m>[22m[39m[90m 74 |[39m       console[33m.[39mwarn([32m"No hay sesi├│n iniciada o error al obtener 
perfil"[39m[33m,[39m e)
     [90m    |[39m               [31m[1m^[22m[39m
     [90m 75 |[39m       setUser([36mnull[39m)
     [90m 76 |[39m     }
     [90m 77 |[39m   }[0m

      at warn (components/auth-provider.tsx:74:15)
      at init (components/auth-provider.tsx:83:7)

    console.log
       Usuario cargado desde backend (profile): {
        id: '1',
        email: 'admin@inia.cl',
        name: 'Admin Test',
        role: 'administrador',
        department: 'Laboratorio',
        permissions: [
          'register_sample',
          'associate_analysis',
          'load_results',
          'view_pending_tasks',
          'edit_results',
          'validate_lots',
          'manage_users',
          'manage_catalogs',
          'manage_regulations',
          'generate_reports',
          'reassign_analysis',
          'view_all_data'
        ]
      }

      at log (components/auth-provider.tsx:72:15)

    console.log
       Usuario cargado desde backend (profile): {
        id: '1',
        email: 'admin@inia.cl',
        name: 'Admin Test',
        role: 'administrador',
        department: 'Laboratorio',
        permissions: [
          'register_sample',
          'associate_analysis',
          'load_results',
          'view_pending_tasks',
          'edit_results',
          'validate_lots',
          'manage_users',
          'manage_catalogs',
          'manage_regulations',
          'generate_reports',
          'reassign_analysis',
          'view_all_data'
        ]
      }

      at log (components/auth-provider.tsx:72:15)

    console.log
       Usuario cargado desde backend (profile): {
        id: '2',
        email: 'analista@inia.cl',
        name: 'Analista Test',
        role: 'analista',
        department: 'Laboratorio',
        permissions: [
          'register_sample',
          'associate_analysis',
          'load_results',
          'view_pending_tasks',
          'edit_results'
        ]
      }

      at log (components/auth-provider.tsx:72:15)

    console.log
       Usuario cargado desde backend (profile): {
        id: '1',
        email: 'admin@inia.cl',
        name: 'Admin Test',
        role: 'administrador',
        department: 'Laboratorio',
        permissions: [
          'register_sample',
          'associate_analysis',
          'load_results',
          'view_pending_tasks',
          'edit_results',
          'validate_lots',
          'manage_users',
          'manage_catalogs',
          'manage_regulations',
          'generate_reports',
          'reassign_analysis',
          'view_all_data'
        ]
      }

      at log (components/auth-provider.tsx:72:15)

    console.log
       Usuario cargado desde backend (profile): {
        id: '1',
        email: 'admin@inia.cl',
        name: 'Admin Test',
        role: 'administrador',
        department: 'Laboratorio',
        permissions: [
          'register_sample',
          'associate_analysis',
          'load_results',
          'view_pending_tasks',
          'edit_results',
          'validate_lots',
          'manage_users',
          'manage_catalogs',
          'manage_regulations',
          'generate_reports',
          'reassign_analysis',
          'view_all_data'
        ]
      }

      at log (components/auth-provider.tsx:72:15)

    console.log
       Usuario cargado desde backend (profile): {
        id: '2',
        email: 'analista@inia.cl',
        name: 'Analista Test',
        role: 'analista',
        department: 'Laboratorio',
        permissions: [
          'register_sample',
          'associate_analysis',
          'load_results',
          'view_pending_tasks',
          'edit_results'
        ]
      }

      at log (components/auth-provider.tsx:72:15)

    console.log
       Usuario cargado desde backend (profile): {
        id: '3',
        email: 'observador@inia.cl',
        name: 'Observador Test',
        role: 'observador',
        department: 'Laboratorio',
        permissions: [ 'view_lot_results', 'download_reports', 'view_lot_history' ]
      }

      at log (components/auth-provider.tsx:72:15)

    console.log
       Usuario cargado desde backend (profile): {
        id: '1',
        email: 'admin@inia.cl',
        name: 'Admin Test',
        role: 'administrador',
        department: 'Laboratorio',
        permissions: [
          'register_sample',
          'associate_analysis',
          'load_results',
          'view_pending_tasks',
          'edit_results',
          'validate_lots',
          'manage_users',
          'manage_catalogs',
          'manage_regulations',
          'generate_reports',
          'reassign_analysis',
          'view_all_data'
        ]
      }

      at log (components/auth-provider.tsx:72:15)

    console.log
       Usuario cargado desde backend (profile): {
        id: '1',
        email: 'admin@inia.cl',
        name: 'Admin Test',
        role: 'administrador',
        department: 'Laboratorio',
        permissions: [
          'register_sample',
          'associate_analysis',
          'load_results',
          'view_pending_tasks',
          'edit_results',
          'validate_lots',
          'manage_users',
          'manage_catalogs',
          'manage_regulations',
          'generate_reports',
          'reassign_analysis',
          'view_all_data'
        ]
      }

      at log (components/auth-provider.tsx:72:15)

    console.warn
      Error en logout backend, continuando con limpieza local Error: Network error
          at Object.<anonymous> 
(C:\Users\Usuario\Documents\GitHub\INIA\inia-frontend-jc\__tests__\components\auth-provider.test.tsx:333:61)
          at Promise.then.completed (C:\Users\Usuario\Documents\GitHub\INIA\inia-frontend-jc\node_modules\.pnpm\jest-circus@29.7.0\no
de_modules\jest-circus\build\utils.js:298:28)
          at new Promise (<anonymous>)
          at callAsyncCircusFn (C:\Users\Usuario\Documents\GitHub\INIA\inia-frontend-jc\node_modules\.pnpm\jest-circus@29.7.0\node_mo
dules\jest-circus\build\utils.js:231:10)
          at _callCircusTest (C:\Users\Usuario\Documents\GitHub\INIA\inia-frontend-jc\node_modules\.pnpm\jest-circus@29.7.0\node_modu
les\jest-circus\build\run.js:316:40)
          at _runTest (C:\Users\Usuario\Documents\GitHub\INIA\inia-frontend-jc\node_modules\.pnpm\jest-circus@29.7.0\node_modules\jes
t-circus\build\run.js:252:3)
          at _runTestsForDescribeBlock (C:\Users\Usuario\Documents\GitHub\INIA\inia-frontend-jc\node_modules\.pnpm\jest-circus@29.7.0
\node_modules\jest-circus\build\run.js:126:9)
          at _runTestsForDescribeBlock (C:\Users\Usuario\Documents\GitHub\INIA\inia-frontend-jc\node_modules\.pnpm\jest-circus@29.7.0
\node_modules\jest-circus\build\run.js:121:9)
          at _runTestsForDescribeBlock (C:\Users\Usuario\Documents\GitHub\INIA\inia-frontend-jc\node_modules\.pnpm\jest-circus@29.7.0
\node_modules\jest-circus\build\run.js:121:9)
          at run (C:\Users\Usuario\Documents\GitHub\INIA\inia-frontend-jc\node_modules\.pnpm\jest-circus@29.7.0\node_modules\jest-cir
cus\build\run.js:71:3)
          at runAndTransformResultsToJestFormat (C:\Users\Usuario\Documents\GitHub\INIA\inia-frontend-jc\node_modules\.pnpm\jest-circ
us@29.7.0\node_modules\jest-circus\build\legacy-code-todo-rewrite\jestAdapterInit.js:122:21)
          at jestAdapter (C:\Users\Usuario\Documents\GitHub\INIA\inia-frontend-jc\node_modules\.pnpm\jest-circus@29.7.0\node_modules\
jest-circus\build\legacy-code-todo-rewrite\jestAdapter.js:79:19)
          at runTestInternal (C:\Users\Usuario\Documents\GitHub\INIA\inia-frontend-jc\node_modules\.pnpm\jest-runner@29.7.0\node_modu
les\jest-runner\build\runTest.js:367:16)
          at runTest (C:\Users\Usuario\Documents\GitHub\INIA\inia-frontend-jc\node_modules\.pnpm\jest-runner@29.7.0\node_modules\jest
-runner\build\runTest.js:444:34)
          at Object.worker (C:\Users\Usuario\Documents\GitHub\INIA\inia-frontend-jc\node_modules\.pnpm\jest-runner@29.7.0\node_module
s\jest-runner\build\testWorker.js:106:12)

    [0m [90m 131 |[39m       [36mawait[39m apiFetch([32m"/api/v1/auth/logout"[39m[33m,[39m { method[33m:[39m 
[32m"POST"[39m })
     [90m 132 |[39m     } [36mcatch[39m (e) {
    [31m[1m>[22m[39m[90m 133 |[39m       console[33m.[39mwarn([32m"Error en logout backend, continuando con limpieza 
local"[39m[33m,[39m e)
     [90m     |[39m               [31m[1m^[22m[39m
     [90m 134 |[39m     } [36mfinally[39m {
     [90m 135 |[39m       setUser([36mnull[39m)
     [90m 136 |[39m       [90m// Limpieza defensiva (por si qued├│ algo viejo)[39m[0m

      at warn (components/auth-provider.tsx:133:15)

    console.log
       Usuario cargado desde backend (profile): {
        id: '1',
        email: 'admin@inia.cl',
        name: 'Admin Test',
        role: 'administrador',
        department: 'Laboratorio',
        permissions: [
          'register_sample',
          'associate_analysis',
          'load_results',
          'view_pending_tasks',
          'edit_results',
          'validate_lots',
          'manage_users',
          'manage_catalogs',
          'manage_regulations',
          'generate_reports',
          'reassign_analysis',
          'view_all_data'
        ]
      }

      at log (components/auth-provider.tsx:72:15)

    console.log
       Usuario cargado desde backend (profile): {
        id: '1',
        email: 'admin@inia.cl',
        name: 'Admin Test',
        role: 'administrador',
        department: 'Laboratorio',
        permissions: [
          'register_sample',
          'associate_analysis',
          'load_results',
          'view_pending_tasks',
          'edit_results',
          'validate_lots',
          'manage_users',
          'manage_catalogs',
          'manage_regulations',
          'generate_reports',
          'reassign_analysis',
          'view_all_data'
        ]
      }

      at log (components/auth-provider.tsx:72:15)

    console.warn
      No hay sesi├│n iniciada o error al obtener perfil Error: No autenticado
          at Object.<anonymous> 
(C:\Users\Usuario\Documents\GitHub\INIA\inia-frontend-jc\__tests__\components\auth-provider.test.tsx:70:65)
          at Promise.then.completed (C:\Users\Usuario\Documents\GitHub\INIA\inia-frontend-jc\node_modules\.pnpm\jest-circus@29.7.0\no
de_modules\jest-circus\build\utils.js:298:28)
          at new Promise (<anonymous>)
          at callAsyncCircusFn (C:\Users\Usuario\Documents\GitHub\INIA\inia-frontend-jc\node_modules\.pnpm\jest-circus@29.7.0\node_mo
dules\jest-circus\build\utils.js:231:10)
          at _callCircusHook (C:\Users\Usuario\Documents\GitHub\INIA\inia-frontend-jc\node_modules\.pnpm\jest-circus@29.7.0\node_modu
les\jest-circus\build\run.js:281:40)
          at _runTest (C:\Users\Usuario\Documents\GitHub\INIA\inia-frontend-jc\node_modules\.pnpm\jest-circus@29.7.0\node_modules\jes
t-circus\build\run.js:246:5)
          at _runTestsForDescribeBlock (C:\Users\Usuario\Documents\GitHub\INIA\inia-frontend-jc\node_modules\.pnpm\jest-circus@29.7.0
\node_modules\jest-circus\build\run.js:126:9)
          at _runTestsForDescribeBlock (C:\Users\Usuario\Documents\GitHub\INIA\inia-frontend-jc\node_modules\.pnpm\jest-circus@29.7.0
\node_modules\jest-circus\build\run.js:121:9)
          at _runTestsForDescribeBlock (C:\Users\Usuario\Documents\GitHub\INIA\inia-frontend-jc\node_modules\.pnpm\jest-circus@29.7.0
\node_modules\jest-circus\build\run.js:121:9)
          at run (C:\Users\Usuario\Documents\GitHub\INIA\inia-frontend-jc\node_modules\.pnpm\jest-circus@29.7.0\node_modules\jest-cir
cus\build\run.js:71:3)
          at runAndTransformResultsToJestFormat (C:\Users\Usuario\Documents\GitHub\INIA\inia-frontend-jc\node_modules\.pnpm\jest-circ
us@29.7.0\node_modules\jest-circus\build\legacy-code-todo-rewrite\jestAdapterInit.js:122:21)
          at jestAdapter (C:\Users\Usuario\Documents\GitHub\INIA\inia-frontend-jc\node_modules\.pnpm\jest-circus@29.7.0\node_modules\
jest-circus\build\legacy-code-todo-rewrite\jestAdapter.js:79:19)
          at runTestInternal (C:\Users\Usuario\Documents\GitHub\INIA\inia-frontend-jc\node_modules\.pnpm\jest-runner@29.7.0\node_modu
les\jest-runner\build\runTest.js:367:16)
          at runTest (C:\Users\Usuario\Documents\GitHub\INIA\inia-frontend-jc\node_modules\.pnpm\jest-runner@29.7.0\node_modules\jest
-runner\build\runTest.js:444:34)
          at Object.worker (C:\Users\Usuario\Documents\GitHub\INIA\inia-frontend-jc\node_modules\.pnpm\jest-runner@29.7.0\node_module
s\jest-runner\build\testWorker.js:106:12)

    [0m [90m 72 |[39m       console[33m.[39mlog([32m" Usuario cargado desde backend (profile):"[39m[33m,[39m mappedUser)
     [90m 73 |[39m     } [36mcatch[39m (e) {
    [31m[1m>[22m[39m[90m 74 |[39m       console[33m.[39mwarn([32m"No hay sesi├│n iniciada o error al obtener 
perfil"[39m[33m,[39m e)
     [90m    |[39m               [31m[1m^[22m[39m
     [90m 75 |[39m       setUser([36mnull[39m)
     [90m 76 |[39m     }
     [90m 77 |[39m   }[0m

      at warn (components/auth-provider.tsx:74:15)
      at init (components/auth-provider.tsx:83:7)

    console.warn
      No hay sesi├│n iniciada o error al obtener perfil Error: No autenticado
          at Object.<anonymous> 
(C:\Users\Usuario\Documents\GitHub\INIA\inia-frontend-jc\__tests__\components\auth-provider.test.tsx:451:67)
          at Promise.then.completed (C:\Users\Usuario\Documents\GitHub\INIA\inia-frontend-jc\node_modules\.pnpm\jest-circus@29.7.0\no
de_modules\jest-circus\build\utils.js:298:28)
          at new Promise (<anonymous>)
          at callAsyncCircusFn (C:\Users\Usuario\Documents\GitHub\INIA\inia-frontend-jc\node_modules\.pnpm\jest-circus@29.7.0\node_mo
dules\jest-circus\build\utils.js:231:10)
          at _callCircusTest (C:\Users\Usuario\Documents\GitHub\INIA\inia-frontend-jc\node_modules\.pnpm\jest-circus@29.7.0\node_modu
les\jest-circus\build\run.js:316:40)
          at _runTest (C:\Users\Usuario\Documents\GitHub\INIA\inia-frontend-jc\node_modules\.pnpm\jest-circus@29.7.0\node_modules\jes
t-circus\build\run.js:252:3)
          at _runTestsForDescribeBlock (C:\Users\Usuario\Documents\GitHub\INIA\inia-frontend-jc\node_modules\.pnpm\jest-circus@29.7.0
\node_modules\jest-circus\build\run.js:126:9)
          at _runTestsForDescribeBlock (C:\Users\Usuario\Documents\GitHub\INIA\inia-frontend-jc\node_modules\.pnpm\jest-circus@29.7.0
\node_modules\jest-circus\build\run.js:121:9)
          at _runTestsForDescribeBlock (C:\Users\Usuario\Documents\GitHub\INIA\inia-frontend-jc\node_modules\.pnpm\jest-circus@29.7.0
\node_modules\jest-circus\build\run.js:121:9)
          at run (C:\Users\Usuario\Documents\GitHub\INIA\inia-frontend-jc\node_modules\.pnpm\jest-circus@29.7.0\node_modules\jest-cir
cus\build\run.js:71:3)
          at runAndTransformResultsToJestFormat (C:\Users\Usuario\Documents\GitHub\INIA\inia-frontend-jc\node_modules\.pnpm\jest-circ
us@29.7.0\node_modules\jest-circus\build\legacy-code-todo-rewrite\jestAdapterInit.js:122:21)
          at jestAdapter (C:\Users\Usuario\Documents\GitHub\INIA\inia-frontend-jc\node_modules\.pnpm\jest-circus@29.7.0\node_modules\
jest-circus\build\legacy-code-todo-rewrite\jestAdapter.js:79:19)
          at runTestInternal (C:\Users\Usuario\Documents\GitHub\INIA\inia-frontend-jc\node_modules\.pnpm\jest-runner@29.7.0\node_modu
les\jest-runner\build\runTest.js:367:16)
          at runTest (C:\Users\Usuario\Documents\GitHub\INIA\inia-frontend-jc\node_modules\.pnpm\jest-runner@29.7.0\node_modules\jest
-runner\build\runTest.js:444:34)
          at Object.worker (C:\Users\Usuario\Documents\GitHub\INIA\inia-frontend-jc\node_modules\.pnpm\jest-runner@29.7.0\node_module
s\jest-runner\build\testWorker.js:106:12)

    [0m [90m 72 |[39m       console[33m.[39mlog([32m" Usuario cargado desde backend (profile):"[39m[33m,[39m mappedUser)
     [90m 73 |[39m     } [36mcatch[39m (e) {
    [31m[1m>[22m[39m[90m 74 |[39m       console[33m.[39mwarn([32m"No hay sesi├│n iniciada o error al obtener 
perfil"[39m[33m,[39m e)
     [90m    |[39m               [31m[1m^[22m[39m
     [90m 75 |[39m       setUser([36mnull[39m)
     [90m 76 |[39m     }
     [90m 77 |[39m   }[0m

      at warn (components/auth-provider.tsx:74:15)
      at init (components/auth-provider.tsx:83:7)

    console.warn
      No hay sesi├│n iniciada o error al obtener perfil Error: No autenticado
          at Object.<anonymous> 
(C:\Users\Usuario\Documents\GitHub\INIA\inia-frontend-jc\__tests__\components\auth-provider.test.tsx:70:65)
          at Promise.then.completed (C:\Users\Usuario\Documents\GitHub\INIA\inia-frontend-jc\node_modules\.pnpm\jest-circus@29.7.0\no
de_modules\jest-circus\build\utils.js:298:28)
          at new Promise (<anonymous>)
          at callAsyncCircusFn (C:\Users\Usuario\Documents\GitHub\INIA\inia-frontend-jc\node_modules\.pnpm\jest-circus@29.7.0\node_mo
dules\jest-circus\build\utils.js:231:10)
          at _callCircusHook (C:\Users\Usuario\Documents\GitHub\INIA\inia-frontend-jc\node_modules\.pnpm\jest-circus@29.7.0\node_modu
les\jest-circus\build\run.js:281:40)
          at runNextTicks (node:internal/process/task_queues:65:5)
          at listOnTimeout (node:internal/timers:555:9)
          at processTimers (node:internal/timers:529:7)
          at _runTest (C:\Users\Usuario\Documents\GitHub\INIA\inia-frontend-jc\node_modules\.pnpm\jest-circus@29.7.0\node_modules\jes
t-circus\build\run.js:246:5)
          at _runTestsForDescribeBlock (C:\Users\Usuario\Documents\GitHub\INIA\inia-frontend-jc\node_modules\.pnpm\jest-circus@29.7.0
\node_modules\jest-circus\build\run.js:126:9)
          at _runTestsForDescribeBlock (C:\Users\Usuario\Documents\GitHub\INIA\inia-frontend-jc\node_modules\.pnpm\jest-circus@29.7.0
\node_modules\jest-circus\build\run.js:121:9)
          at _runTestsForDescribeBlock (C:\Users\Usuario\Documents\GitHub\INIA\inia-frontend-jc\node_modules\.pnpm\jest-circus@29.7.0
\node_modules\jest-circus\build\run.js:121:9)
          at run (C:\Users\Usuario\Documents\GitHub\INIA\inia-frontend-jc\node_modules\.pnpm\jest-circus@29.7.0\node_modules\jest-cir
cus\build\run.js:71:3)
          at runAndTransformResultsToJestFormat (C:\Users\Usuario\Documents\GitHub\INIA\inia-frontend-jc\node_modules\.pnpm\jest-circ
us@29.7.0\node_modules\jest-circus\build\legacy-code-todo-rewrite\jestAdapterInit.js:122:21)
          at jestAdapter (C:\Users\Usuario\Documents\GitHub\INIA\inia-frontend-jc\node_modules\.pnpm\jest-circus@29.7.0\node_modules\
jest-circus\build\legacy-code-todo-rewrite\jestAdapter.js:79:19)
          at runTestInternal (C:\Users\Usuario\Documents\GitHub\INIA\inia-frontend-jc\node_modules\.pnpm\jest-runner@29.7.0\node_modu
les\jest-runner\build\runTest.js:367:16)
          at runTest (C:\Users\Usuario\Documents\GitHub\INIA\inia-frontend-jc\node_modules\.pnpm\jest-runner@29.7.0\node_modules\jest
-runner\build\runTest.js:444:34)
          at Object.worker (C:\Users\Usuario\Documents\GitHub\INIA\inia-frontend-jc\node_modules\.pnpm\jest-runner@29.7.0\node_module
s\jest-runner\build\testWorker.js:106:12)

    [0m [90m 72 |[39m       console[33m.[39mlog([32m" Usuario cargado desde backend (profile):"[39m[33m,[39m mappedUser)
     [90m 73 |[39m     } [36mcatch[39m (e) {
    [31m[1m>[22m[39m[90m 74 |[39m       console[33m.[39mwarn([32m"No hay sesi├│n iniciada o error al obtener 
perfil"[39m[33m,[39m e)
     [90m    |[39m               [31m[1m^[22m[39m
     [90m 75 |[39m       setUser([36mnull[39m)
     [90m 76 |[39m     }
     [90m 77 |[39m   }[0m

      at warn (components/auth-provider.tsx:74:15)
      at init (components/auth-provider.tsx:83:7)

PASS __tests__/components/germinacion/tablas-germinacion-section.test.tsx
PASS __tests__/app/reportes/germinacion/page.test.tsx (6.36 s)
  ÔùÅ Console

    console.log
      Respuesta del backend: {
        totalGerminaciones: 150,
        mediaGerminacionPorEspecie: { Trigo: 85.5, 'Ma├¡z': 92.3, Soja: 88.7 },
        tiempoPromedioPrimerConteo: { Trigo: 5.2, 'Ma├¡z': 4.8, Soja: 6.1 },
        tiempoPromedioUltimoConteo: { Trigo: 12.5, 'Ma├¡z': 10.3, Soja: 14.2 }
      }

      at log (app/reportes/germinacion/page.tsx:28:15)

    console.log
      mediaGerminacionPorEspecie: { Trigo: 85.5, 'Ma├¡z': 92.3, Soja: 88.7 }

      at log (app/reportes/germinacion/page.tsx:29:15)

    console.log
      tiempoPromedioPrimerConteo: { Trigo: 5.2, 'Ma├¡z': 4.8, Soja: 6.1 }

      at log (app/reportes/germinacion/page.tsx:30:15)

    console.log
      tiempoPromedioUltimoConteo: { Trigo: 12.5, 'Ma├¡z': 10.3, Soja: 14.2 }

      at log (app/reportes/germinacion/page.tsx:31:15)

    console.log
      Respuesta del backend: {
        totalGerminaciones: 150,
        mediaGerminacionPorEspecie: { Trigo: 85.5, 'Ma├¡z': 92.3, Soja: 88.7 },
        tiempoPromedioPrimerConteo: { Trigo: 5.2, 'Ma├¡z': 4.8, Soja: 6.1 },
        tiempoPromedioUltimoConteo: { Trigo: 12.5, 'Ma├¡z': 10.3, Soja: 14.2 }
      }

      at log (app/reportes/germinacion/page.tsx:28:15)

    console.log
      mediaGerminacionPorEspecie: { Trigo: 85.5, 'Ma├¡z': 92.3, Soja: 88.7 }

      at log (app/reportes/germinacion/page.tsx:29:15)

    console.log
      tiempoPromedioPrimerConteo: { Trigo: 5.2, 'Ma├¡z': 4.8, Soja: 6.1 }

      at log (app/reportes/germinacion/page.tsx:30:15)

    console.log
      tiempoPromedioUltimoConteo: { Trigo: 12.5, 'Ma├¡z': 10.3, Soja: 14.2 }

      at log (app/reportes/germinacion/page.tsx:31:15)

    console.error
      Warning: An update to ReporteGerminacionPage inside a test was not wrapped in act(...).
      
      When testing, code that causes React state updates should be wrapped into act(...):
      
      act(() => {
        /* fire events that update state */
      });
      /* assert on the output */
      
      This ensures that you're testing the behavior the user would see in the browser. Learn more at 
https://reactjs.org/link/wrap-tests-with-act
          at ReporteGerminacionPage (C:\Users\Usuario\Documents\GitHub\INIA\inia-frontend-jc\app\reportes\germinacion\page.tsx:15:49)

    [0m [90m 30 |[39m       console[33m.[39mlog([32m'tiempoPromedioPrimerConteo:'[39m[33m,[39m 
data[33m?[39m[33m.[39mtiempoPromedioPrimerConteo)
     [90m 31 |[39m       console[33m.[39mlog([32m'tiempoPromedioUltimoConteo:'[39m[33m,[39m 
data[33m?[39m[33m.[39mtiempoPromedioUltimoConteo)
    [31m[1m>[22m[39m[90m 32 |[39m       setReporte(data)
     [90m    |[39m       [31m[1m^[22m[39m
     [90m 33 |[39m     } [36mcatch[39m (error) {
     [90m 34 |[39m       console[33m.[39merror([32m"Error al cargar reporte:"[39m[33m,[39m error)
     [90m 35 |[39m     } [36mfinally[39m {[0m

      at printWarning (node_modules/.pnpm/react-dom@18.0.0_react@18.0.0/node_modules/react-dom/cjs/react-dom.development.js:86:30)
      at error (node_modules/.pnpm/react-dom@18.0.0_react@18.0.0/node_modules/react-dom/cjs/react-dom.development.js:60:7)
      at warnIfUpdatesNotWrappedWithActDEV 
(node_modules/.pnpm/react-dom@18.0.0_react@18.0.0/node_modules/react-dom/cjs/react-dom.development.js:27381:9)
      at scheduleUpdateOnFiber 
(node_modules/.pnpm/react-dom@18.0.0_react@18.0.0/node_modules/react-dom/cjs/react-dom.development.js:25292:5)
      at dispatchSetState 
(node_modules/.pnpm/react-dom@18.0.0_react@18.0.0/node_modules/react-dom/cjs/react-dom.development.js:17342:16)
      at setReporte (app/reportes/germinacion/page.tsx:32:7)

    console.error
      Warning: An update to ReporteGerminacionPage inside a test was not wrapped in act(...).
      
      When testing, code that causes React state updates should be wrapped into act(...):
      
      act(() => {
        /* fire events that update state */
      });
      /* assert on the output */
      
      This ensures that you're testing the behavior the user would see in the browser. Learn more at 
https://reactjs.org/link/wrap-tests-with-act
          at ReporteGerminacionPage (C:\Users\Usuario\Documents\GitHub\INIA\inia-frontend-jc\app\reportes\germinacion\page.tsx:15:49)

    [0m [90m 34 |[39m       console[33m.[39merror([32m"Error al cargar reporte:"[39m[33m,[39m error)
     [90m 35 |[39m     } [36mfinally[39m {
    [31m[1m>[22m[39m[90m 36 |[39m       setIsLoading([36mfalse[39m)
     [90m    |[39m       [31m[1m^[22m[39m
     [90m 37 |[39m     }
     [90m 38 |[39m   }
     [90m 39 |[39m[0m

      at printWarning (node_modules/.pnpm/react-dom@18.0.0_react@18.0.0/node_modules/react-dom/cjs/react-dom.development.js:86:30)
      at error (node_modules/.pnpm/react-dom@18.0.0_react@18.0.0/node_modules/react-dom/cjs/react-dom.development.js:60:7)
      at warnIfUpdatesNotWrappedWithActDEV 
(node_modules/.pnpm/react-dom@18.0.0_react@18.0.0/node_modules/react-dom/cjs/react-dom.development.js:27381:9)
      at scheduleUpdateOnFiber 
(node_modules/.pnpm/react-dom@18.0.0_react@18.0.0/node_modules/react-dom/cjs/react-dom.development.js:25292:5)
      at dispatchSetState 
(node_modules/.pnpm/react-dom@18.0.0_react@18.0.0/node_modules/react-dom/cjs/react-dom.development.js:17342:16)
      at setIsLoading (app/reportes/germinacion/page.tsx:36:7)

    console.log
      Respuesta del backend: {
        totalGerminaciones: 150,
        mediaGerminacionPorEspecie: { Trigo: 85.5, 'Ma├¡z': 92.3, Soja: 88.7 },
        tiempoPromedioPrimerConteo: { Trigo: 5.2, 'Ma├¡z': 4.8, Soja: 6.1 },
        tiempoPromedioUltimoConteo: { Trigo: 12.5, 'Ma├¡z': 10.3, Soja: 14.2 }
      }

      at log (app/reportes/germinacion/page.tsx:28:15)

    console.log
      mediaGerminacionPorEspecie: { Trigo: 85.5, 'Ma├¡z': 92.3, Soja: 88.7 }

      at log (app/reportes/germinacion/page.tsx:29:15)

    console.log
      tiempoPromedioPrimerConteo: { Trigo: 5.2, 'Ma├¡z': 4.8, Soja: 6.1 }

      at log (app/reportes/germinacion/page.tsx:30:15)

    console.log
      tiempoPromedioUltimoConteo: { Trigo: 12.5, 'Ma├¡z': 10.3, Soja: 14.2 }

      at log (app/reportes/germinacion/page.tsx:31:15)

    console.error
      Warning: An update to ReporteGerminacionPage inside a test was not wrapped in act(...).
      
      When testing, code that causes React state updates should be wrapped into act(...):
      
      act(() => {
        /* fire events that update state */
      });
      /* assert on the output */
      
      This ensures that you're testing the behavior the user would see in the browser. Learn more at 
https://reactjs.org/link/wrap-tests-with-act
          at ReporteGerminacionPage (C:\Users\Usuario\Documents\GitHub\INIA\inia-frontend-jc\app\reportes\germinacion\page.tsx:15:49)

    [0m [90m 30 |[39m       console[33m.[39mlog([32m'tiempoPromedioPrimerConteo:'[39m[33m,[39m 
data[33m?[39m[33m.[39mtiempoPromedioPrimerConteo)
     [90m 31 |[39m       console[33m.[39mlog([32m'tiempoPromedioUltimoConteo:'[39m[33m,[39m 
data[33m?[39m[33m.[39mtiempoPromedioUltimoConteo)
    [31m[1m>[22m[39m[90m 32 |[39m       setReporte(data)
     [90m    |[39m       [31m[1m^[22m[39m
     [90m 33 |[39m     } [36mcatch[39m (error) {
     [90m 34 |[39m       console[33m.[39merror([32m"Error al cargar reporte:"[39m[33m,[39m error)
     [90m 35 |[39m     } [36mfinally[39m {[0m

      at printWarning (node_modules/.pnpm/react-dom@18.0.0_react@18.0.0/node_modules/react-dom/cjs/react-dom.development.js:86:30)
      at error (node_modules/.pnpm/react-dom@18.0.0_react@18.0.0/node_modules/react-dom/cjs/react-dom.development.js:60:7)
      at warnIfUpdatesNotWrappedWithActDEV 
(node_modules/.pnpm/react-dom@18.0.0_react@18.0.0/node_modules/react-dom/cjs/react-dom.development.js:27381:9)
      at scheduleUpdateOnFiber 
(node_modules/.pnpm/react-dom@18.0.0_react@18.0.0/node_modules/react-dom/cjs/react-dom.development.js:25292:5)
      at dispatchSetState 
(node_modules/.pnpm/react-dom@18.0.0_react@18.0.0/node_modules/react-dom/cjs/react-dom.development.js:17342:16)
      at setReporte (app/reportes/germinacion/page.tsx:32:7)

    console.error
      Warning: An update to ReporteGerminacionPage inside a test was not wrapped in act(...).
      
      When testing, code that causes React state updates should be wrapped into act(...):
      
      act(() => {
        /* fire events that update state */
      });
      /* assert on the output */
      
      This ensures that you're testing the behavior the user would see in the browser. Learn more at 
https://reactjs.org/link/wrap-tests-with-act
          at ReporteGerminacionPage (C:\Users\Usuario\Documents\GitHub\INIA\inia-frontend-jc\app\reportes\germinacion\page.tsx:15:49)

    [0m [90m 34 |[39m       console[33m.[39merror([32m"Error al cargar reporte:"[39m[33m,[39m error)
     [90m 35 |[39m     } [36mfinally[39m {
    [31m[1m>[22m[39m[90m 36 |[39m       setIsLoading([36mfalse[39m)
     [90m    |[39m       [31m[1m^[22m[39m
     [90m 37 |[39m     }
     [90m 38 |[39m   }
     [90m 39 |[39m[0m

      at printWarning (node_modules/.pnpm/react-dom@18.0.0_react@18.0.0/node_modules/react-dom/cjs/react-dom.development.js:86:30)
      at error (node_modules/.pnpm/react-dom@18.0.0_react@18.0.0/node_modules/react-dom/cjs/react-dom.development.js:60:7)
      at warnIfUpdatesNotWrappedWithActDEV 
(node_modules/.pnpm/react-dom@18.0.0_react@18.0.0/node_modules/react-dom/cjs/react-dom.development.js:27381:9)
      at scheduleUpdateOnFiber 
(node_modules/.pnpm/react-dom@18.0.0_react@18.0.0/node_modules/react-dom/cjs/react-dom.development.js:25292:5)
      at dispatchSetState 
(node_modules/.pnpm/react-dom@18.0.0_react@18.0.0/node_modules/react-dom/cjs/react-dom.development.js:17342:16)
      at setIsLoading (app/reportes/germinacion/page.tsx:36:7)

    console.log
      Respuesta del backend: {
        totalGerminaciones: 150,
        mediaGerminacionPorEspecie: { Trigo: 85.5, 'Ma├¡z': 92.3, Soja: 88.7 },
        tiempoPromedioPrimerConteo: { Trigo: 5.2, 'Ma├¡z': 4.8, Soja: 6.1 },
        tiempoPromedioUltimoConteo: { Trigo: 12.5, 'Ma├¡z': 10.3, Soja: 14.2 }
      }

      at log (app/reportes/germinacion/page.tsx:28:15)

    console.log
      mediaGerminacionPorEspecie: { Trigo: 85.5, 'Ma├¡z': 92.3, Soja: 88.7 }

      at log (app/reportes/germinacion/page.tsx:29:15)

    console.log
      tiempoPromedioPrimerConteo: { Trigo: 5.2, 'Ma├¡z': 4.8, Soja: 6.1 }

      at log (app/reportes/germinacion/page.tsx:30:15)

    console.log
      tiempoPromedioUltimoConteo: { Trigo: 12.5, 'Ma├¡z': 10.3, Soja: 14.2 }

      at log (app/reportes/germinacion/page.tsx:31:15)

    console.log
      Respuesta del backend: {
        totalGerminaciones: 150,
        mediaGerminacionPorEspecie: { Trigo: 85.5, 'Ma├¡z': 92.3, Soja: 88.7 },
        tiempoPromedioPrimerConteo: { Trigo: 5.2, 'Ma├¡z': 4.8, Soja: 6.1 },
        tiempoPromedioUltimoConteo: { Trigo: 12.5, 'Ma├¡z': 10.3, Soja: 14.2 }
      }

      at log (app/reportes/germinacion/page.tsx:28:15)

    console.log
      mediaGerminacionPorEspecie: { Trigo: 85.5, 'Ma├¡z': 92.3, Soja: 88.7 }

      at log (app/reportes/germinacion/page.tsx:29:15)

    console.log
      tiempoPromedioPrimerConteo: { Trigo: 5.2, 'Ma├¡z': 4.8, Soja: 6.1 }

      at log (app/reportes/germinacion/page.tsx:30:15)

    console.log
      tiempoPromedioUltimoConteo: { Trigo: 12.5, 'Ma├¡z': 10.3, Soja: 14.2 }

      at log (app/reportes/germinacion/page.tsx:31:15)

    console.log
      Respuesta del backend: {
        totalGerminaciones: 150,
        mediaGerminacionPorEspecie: { Trigo: 85.5, 'Ma├¡z': 92.3, Soja: 88.7 },
        tiempoPromedioPrimerConteo: { Trigo: 5.2, 'Ma├¡z': 4.8, Soja: 6.1 },
        tiempoPromedioUltimoConteo: { Trigo: 12.5, 'Ma├¡z': 10.3, Soja: 14.2 }
      }

      at log (app/reportes/germinacion/page.tsx:28:15)

    console.log
      mediaGerminacionPorEspecie: { Trigo: 85.5, 'Ma├¡z': 92.3, Soja: 88.7 }

      at log (app/reportes/germinacion/page.tsx:29:15)

    console.log
      tiempoPromedioPrimerConteo: { Trigo: 5.2, 'Ma├¡z': 4.8, Soja: 6.1 }

      at log (app/reportes/germinacion/page.tsx:30:15)

    console.log
      tiempoPromedioUltimoConteo: { Trigo: 12.5, 'Ma├¡z': 10.3, Soja: 14.2 }

      at log (app/reportes/germinacion/page.tsx:31:15)

    console.error
      Warning: An update to ReporteGerminacionPage inside a test was not wrapped in act(...).
      
      When testing, code that causes React state updates should be wrapped into act(...):
      
      act(() => {
        /* fire events that update state */
      });
      /* assert on the output */
      
      This ensures that you're testing the behavior the user would see in the browser. Learn more at 
https://reactjs.org/link/wrap-tests-with-act
          at ReporteGerminacionPage (C:\Users\Usuario\Documents\GitHub\INIA\inia-frontend-jc\app\reportes\germinacion\page.tsx:15:49)

    [0m [90m 30 |[39m       console[33m.[39mlog([32m'tiempoPromedioPrimerConteo:'[39m[33m,[39m 
data[33m?[39m[33m.[39mtiempoPromedioPrimerConteo)
     [90m 31 |[39m       console[33m.[39mlog([32m'tiempoPromedioUltimoConteo:'[39m[33m,[39m 
data[33m?[39m[33m.[39mtiempoPromedioUltimoConteo)
    [31m[1m>[22m[39m[90m 32 |[39m       setReporte(data)
     [90m    |[39m       [31m[1m^[22m[39m
     [90m 33 |[39m     } [36mcatch[39m (error) {
     [90m 34 |[39m       console[33m.[39merror([32m"Error al cargar reporte:"[39m[33m,[39m error)
     [90m 35 |[39m     } [36mfinally[39m {[0m

      at printWarning (node_modules/.pnpm/react-dom@18.0.0_react@18.0.0/node_modules/react-dom/cjs/react-dom.development.js:86:30)
      at error (node_modules/.pnpm/react-dom@18.0.0_react@18.0.0/node_modules/react-dom/cjs/react-dom.development.js:60:7)
      at warnIfUpdatesNotWrappedWithActDEV 
(node_modules/.pnpm/react-dom@18.0.0_react@18.0.0/node_modules/react-dom/cjs/react-dom.development.js:27381:9)
      at scheduleUpdateOnFiber 
(node_modules/.pnpm/react-dom@18.0.0_react@18.0.0/node_modules/react-dom/cjs/react-dom.development.js:25292:5)
      at dispatchSetState 
(node_modules/.pnpm/react-dom@18.0.0_react@18.0.0/node_modules/react-dom/cjs/react-dom.development.js:17342:16)
      at setReporte (app/reportes/germinacion/page.tsx:32:7)

    console.error
      Warning: An update to ReporteGerminacionPage inside a test was not wrapped in act(...).
      
      When testing, code that causes React state updates should be wrapped into act(...):
      
      act(() => {
        /* fire events that update state */
      });
      /* assert on the output */
      
      This ensures that you're testing the behavior the user would see in the browser. Learn more at 
https://reactjs.org/link/wrap-tests-with-act
          at ReporteGerminacionPage (C:\Users\Usuario\Documents\GitHub\INIA\inia-frontend-jc\app\reportes\germinacion\page.tsx:15:49)

    [0m [90m 34 |[39m       console[33m.[39merror([32m"Error al cargar reporte:"[39m[33m,[39m error)
     [90m 35 |[39m     } [36mfinally[39m {
    [31m[1m>[22m[39m[90m 36 |[39m       setIsLoading([36mfalse[39m)
     [90m    |[39m       [31m[1m^[22m[39m
     [90m 37 |[39m     }
     [90m 38 |[39m   }
     [90m 39 |[39m[0m

      at printWarning (node_modules/.pnpm/react-dom@18.0.0_react@18.0.0/node_modules/react-dom/cjs/react-dom.development.js:86:30)
      at error (node_modules/.pnpm/react-dom@18.0.0_react@18.0.0/node_modules/react-dom/cjs/react-dom.development.js:60:7)
      at warnIfUpdatesNotWrappedWithActDEV 
(node_modules/.pnpm/react-dom@18.0.0_react@18.0.0/node_modules/react-dom/cjs/react-dom.development.js:27381:9)
      at scheduleUpdateOnFiber 
(node_modules/.pnpm/react-dom@18.0.0_react@18.0.0/node_modules/react-dom/cjs/react-dom.development.js:25292:5)
      at dispatchSetState 
(node_modules/.pnpm/react-dom@18.0.0_react@18.0.0/node_modules/react-dom/cjs/react-dom.development.js:17342:16)
      at setIsLoading (app/reportes/germinacion/page.tsx:36:7)

    console.log
      Respuesta del backend: {
        totalGerminaciones: 150,
        mediaGerminacionPorEspecie: { Trigo: 85.5, 'Ma├¡z': 92.3, Soja: 88.7 },
        tiempoPromedioPrimerConteo: { Trigo: 5.2, 'Ma├¡z': 4.8, Soja: 6.1 },
        tiempoPromedioUltimoConteo: { Trigo: 12.5, 'Ma├¡z': 10.3, Soja: 14.2 }
      }

      at log (app/reportes/germinacion/page.tsx:28:15)

    console.log
      mediaGerminacionPorEspecie: { Trigo: 85.5, 'Ma├¡z': 92.3, Soja: 88.7 }

      at log (app/reportes/germinacion/page.tsx:29:15)

    console.log
      tiempoPromedioPrimerConteo: { Trigo: 5.2, 'Ma├¡z': 4.8, Soja: 6.1 }

      at log (app/reportes/germinacion/page.tsx:30:15)

    console.log
      tiempoPromedioUltimoConteo: { Trigo: 12.5, 'Ma├¡z': 10.3, Soja: 14.2 }

      at log (app/reportes/germinacion/page.tsx:31:15)

    console.error
      Warning: An update to ReporteGerminacionPage inside a test was not wrapped in act(...).
      
      When testing, code that causes React state updates should be wrapped into act(...):
      
      act(() => {
        /* fire events that update state */
      });
      /* assert on the output */
      
      This ensures that you're testing the behavior the user would see in the browser. Learn more at 
https://reactjs.org/link/wrap-tests-with-act
          at ReporteGerminacionPage (C:\Users\Usuario\Documents\GitHub\INIA\inia-frontend-jc\app\reportes\germinacion\page.tsx:15:49)

    [0m [90m 30 |[39m       console[33m.[39mlog([32m'tiempoPromedioPrimerConteo:'[39m[33m,[39m 
data[33m?[39m[33m.[39mtiempoPromedioPrimerConteo)
     [90m 31 |[39m       console[33m.[39mlog([32m'tiempoPromedioUltimoConteo:'[39m[33m,[39m 
data[33m?[39m[33m.[39mtiempoPromedioUltimoConteo)
    [31m[1m>[22m[39m[90m 32 |[39m       setReporte(data)
     [90m    |[39m       [31m[1m^[22m[39m
     [90m 33 |[39m     } [36mcatch[39m (error) {
     [90m 34 |[39m       console[33m.[39merror([32m"Error al cargar reporte:"[39m[33m,[39m error)
     [90m 35 |[39m     } [36mfinally[39m {[0m

      at printWarning (node_modules/.pnpm/react-dom@18.0.0_react@18.0.0/node_modules/react-dom/cjs/react-dom.development.js:86:30)
      at error (node_modules/.pnpm/react-dom@18.0.0_react@18.0.0/node_modules/react-dom/cjs/react-dom.development.js:60:7)
      at warnIfUpdatesNotWrappedWithActDEV 
(node_modules/.pnpm/react-dom@18.0.0_react@18.0.0/node_modules/react-dom/cjs/react-dom.development.js:27381:9)
      at scheduleUpdateOnFiber 
(node_modules/.pnpm/react-dom@18.0.0_react@18.0.0/node_modules/react-dom/cjs/react-dom.development.js:25292:5)
      at dispatchSetState 
(node_modules/.pnpm/react-dom@18.0.0_react@18.0.0/node_modules/react-dom/cjs/react-dom.development.js:17342:16)
      at setReporte (app/reportes/germinacion/page.tsx:32:7)

    console.error
      Warning: An update to ReporteGerminacionPage inside a test was not wrapped in act(...).
      
      When testing, code that causes React state updates should be wrapped into act(...):
      
      act(() => {
        /* fire events that update state */
      });
      /* assert on the output */
      
      This ensures that you're testing the behavior the user would see in the browser. Learn more at 
https://reactjs.org/link/wrap-tests-with-act
          at ReporteGerminacionPage (C:\Users\Usuario\Documents\GitHub\INIA\inia-frontend-jc\app\reportes\germinacion\page.tsx:15:49)

    [0m [90m 34 |[39m       console[33m.[39merror([32m"Error al cargar reporte:"[39m[33m,[39m error)
     [90m 35 |[39m     } [36mfinally[39m {
    [31m[1m>[22m[39m[90m 36 |[39m       setIsLoading([36mfalse[39m)
     [90m    |[39m       [31m[1m^[22m[39m
     [90m 37 |[39m     }
     [90m 38 |[39m   }
     [90m 39 |[39m[0m

      at printWarning (node_modules/.pnpm/react-dom@18.0.0_react@18.0.0/node_modules/react-dom/cjs/react-dom.development.js:86:30)
      at error (node_modules/.pnpm/react-dom@18.0.0_react@18.0.0/node_modules/react-dom/cjs/react-dom.development.js:60:7)
      at warnIfUpdatesNotWrappedWithActDEV 
(node_modules/.pnpm/react-dom@18.0.0_react@18.0.0/node_modules/react-dom/cjs/react-dom.development.js:27381:9)
      at scheduleUpdateOnFiber 
(node_modules/.pnpm/react-dom@18.0.0_react@18.0.0/node_modules/react-dom/cjs/react-dom.development.js:25292:5)
      at dispatchSetState 
(node_modules/.pnpm/react-dom@18.0.0_react@18.0.0/node_modules/react-dom/cjs/react-dom.development.js:17342:16)
      at setIsLoading (app/reportes/germinacion/page.tsx:36:7)

    console.log
      Respuesta del backend: {
        totalGerminaciones: 150,
        mediaGerminacionPorEspecie: { Trigo: 85.5, 'Ma├¡z': 92.3, Soja: 88.7 },
        tiempoPromedioPrimerConteo: { Trigo: 5.2, 'Ma├¡z': 4.8, Soja: 6.1 },
        tiempoPromedioUltimoConteo: { Trigo: 12.5, 'Ma├¡z': 10.3, Soja: 14.2 }
      }

      at log (app/reportes/germinacion/page.tsx:28:15)

    console.log
      mediaGerminacionPorEspecie: { Trigo: 85.5, 'Ma├¡z': 92.3, Soja: 88.7 }

      at log (app/reportes/germinacion/page.tsx:29:15)

    console.log
      tiempoPromedioPrimerConteo: { Trigo: 5.2, 'Ma├¡z': 4.8, Soja: 6.1 }

      at log (app/reportes/germinacion/page.tsx:30:15)

    console.log
      tiempoPromedioUltimoConteo: { Trigo: 12.5, 'Ma├¡z': 10.3, Soja: 14.2 }

      at log (app/reportes/germinacion/page.tsx:31:15)

    console.error
      Warning: An update to ReporteGerminacionPage inside a test was not wrapped in act(...).
      
      When testing, code that causes React state updates should be wrapped into act(...):
      
      act(() => {
        /* fire events that update state */
      });
      /* assert on the output */
      
      This ensures that you're testing the behavior the user would see in the browser. Learn more at 
https://reactjs.org/link/wrap-tests-with-act
          at ReporteGerminacionPage (C:\Users\Usuario\Documents\GitHub\INIA\inia-frontend-jc\app\reportes\germinacion\page.tsx:15:49)

    [0m [90m 30 |[39m       console[33m.[39mlog([32m'tiempoPromedioPrimerConteo:'[39m[33m,[39m 
data[33m?[39m[33m.[39mtiempoPromedioPrimerConteo)
     [90m 31 |[39m       console[33m.[39mlog([32m'tiempoPromedioUltimoConteo:'[39m[33m,[39m 
data[33m?[39m[33m.[39mtiempoPromedioUltimoConteo)
    [31m[1m>[22m[39m[90m 32 |[39m       setReporte(data)
     [90m    |[39m       [31m[1m^[22m[39m
     [90m 33 |[39m     } [36mcatch[39m (error) {
     [90m 34 |[39m       console[33m.[39merror([32m"Error al cargar reporte:"[39m[33m,[39m error)
     [90m 35 |[39m     } [36mfinally[39m {[0m

      at printWarning (node_modules/.pnpm/react-dom@18.0.0_react@18.0.0/node_modules/react-dom/cjs/react-dom.development.js:86:30)
      at error (node_modules/.pnpm/react-dom@18.0.0_react@18.0.0/node_modules/react-dom/cjs/react-dom.development.js:60:7)
      at warnIfUpdatesNotWrappedWithActDEV 
(node_modules/.pnpm/react-dom@18.0.0_react@18.0.0/node_modules/react-dom/cjs/react-dom.development.js:27381:9)
      at scheduleUpdateOnFiber 
(node_modules/.pnpm/react-dom@18.0.0_react@18.0.0/node_modules/react-dom/cjs/react-dom.development.js:25292:5)
      at dispatchSetState 
(node_modules/.pnpm/react-dom@18.0.0_react@18.0.0/node_modules/react-dom/cjs/react-dom.development.js:17342:16)
      at setReporte (app/reportes/germinacion/page.tsx:32:7)

    console.error
      Warning: An update to ReporteGerminacionPage inside a test was not wrapped in act(...).
      
      When testing, code that causes React state updates should be wrapped into act(...):
      
      act(() => {
        /* fire events that update state */
      });
      /* assert on the output */
      
      This ensures that you're testing the behavior the user would see in the browser. Learn more at 
https://reactjs.org/link/wrap-tests-with-act
          at ReporteGerminacionPage (C:\Users\Usuario\Documents\GitHub\INIA\inia-frontend-jc\app\reportes\germinacion\page.tsx:15:49)

    [0m [90m 34 |[39m       console[33m.[39merror([32m"Error al cargar reporte:"[39m[33m,[39m error)
     [90m 35 |[39m     } [36mfinally[39m {
    [31m[1m>[22m[39m[90m 36 |[39m       setIsLoading([36mfalse[39m)
     [90m    |[39m       [31m[1m^[22m[39m
     [90m 37 |[39m     }
     [90m 38 |[39m   }
     [90m 39 |[39m[0m

      at printWarning (node_modules/.pnpm/react-dom@18.0.0_react@18.0.0/node_modules/react-dom/cjs/react-dom.development.js:86:30)
      at error (node_modules/.pnpm/react-dom@18.0.0_react@18.0.0/node_modules/react-dom/cjs/react-dom.development.js:60:7)
      at warnIfUpdatesNotWrappedWithActDEV 
(node_modules/.pnpm/react-dom@18.0.0_react@18.0.0/node_modules/react-dom/cjs/react-dom.development.js:27381:9)
      at scheduleUpdateOnFiber 
(node_modules/.pnpm/react-dom@18.0.0_react@18.0.0/node_modules/react-dom/cjs/react-dom.development.js:25292:5)
      at dispatchSetState 
(node_modules/.pnpm/react-dom@18.0.0_react@18.0.0/node_modules/react-dom/cjs/react-dom.development.js:17342:16)
      at setIsLoading (app/reportes/germinacion/page.tsx:36:7)

    console.log
      Respuesta del backend: {
        totalGerminaciones: 150,
        mediaGerminacionPorEspecie: { Trigo: 85.5, 'Ma├¡z': 92.3, Soja: 88.7 },
        tiempoPromedioPrimerConteo: { Trigo: 5.2, 'Ma├¡z': 4.8, Soja: 6.1 },
        tiempoPromedioUltimoConteo: { Trigo: 12.5, 'Ma├¡z': 10.3, Soja: 14.2 }
      }

      at log (app/reportes/germinacion/page.tsx:28:15)

    console.log
      mediaGerminacionPorEspecie: { Trigo: 85.5, 'Ma├¡z': 92.3, Soja: 88.7 }

      at log (app/reportes/germinacion/page.tsx:29:15)

    console.log
      tiempoPromedioPrimerConteo: { Trigo: 5.2, 'Ma├¡z': 4.8, Soja: 6.1 }

      at log (app/reportes/germinacion/page.tsx:30:15)

    console.log
      tiempoPromedioUltimoConteo: { Trigo: 12.5, 'Ma├¡z': 10.3, Soja: 14.2 }

      at log (app/reportes/germinacion/page.tsx:31:15)

    console.log
      Respuesta del backend: {
        totalGerminaciones: 150,
        mediaGerminacionPorEspecie: { Trigo: 85.5, 'Ma├¡z': 92.3, Soja: 88.7 },
        tiempoPromedioPrimerConteo: { Trigo: 5.2, 'Ma├¡z': 4.8, Soja: 6.1 },
        tiempoPromedioUltimoConteo: { Trigo: 12.5, 'Ma├¡z': 10.3, Soja: 14.2 }
      }

      at log (app/reportes/germinacion/page.tsx:28:15)

    console.log
      mediaGerminacionPorEspecie: { Trigo: 85.5, 'Ma├¡z': 92.3, Soja: 88.7 }

      at log (app/reportes/germinacion/page.tsx:29:15)

    console.log
      tiempoPromedioPrimerConteo: { Trigo: 5.2, 'Ma├¡z': 4.8, Soja: 6.1 }

      at log (app/reportes/germinacion/page.tsx:30:15)

    console.log
      tiempoPromedioUltimoConteo: { Trigo: 12.5, 'Ma├¡z': 10.3, Soja: 14.2 }

      at log (app/reportes/germinacion/page.tsx:31:15)

    console.log
      Respuesta del backend: {
        totalGerminaciones: 150,
        mediaGerminacionPorEspecie: { Trigo: 85.5, 'Ma├¡z': 92.3, Soja: 88.7 },
        tiempoPromedioPrimerConteo: { Trigo: 5.2, 'Ma├¡z': 4.8, Soja: 6.1 },
        tiempoPromedioUltimoConteo: { Trigo: 12.5, 'Ma├¡z': 10.3, Soja: 14.2 }
      }

      at log (app/reportes/germinacion/page.tsx:28:15)

    console.log
      mediaGerminacionPorEspecie: { Trigo: 85.5, 'Ma├¡z': 92.3, Soja: 88.7 }

      at log (app/reportes/germinacion/page.tsx:29:15)

    console.log
      tiempoPromedioPrimerConteo: { Trigo: 5.2, 'Ma├¡z': 4.8, Soja: 6.1 }

      at log (app/reportes/germinacion/page.tsx:30:15)

    console.log
      tiempoPromedioUltimoConteo: { Trigo: 12.5, 'Ma├¡z': 10.3, Soja: 14.2 }

      at log (app/reportes/germinacion/page.tsx:31:15)

    console.log
      Respuesta del backend: {
        totalGerminaciones: 150,
        mediaGerminacionPorEspecie: { Trigo: 85.5, 'Ma├¡z': 92.3, Soja: 88.7 },
        tiempoPromedioPrimerConteo: { Trigo: 5.2, 'Ma├¡z': 4.8, Soja: 6.1 },
        tiempoPromedioUltimoConteo: { Trigo: 12.5, 'Ma├¡z': 10.3, Soja: 14.2 }
      }

      at log (app/reportes/germinacion/page.tsx:28:15)

    console.log
      mediaGerminacionPorEspecie: { Trigo: 85.5, 'Ma├¡z': 92.3, Soja: 88.7 }

      at log (app/reportes/germinacion/page.tsx:29:15)

    console.log
      tiempoPromedioPrimerConteo: { Trigo: 5.2, 'Ma├¡z': 4.8, Soja: 6.1 }

      at log (app/reportes/germinacion/page.tsx:30:15)

    console.log
      tiempoPromedioUltimoConteo: { Trigo: 12.5, 'Ma├¡z': 10.3, Soja: 14.2 }

      at log (app/reportes/germinacion/page.tsx:31:15)

    console.log
      Respuesta del backend: {
        totalGerminaciones: 150,
        mediaGerminacionPorEspecie: { Trigo: 85.5, 'Ma├¡z': 92.3, Soja: 88.7 },
        tiempoPromedioPrimerConteo: { Trigo: 5.2, 'Ma├¡z': 4.8, Soja: 6.1 },
        tiempoPromedioUltimoConteo: { Trigo: 12.5, 'Ma├¡z': 10.3, Soja: 14.2 }
      }

      at log (app/reportes/germinacion/page.tsx:28:15)

    console.log
      mediaGerminacionPorEspecie: { Trigo: 85.5, 'Ma├¡z': 92.3, Soja: 88.7 }

      at log (app/reportes/germinacion/page.tsx:29:15)

    console.log
      tiempoPromedioPrimerConteo: { Trigo: 5.2, 'Ma├¡z': 4.8, Soja: 6.1 }

      at log (app/reportes/germinacion/page.tsx:30:15)

    console.log
      tiempoPromedioUltimoConteo: { Trigo: 12.5, 'Ma├¡z': 10.3, Soja: 14.2 }

      at log (app/reportes/germinacion/page.tsx:31:15)

    console.log
      Respuesta del backend: {
        totalGerminaciones: 150,
        mediaGerminacionPorEspecie: { Trigo: 85.5, 'Ma├¡z': 92.3, Soja: 88.7 },
        tiempoPromedioPrimerConteo: { Trigo: 5.2, 'Ma├¡z': 4.8, Soja: 6.1 },
        tiempoPromedioUltimoConteo: { Trigo: 12.5, 'Ma├¡z': 10.3, Soja: 14.2 }
      }

      at log (app/reportes/germinacion/page.tsx:28:15)

    console.log
      mediaGerminacionPorEspecie: { Trigo: 85.5, 'Ma├¡z': 92.3, Soja: 88.7 }

      at log (app/reportes/germinacion/page.tsx:29:15)

    console.log
      tiempoPromedioPrimerConteo: { Trigo: 5.2, 'Ma├¡z': 4.8, Soja: 6.1 }

      at log (app/reportes/germinacion/page.tsx:30:15)

    console.log
      tiempoPromedioUltimoConteo: { Trigo: 12.5, 'Ma├¡z': 10.3, Soja: 14.2 }

      at log (app/reportes/germinacion/page.tsx:31:15)

    console.log
      Respuesta del backend: {
        totalGerminaciones: 150,
        mediaGerminacionPorEspecie: { Trigo: 85.5, 'Ma├¡z': 92.3, Soja: 88.7 },
        tiempoPromedioPrimerConteo: { Trigo: 5.2, 'Ma├¡z': 4.8, Soja: 6.1 },
        tiempoPromedioUltimoConteo: { Trigo: 12.5, 'Ma├¡z': 10.3, Soja: 14.2 }
      }

      at log (app/reportes/germinacion/page.tsx:28:15)

    console.log
      mediaGerminacionPorEspecie: { Trigo: 85.5, 'Ma├¡z': 92.3, Soja: 88.7 }

      at log (app/reportes/germinacion/page.tsx:29:15)

    console.log
      tiempoPromedioPrimerConteo: { Trigo: 5.2, 'Ma├¡z': 4.8, Soja: 6.1 }

      at log (app/reportes/germinacion/page.tsx:30:15)

    console.log
      tiempoPromedioUltimoConteo: { Trigo: 12.5, 'Ma├¡z': 10.3, Soja: 14.2 }

      at log (app/reportes/germinacion/page.tsx:31:15)

    console.log
      Respuesta del backend: null

      at log (app/reportes/germinacion/page.tsx:28:15)

    console.log
      mediaGerminacionPorEspecie: undefined

      at log (app/reportes/germinacion/page.tsx:29:15)

    console.log
      tiempoPromedioPrimerConteo: undefined

      at log (app/reportes/germinacion/page.tsx:30:15)

    console.log
      tiempoPromedioUltimoConteo: undefined

      at log (app/reportes/germinacion/page.tsx:31:15)

    console.log
      Respuesta del backend: {
        totalGerminaciones: 150,
        mediaGerminacionPorEspecie: { Trigo: 85.5, 'Ma├¡z': 92.3, Soja: 88.7 },
        tiempoPromedioPrimerConteo: { Trigo: 5.2, 'Ma├¡z': 4.8, Soja: 6.1 },
        tiempoPromedioUltimoConteo: { Trigo: 12.5, 'Ma├¡z': 10.3, Soja: 14.2 }
      }

      at log (app/reportes/germinacion/page.tsx:28:15)

    console.log
      mediaGerminacionPorEspecie: { Trigo: 85.5, 'Ma├¡z': 92.3, Soja: 88.7 }

      at log (app/reportes/germinacion/page.tsx:29:15)

    console.log
      tiempoPromedioPrimerConteo: { Trigo: 5.2, 'Ma├¡z': 4.8, Soja: 6.1 }

      at log (app/reportes/germinacion/page.tsx:30:15)

    console.log
      tiempoPromedioUltimoConteo: { Trigo: 12.5, 'Ma├¡z': 10.3, Soja: 14.2 }

      at log (app/reportes/germinacion/page.tsx:31:15)

    console.log
      Respuesta del backend: {
        totalGerminaciones: 150,
        mediaGerminacionPorEspecie: { Trigo: 85.5, 'Ma├¡z': 92.3, Soja: 88.7 },
        tiempoPromedioPrimerConteo: { Trigo: 5.2, 'Ma├¡z': 4.8, Soja: 6.1 },
        tiempoPromedioUltimoConteo: { Trigo: 12.5, 'Ma├¡z': 10.3, Soja: 14.2 }
      }

      at log (app/reportes/germinacion/page.tsx:28:15)

    console.log
      mediaGerminacionPorEspecie: { Trigo: 85.5, 'Ma├¡z': 92.3, Soja: 88.7 }

      at log (app/reportes/germinacion/page.tsx:29:15)

    console.log
      tiempoPromedioPrimerConteo: { Trigo: 5.2, 'Ma├¡z': 4.8, Soja: 6.1 }

      at log (app/reportes/germinacion/page.tsx:30:15)

    console.log
      tiempoPromedioUltimoConteo: { Trigo: 12.5, 'Ma├¡z': 10.3, Soja: 14.2 }

      at log (app/reportes/germinacion/page.tsx:31:15)

    console.log
      Respuesta del backend: {
        totalGerminaciones: 150,
        mediaGerminacionPorEspecie: {},
        tiempoPromedioPrimerConteo: { Trigo: 5.2, 'Ma├¡z': 4.8, Soja: 6.1 },
        tiempoPromedioUltimoConteo: { Trigo: 12.5, 'Ma├¡z': 10.3, Soja: 14.2 }
      }

      at log (app/reportes/germinacion/page.tsx:28:15)

    console.log
      mediaGerminacionPorEspecie: {}

      at log (app/reportes/germinacion/page.tsx:29:15)

    console.log
      tiempoPromedioPrimerConteo: { Trigo: 5.2, 'Ma├¡z': 4.8, Soja: 6.1 }

      at log (app/reportes/germinacion/page.tsx:30:15)

    console.log
      tiempoPromedioUltimoConteo: { Trigo: 12.5, 'Ma├¡z': 10.3, Soja: 14.2 }

      at log (app/reportes/germinacion/page.tsx:31:15)

    console.log
      Respuesta del backend: {
        totalGerminaciones: 150,
        mediaGerminacionPorEspecie: { Trigo: 85.5, 'Ma├¡z': 92.3, Soja: 88.7 },
        tiempoPromedioPrimerConteo: { Trigo: 5.2, 'Ma├¡z': 4.8, Soja: 6.1 },
        tiempoPromedioUltimoConteo: { Trigo: 12.5, 'Ma├¡z': 10.3, Soja: 14.2 }
      }

      at log (app/reportes/germinacion/page.tsx:28:15)

    console.log
      mediaGerminacionPorEspecie: { Trigo: 85.5, 'Ma├¡z': 92.3, Soja: 88.7 }

      at log (app/reportes/germinacion/page.tsx:29:15)

    console.log
      tiempoPromedioPrimerConteo: { Trigo: 5.2, 'Ma├¡z': 4.8, Soja: 6.1 }

      at log (app/reportes/germinacion/page.tsx:30:15)

    console.log
      tiempoPromedioUltimoConteo: { Trigo: 12.5, 'Ma├¡z': 10.3, Soja: 14.2 }

      at log (app/reportes/germinacion/page.tsx:31:15)

    console.log
      Respuesta del backend: {
        totalGerminaciones: 150,
        mediaGerminacionPorEspecie: { Trigo: 85.5, 'Ma├¡z': 92.3, Soja: 88.7 },
        tiempoPromedioPrimerConteo: { Trigo: 5.2, 'Ma├¡z': 4.8, Soja: 6.1 },
        tiempoPromedioUltimoConteo: { Trigo: 12.5, 'Ma├¡z': 10.3, Soja: 14.2 }
      }

      at log (app/reportes/germinacion/page.tsx:28:15)

    console.log
      mediaGerminacionPorEspecie: { Trigo: 85.5, 'Ma├¡z': 92.3, Soja: 88.7 }

      at log (app/reportes/germinacion/page.tsx:29:15)

    console.log
      tiempoPromedioPrimerConteo: { Trigo: 5.2, 'Ma├¡z': 4.8, Soja: 6.1 }

      at log (app/reportes/germinacion/page.tsx:30:15)

    console.log
      tiempoPromedioUltimoConteo: { Trigo: 12.5, 'Ma├¡z': 10.3, Soja: 14.2 }

      at log (app/reportes/germinacion/page.tsx:31:15)

    console.log
      Respuesta del backend: {
        totalGerminaciones: 150,
        mediaGerminacionPorEspecie: { Trigo: 85.5, 'Ma├¡z': 92.3, Soja: 88.7 },
        tiempoPromedioPrimerConteo: { Trigo: 5.2, 'Ma├¡z': 4.8, Soja: 6.1 },
        tiempoPromedioUltimoConteo: { Trigo: 12.5, 'Ma├¡z': 10.3, Soja: 14.2 }
      }

      at log (app/reportes/germinacion/page.tsx:28:15)

    console.log
      mediaGerminacionPorEspecie: { Trigo: 85.5, 'Ma├¡z': 92.3, Soja: 88.7 }

      at log (app/reportes/germinacion/page.tsx:29:15)

    console.log
      tiempoPromedioPrimerConteo: { Trigo: 5.2, 'Ma├¡z': 4.8, Soja: 6.1 }

      at log (app/reportes/germinacion/page.tsx:30:15)

    console.log
      tiempoPromedioUltimoConteo: { Trigo: 12.5, 'Ma├¡z': 10.3, Soja: 14.2 }

      at log (app/reportes/germinacion/page.tsx:31:15)

    console.log
      Respuesta del backend: {
        totalGerminaciones: 150,
        mediaGerminacionPorEspecie: { Trigo: 85.5, 'Ma├¡z': 92.3, Soja: 88.7 },
        tiempoPromedioPrimerConteo: {},
        tiempoPromedioUltimoConteo: { Trigo: 12.5, 'Ma├¡z': 10.3, Soja: 14.2 }
      }

      at log (app/reportes/germinacion/page.tsx:28:15)

    console.log
      mediaGerminacionPorEspecie: { Trigo: 85.5, 'Ma├¡z': 92.3, Soja: 88.7 }

      at log (app/reportes/germinacion/page.tsx:29:15)

    console.log
      tiempoPromedioPrimerConteo: {}

      at log (app/reportes/germinacion/page.tsx:30:15)

    console.log
      tiempoPromedioUltimoConteo: { Trigo: 12.5, 'Ma├¡z': 10.3, Soja: 14.2 }

      at log (app/reportes/germinacion/page.tsx:31:15)

    console.log
      Respuesta del backend: {
        totalGerminaciones: 150,
        mediaGerminacionPorEspecie: { Trigo: 85.5, 'Ma├¡z': 92.3, Soja: 88.7 },
        tiempoPromedioPrimerConteo: { Trigo: 5.2, 'Ma├¡z': 4.8, Soja: 6.1 },
        tiempoPromedioUltimoConteo: { Trigo: 12.5, 'Ma├¡z': 10.3, Soja: 14.2 }
      }

      at log (app/reportes/germinacion/page.tsx:28:15)

    console.log
      mediaGerminacionPorEspecie: { Trigo: 85.5, 'Ma├¡z': 92.3, Soja: 88.7 }

      at log (app/reportes/germinacion/page.tsx:29:15)

    console.log
      tiempoPromedioPrimerConteo: { Trigo: 5.2, 'Ma├¡z': 4.8, Soja: 6.1 }

      at log (app/reportes/germinacion/page.tsx:30:15)

    console.log
      tiempoPromedioUltimoConteo: { Trigo: 12.5, 'Ma├¡z': 10.3, Soja: 14.2 }

      at log (app/reportes/germinacion/page.tsx:31:15)

    console.log
      Respuesta del backend: {
        totalGerminaciones: 150,
        mediaGerminacionPorEspecie: { Trigo: 85.5, 'Ma├¡z': 92.3, Soja: 88.7 },
        tiempoPromedioPrimerConteo: { Trigo: 5.2, 'Ma├¡z': 4.8, Soja: 6.1 },
        tiempoPromedioUltimoConteo: { Trigo: 12.5, 'Ma├¡z': 10.3, Soja: 14.2 }
      }

      at log (app/reportes/germinacion/page.tsx:28:15)

    console.log
      mediaGerminacionPorEspecie: { Trigo: 85.5, 'Ma├¡z': 92.3, Soja: 88.7 }

      at log (app/reportes/germinacion/page.tsx:29:15)

    console.log
      tiempoPromedioPrimerConteo: { Trigo: 5.2, 'Ma├¡z': 4.8, Soja: 6.1 }

      at log (app/reportes/germinacion/page.tsx:30:15)

    console.log
      tiempoPromedioUltimoConteo: { Trigo: 12.5, 'Ma├¡z': 10.3, Soja: 14.2 }

      at log (app/reportes/germinacion/page.tsx:31:15)

    console.log
      Respuesta del backend: {
        totalGerminaciones: 150,
        mediaGerminacionPorEspecie: { Trigo: 85.5, 'Ma├¡z': 92.3, Soja: 88.7 },
        tiempoPromedioPrimerConteo: { Trigo: 5.2, 'Ma├¡z': 4.8, Soja: 6.1 },
        tiempoPromedioUltimoConteo: {}
      }

      at log (app/reportes/germinacion/page.tsx:28:15)

    console.log
      mediaGerminacionPorEspecie: { Trigo: 85.5, 'Ma├¡z': 92.3, Soja: 88.7 }

      at log (app/reportes/germinacion/page.tsx:29:15)

    console.log
      tiempoPromedioPrimerConteo: { Trigo: 5.2, 'Ma├¡z': 4.8, Soja: 6.1 }

      at log (app/reportes/germinacion/page.tsx:30:15)

    console.log
      tiempoPromedioUltimoConteo: {}

      at log (app/reportes/germinacion/page.tsx:31:15)

    console.error
      Error al cargar reporte: Error: Error
          at Object.<anonymous> 
(C:\Users\Usuario\Documents\GitHub\INIA\inia-frontend-jc\__tests__\app\reportes\germinacion\page.test.tsx:367:57)
          at Promise.then.completed (C:\Users\Usuario\Documents\GitHub\INIA\inia-frontend-jc\node_modules\.pnpm\jest-circus@29.7.0\no
de_modules\jest-circus\build\utils.js:298:28)
          at new Promise (<anonymous>)
          at callAsyncCircusFn (C:\Users\Usuario\Documents\GitHub\INIA\inia-frontend-jc\node_modules\.pnpm\jest-circus@29.7.0\node_mo
dules\jest-circus\build\utils.js:231:10)
          at _callCircusTest (C:\Users\Usuario\Documents\GitHub\INIA\inia-frontend-jc\node_modules\.pnpm\jest-circus@29.7.0\node_modu
les\jest-circus\build\run.js:316:40)
          at _runTest (C:\Users\Usuario\Documents\GitHub\INIA\inia-frontend-jc\node_modules\.pnpm\jest-circus@29.7.0\node_modules\jes
t-circus\build\run.js:252:3)
          at _runTestsForDescribeBlock (C:\Users\Usuario\Documents\GitHub\INIA\inia-frontend-jc\node_modules\.pnpm\jest-circus@29.7.0
\node_modules\jest-circus\build\run.js:126:9)
          at _runTestsForDescribeBlock (C:\Users\Usuario\Documents\GitHub\INIA\inia-frontend-jc\node_modules\.pnpm\jest-circus@29.7.0
\node_modules\jest-circus\build\run.js:121:9)
          at _runTestsForDescribeBlock (C:\Users\Usuario\Documents\GitHub\INIA\inia-frontend-jc\node_modules\.pnpm\jest-circus@29.7.0
\node_modules\jest-circus\build\run.js:121:9)
          at run (C:\Users\Usuario\Documents\GitHub\INIA\inia-frontend-jc\node_modules\.pnpm\jest-circus@29.7.0\node_modules\jest-cir
cus\build\run.js:71:3)
          at runAndTransformResultsToJestFormat (C:\Users\Usuario\Documents\GitHub\INIA\inia-frontend-jc\node_modules\.pnpm\jest-circ
us@29.7.0\node_modules\jest-circus\build\legacy-code-todo-rewrite\jestAdapterInit.js:122:21)
          at jestAdapter (C:\Users\Usuario\Documents\GitHub\INIA\inia-frontend-jc\node_modules\.pnpm\jest-circus@29.7.0\node_modules\
jest-circus\build\legacy-code-todo-rewrite\jestAdapter.js:79:19)
          at runTestInternal (C:\Users\Usuario\Documents\GitHub\INIA\inia-frontend-jc\node_modules\.pnpm\jest-runner@29.7.0\node_modu
les\jest-runner\build\runTest.js:367:16)
          at runTest (C:\Users\Usuario\Documents\GitHub\INIA\inia-frontend-jc\node_modules\.pnpm\jest-runner@29.7.0\node_modules\jest
-runner\build\runTest.js:444:34)
          at Object.worker (C:\Users\Usuario\Documents\GitHub\INIA\inia-frontend-jc\node_modules\.pnpm\jest-runner@29.7.0\node_module
s\jest-runner\build\testWorker.js:106:12)

    [0m [90m 32 |[39m       setReporte(data)
     [90m 33 |[39m     } [36mcatch[39m (error) {
    [31m[1m>[22m[39m[90m 34 |[39m       console[33m.[39merror([32m"Error al cargar reporte:"[39m[33m,[39m error)
     [90m    |[39m               [31m[1m^[22m[39m
     [90m 35 |[39m     } [36mfinally[39m {
     [90m 36 |[39m       setIsLoading([36mfalse[39m)
     [90m 37 |[39m     }[0m

      at error (app/reportes/germinacion/page.tsx:34:15)

    console.error
      Error al cargar reporte: Error: Error
          at Object.<anonymous> 
(C:\Users\Usuario\Documents\GitHub\INIA\inia-frontend-jc\__tests__\app\reportes\germinacion\page.test.tsx:377:61)
          at Promise.then.completed (C:\Users\Usuario\Documents\GitHub\INIA\inia-frontend-jc\node_modules\.pnpm\jest-circus@29.7.0\no
de_modules\jest-circus\build\utils.js:298:28)
          at new Promise (<anonymous>)
          at callAsyncCircusFn (C:\Users\Usuario\Documents\GitHub\INIA\inia-frontend-jc\node_modules\.pnpm\jest-circus@29.7.0\node_mo
dules\jest-circus\build\utils.js:231:10)
          at _callCircusTest (C:\Users\Usuario\Documents\GitHub\INIA\inia-frontend-jc\node_modules\.pnpm\jest-circus@29.7.0\node_modu
les\jest-circus\build\run.js:316:40)
          at _runTest (C:\Users\Usuario\Documents\GitHub\INIA\inia-frontend-jc\node_modules\.pnpm\jest-circus@29.7.0\node_modules\jes
t-circus\build\run.js:252:3)
          at _runTestsForDescribeBlock (C:\Users\Usuario\Documents\GitHub\INIA\inia-frontend-jc\node_modules\.pnpm\jest-circus@29.7.0
\node_modules\jest-circus\build\run.js:126:9)
          at _runTestsForDescribeBlock (C:\Users\Usuario\Documents\GitHub\INIA\inia-frontend-jc\node_modules\.pnpm\jest-circus@29.7.0
\node_modules\jest-circus\build\run.js:121:9)
          at _runTestsForDescribeBlock (C:\Users\Usuario\Documents\GitHub\INIA\inia-frontend-jc\node_modules\.pnpm\jest-circus@29.7.0
\node_modules\jest-circus\build\run.js:121:9)
          at run (C:\Users\Usuario\Documents\GitHub\INIA\inia-frontend-jc\node_modules\.pnpm\jest-circus@29.7.0\node_modules\jest-cir
cus\build\run.js:71:3)
          at runAndTransformResultsToJestFormat (C:\Users\Usuario\Documents\GitHub\INIA\inia-frontend-jc\node_modules\.pnpm\jest-circ
us@29.7.0\node_modules\jest-circus\build\legacy-code-todo-rewrite\jestAdapterInit.js:122:21)
          at jestAdapter (C:\Users\Usuario\Documents\GitHub\INIA\inia-frontend-jc\node_modules\.pnpm\jest-circus@29.7.0\node_modules\
jest-circus\build\legacy-code-todo-rewrite\jestAdapter.js:79:19)
          at runTestInternal (C:\Users\Usuario\Documents\GitHub\INIA\inia-frontend-jc\node_modules\.pnpm\jest-runner@29.7.0\node_modu
les\jest-runner\build\runTest.js:367:16)
          at runTest (C:\Users\Usuario\Documents\GitHub\INIA\inia-frontend-jc\node_modules\.pnpm\jest-runner@29.7.0\node_modules\jest
-runner\build\runTest.js:444:34)
          at Object.worker (C:\Users\Usuario\Documents\GitHub\INIA\inia-frontend-jc\node_modules\.pnpm\jest-runner@29.7.0\node_module
s\jest-runner\build\testWorker.js:106:12)

    [0m [90m 32 |[39m       setReporte(data)
     [90m 33 |[39m     } [36mcatch[39m (error) {
    [31m[1m>[22m[39m[90m 34 |[39m       console[33m.[39merror([32m"Error al cargar reporte:"[39m[33m,[39m error)
     [90m    |[39m               [31m[1m^[22m[39m
     [90m 35 |[39m     } [36mfinally[39m {
     [90m 36 |[39m       setIsLoading([36mfalse[39m)
     [90m 37 |[39m     }[0m

      at error (app/reportes/germinacion/page.tsx:34:15)

    console.log
      Respuesta del backend: {
        totalGerminaciones: 150,
        mediaGerminacionPorEspecie: { Trigo: 85.5, 'Ma├¡z': 92.3, Soja: 88.7 },
        tiempoPromedioPrimerConteo: { Trigo: 5.2, 'Ma├¡z': 4.8, Soja: 6.1 },
        tiempoPromedioUltimoConteo: { Trigo: 12.5, 'Ma├¡z': 10.3, Soja: 14.2 }
      }

      at log (app/reportes/germinacion/page.tsx:28:15)

    console.log
      mediaGerminacionPorEspecie: { Trigo: 85.5, 'Ma├¡z': 92.3, Soja: 88.7 }

      at log (app/reportes/germinacion/page.tsx:29:15)

    console.log
      tiempoPromedioPrimerConteo: { Trigo: 5.2, 'Ma├¡z': 4.8, Soja: 6.1 }

      at log (app/reportes/germinacion/page.tsx:30:15)

    console.log
      tiempoPromedioUltimoConteo: { Trigo: 12.5, 'Ma├¡z': 10.3, Soja: 14.2 }

      at log (app/reportes/germinacion/page.tsx:31:15)

    console.log
      Respuesta del backend: {
        totalGerminaciones: 150,
        mediaGerminacionPorEspecie: { Trigo: 85.5, 'Ma├¡z': 92.3, Soja: 88.7 },
        tiempoPromedioPrimerConteo: { Trigo: 5.2, 'Ma├¡z': 4.8, Soja: 6.1 },
        tiempoPromedioUltimoConteo: { Trigo: 12.5, 'Ma├¡z': 10.3, Soja: 14.2 }
      }

      at log (app/reportes/germinacion/page.tsx:28:15)

    console.log
      mediaGerminacionPorEspecie: { Trigo: 85.5, 'Ma├¡z': 92.3, Soja: 88.7 }

      at log (app/reportes/germinacion/page.tsx:29:15)

    console.log
      tiempoPromedioPrimerConteo: { Trigo: 5.2, 'Ma├¡z': 4.8, Soja: 6.1 }

      at log (app/reportes/germinacion/page.tsx:30:15)

    console.log
      tiempoPromedioUltimoConteo: { Trigo: 12.5, 'Ma├¡z': 10.3, Soja: 14.2 }

      at log (app/reportes/germinacion/page.tsx:31:15)

    console.log
      Respuesta del backend: {
        totalGerminaciones: 150,
        mediaGerminacionPorEspecie: { Trigo: 85.5, 'Ma├¡z': 92.3, Soja: 88.7 },
        tiempoPromedioPrimerConteo: { Trigo: 5.2, 'Ma├¡z': 4.8, Soja: 6.1 },
        tiempoPromedioUltimoConteo: { Trigo: 12.5, 'Ma├¡z': 10.3, Soja: 14.2 }
      }

      at log (app/reportes/germinacion/page.tsx:28:15)

    console.log
      mediaGerminacionPorEspecie: { Trigo: 85.5, 'Ma├¡z': 92.3, Soja: 88.7 }

      at log (app/reportes/germinacion/page.tsx:29:15)

    console.log
      tiempoPromedioPrimerConteo: { Trigo: 5.2, 'Ma├¡z': 4.8, Soja: 6.1 }

      at log (app/reportes/germinacion/page.tsx:30:15)

    console.log
      tiempoPromedioUltimoConteo: { Trigo: 12.5, 'Ma├¡z': 10.3, Soja: 14.2 }

      at log (app/reportes/germinacion/page.tsx:31:15)

    console.log
      Respuesta del backend: {
        totalGerminaciones: 150,
        mediaGerminacionPorEspecie: { Trigo: 'invalid' },
        tiempoPromedioPrimerConteo: { Trigo: 5.2, 'Ma├¡z': 4.8, Soja: 6.1 },
        tiempoPromedioUltimoConteo: { Trigo: 12.5, 'Ma├¡z': 10.3, Soja: 14.2 }
      }

      at log (app/reportes/germinacion/page.tsx:28:15)

    console.log
      mediaGerminacionPorEspecie: { Trigo: 'invalid' }

      at log (app/reportes/germinacion/page.tsx:29:15)

    console.log
      tiempoPromedioPrimerConteo: { Trigo: 5.2, 'Ma├¡z': 4.8, Soja: 6.1 }

      at log (app/reportes/germinacion/page.tsx:30:15)

    console.log
      tiempoPromedioUltimoConteo: { Trigo: 12.5, 'Ma├¡z': 10.3, Soja: 14.2 }

      at log (app/reportes/germinacion/page.tsx:31:15)

    console.log
      Respuesta del backend: {
        totalGerminaciones: 150,
        mediaGerminacionPorEspecie: { Trigo: 85.5, 'Ma├¡z': 92.3, Soja: 88.7 },
        tiempoPromedioPrimerConteo: { Trigo: 5.2, 'Ma├¡z': 4.8, Soja: 6.1 },
        tiempoPromedioUltimoConteo: { Trigo: 12.5, 'Ma├¡z': 10.3, Soja: 14.2 }
      }

      at log (app/reportes/germinacion/page.tsx:28:15)

    console.log
      mediaGerminacionPorEspecie: { Trigo: 85.5, 'Ma├¡z': 92.3, Soja: 88.7 }

      at log (app/reportes/germinacion/page.tsx:29:15)

    console.log
      tiempoPromedioPrimerConteo: { Trigo: 5.2, 'Ma├¡z': 4.8, Soja: 6.1 }

      at log (app/reportes/germinacion/page.tsx:30:15)

    console.log
      tiempoPromedioUltimoConteo: { Trigo: 12.5, 'Ma├¡z': 10.3, Soja: 14.2 }

      at log (app/reportes/germinacion/page.tsx:31:15)

    console.log
      Respuesta del backend: {
        totalGerminaciones: 150,
        mediaGerminacionPorEspecie: { Trigo: 85.5, 'Ma├¡z': 92.3, Soja: 88.7 },
        tiempoPromedioPrimerConteo: { Trigo: 5.2, 'Ma├¡z': 4.8, Soja: 6.1 },
        tiempoPromedioUltimoConteo: { Trigo: 12.5, 'Ma├¡z': 10.3, Soja: 14.2 }
      }

      at log (app/reportes/germinacion/page.tsx:28:15)

    console.log
      mediaGerminacionPorEspecie: { Trigo: 85.5, 'Ma├¡z': 92.3, Soja: 88.7 }

      at log (app/reportes/germinacion/page.tsx:29:15)

    console.log
      tiempoPromedioPrimerConteo: { Trigo: 5.2, 'Ma├¡z': 4.8, Soja: 6.1 }

      at log (app/reportes/germinacion/page.tsx:30:15)

    console.log
      tiempoPromedioUltimoConteo: { Trigo: 12.5, 'Ma├¡z': 10.3, Soja: 14.2 }

      at log (app/reportes/germinacion/page.tsx:31:15)

PASS __tests__/app/services/repeticiones-service.test.ts
PASS __tests__/components/germinacion/paso-configuracion.test.tsx (21.684 s)

Test Suites: 1 failed, 13 passed, 14 total
Tests:       5 failed, 415 passed, 420 total
Snapshots:   0 total
Time:        27.741 s
Ran all test suites.
npm verbose cwd C:\Users\Usuario\Documents\GitHub\INIA\inia-frontend-jc
npm verbose os Windows_NT 10.0.26100
npm verbose node v22.14.0
npm verbose npm  v10.9.2
npm verbose exit 1
npm verbose code 1
